Component: ARM Compiler 5.06 update 5 (build 528) Tool: armlink [4d35e2]

==============================================================================

Section Cross References

    startup_stm32f767xx.o(RESET) refers to startup_stm32f767xx.o(STACK) for __initial_sp
    startup_stm32f767xx.o(RESET) refers to startup_stm32f767xx.o(.text) for Reset_Handler
    startup_stm32f767xx.o(RESET) refers to stm32f7xx_it.o(i.NMI_Handler) for NMI_Handler
    startup_stm32f767xx.o(RESET) refers to stm32f7xx_it.o(i.HardFault_Handler) for HardFault_Handler
    startup_stm32f767xx.o(RESET) refers to stm32f7xx_it.o(i.MemManage_Handler) for MemManage_Handler
    startup_stm32f767xx.o(RESET) refers to stm32f7xx_it.o(i.BusFault_Handler) for BusFault_Handler
    startup_stm32f767xx.o(RESET) refers to stm32f7xx_it.o(i.UsageFault_Handler) for UsageFault_Handler
    startup_stm32f767xx.o(RESET) refers to stm32f7xx_it.o(i.SVC_Handler) for SVC_Handler
    startup_stm32f767xx.o(RESET) refers to stm32f7xx_it.o(i.DebugMon_Handler) for DebugMon_Handler
    startup_stm32f767xx.o(RESET) refers to stm32f7xx_it.o(i.PendSV_Handler) for PendSV_Handler
    startup_stm32f767xx.o(RESET) refers to stm32f7xx_it.o(i.SysTick_Handler) for SysTick_Handler
    startup_stm32f767xx.o(RESET) refers to stm32f7xx_it.o(i.DMA1_Stream3_IRQHandler) for DMA1_Stream3_IRQHandler
    startup_stm32f767xx.o(RESET) refers to stm32f7xx_it.o(i.CAN1_TX_IRQHandler) for CAN1_TX_IRQHandler
    startup_stm32f767xx.o(RESET) refers to stm32f7xx_it.o(i.CAN1_RX0_IRQHandler) for CAN1_RX0_IRQHandler
    startup_stm32f767xx.o(RESET) refers to stm32f7xx_it.o(i.CAN1_RX1_IRQHandler) for CAN1_RX1_IRQHandler
    startup_stm32f767xx.o(RESET) refers to stm32f7xx_it.o(i.TIM2_IRQHandler) for TIM2_IRQHandler
    startup_stm32f767xx.o(RESET) refers to stm32f7xx_it.o(i.USART3_IRQHandler) for USART3_IRQHandler
    startup_stm32f767xx.o(.text) refers to system_stm32f7xx.o(i.SystemInit) for SystemInit
    startup_stm32f767xx.o(.text) refers to entry.o(.ARM.Collect$$$$00000000) for __main
    main.o(i.HAL_TIM_PeriodElapsedCallback) refers to can.o(i.CAN1_Send_Nucleo_F7_Packet) for CAN1_Send_Nucleo_F7_Packet
    main.o(i.HAL_TIM_PeriodElapsedCallback) refers to tim.o(.bss) for htim2
    main.o(i.HAL_TIM_PeriodElapsedCallback) refers to main.o(.data) for .data
    main.o(i.SystemClock_Config) refers to memseta.o(.text) for __aeabi_memclr4
    main.o(i.SystemClock_Config) refers to stm32f7xx_hal_rcc.o(i.HAL_RCC_OscConfig) for HAL_RCC_OscConfig
    main.o(i.SystemClock_Config) refers to stm32f7xx_hal_pwr_ex.o(i.HAL_PWREx_EnableOverDrive) for HAL_PWREx_EnableOverDrive
    main.o(i.SystemClock_Config) refers to stm32f7xx_hal_rcc.o(i.HAL_RCC_ClockConfig) for HAL_RCC_ClockConfig
    main.o(i.SystemClock_Config) refers to stm32f7xx_hal_rcc_ex.o(i.HAL_RCCEx_PeriphCLKConfig) for HAL_RCCEx_PeriphCLKConfig
    main.o(i.main) refers to stm32f7xx_hal.o(i.HAL_Init) for HAL_Init
    main.o(i.main) refers to main.o(i.SystemClock_Config) for SystemClock_Config
    main.o(i.main) refers to gpio.o(i.MX_GPIO_Init) for MX_GPIO_Init
    main.o(i.main) refers to dma.o(i.MX_DMA_Init) for MX_DMA_Init
    main.o(i.main) refers to usart.o(i.MX_USART3_UART_Init) for MX_USART3_UART_Init
    main.o(i.main) refers to tim.o(i.MX_TIM2_Init) for MX_TIM2_Init
    main.o(i.main) refers to gfxsimulator.o(i.MX_GFXSIMULATOR_Init) for MX_GFXSIMULATOR_Init
    main.o(i.main) refers to tim.o(i.MX_TIM4_Init) for MX_TIM4_Init
    main.o(i.main) refers to can.o(i.MX_CAN1_Init) for MX_CAN1_Init
    main.o(i.main) refers to stm32f7xx_hal_tim.o(i.HAL_TIM_Base_Start_IT) for HAL_TIM_Base_Start_IT
    main.o(i.main) refers to can.o(i.CAN1_Start) for CAN1_Start
    main.o(i.main) refers to stm32f7xx_hal.o(i.HAL_Delay) for HAL_Delay
    main.o(i.main) refers to tim.o(.bss) for htim2
    gpio.o(i.MX_GPIO_Init) refers to memseta.o(.text) for __aeabi_memclr4
    gpio.o(i.MX_GPIO_Init) refers to stm32f7xx_hal_gpio.o(i.HAL_GPIO_WritePin) for HAL_GPIO_WritePin
    gpio.o(i.MX_GPIO_Init) refers to stm32f7xx_hal_gpio.o(i.HAL_GPIO_Init) for HAL_GPIO_Init
    can.o(i.CAN1_Filter_Setup) refers to stm32f7xx_hal_can.o(i.HAL_CAN_ConfigFilter) for HAL_CAN_ConfigFilter
    can.o(i.CAN1_Filter_Setup) refers to can.o(.bss) for .bss
    can.o(i.CAN1_Send_Nucleo_F7_Packet) refers to stm32f7xx_hal_gpio.o(i.HAL_GPIO_TogglePin) for HAL_GPIO_TogglePin
    can.o(i.CAN1_Send_Nucleo_F7_Packet) refers to stm32f7xx_hal_can.o(i.HAL_CAN_AddTxMessage) for HAL_CAN_AddTxMessage
    can.o(i.CAN1_Send_Nucleo_F7_Packet) refers to can.o(.bss) for .bss
    can.o(i.CAN1_Send_Nucleo_F7_Packet) refers to can.o(.data) for .data
    can.o(i.CAN1_Start) refers to can.o(i.CAN1_Filter_Setup) for CAN1_Filter_Setup
    can.o(i.CAN1_Start) refers to stm32f7xx_hal_can.o(i.HAL_CAN_ActivateNotification) for HAL_CAN_ActivateNotification
    can.o(i.CAN1_Start) refers to stm32f7xx_hal_can.o(i.HAL_CAN_Start) for HAL_CAN_Start
    can.o(i.CAN1_Start) refers to can.o(.bss) for .bss
[...]
    Removing stm32f7xx_hal_rcc.o(i.HAL_RCC_MCOConfig), (148 bytes).
    Removing stm32f7xx_hal_rcc.o(i.HAL_RCC_NMI_IRQHandler), (28 bytes).
    Removing stm32f7xx_hal_rcc_ex.o(.rev16_text), (4 bytes).
    Removing stm32f7xx_hal_rcc_ex.o(.revsh_text), (4 bytes).
    Removing stm32f7xx_hal_rcc_ex.o(.rrx_text), (6 bytes).
    Removing stm32f7xx_hal_rcc_ex.o(i.HAL_RCCEx_DisablePLLI2S), (48 bytes).
    Removing stm32f7xx_hal_rcc_ex.o(i.HAL_RCCEx_DisablePLLSAI), (52 bytes).
    Removing stm32f7xx_hal_rcc_ex.o(i.HAL_RCCEx_EnablePLLI2S), (112 bytes).
    Removing stm32f7xx_hal_rcc_ex.o(i.HAL_RCCEx_EnablePLLSAI), (120 bytes).
    Removing stm32f7xx_hal_rcc_ex.o(i.HAL_RCCEx_GetPeriphCLKConfig), (336 bytes).
    Removing stm32f7xx_hal_rcc_ex.o(i.HAL_RCCEx_GetPeriphCLKFreq), (272 bytes).
    Removing stm32f7xx_hal_flash.o(.rev16_text), (4 bytes).
    Removing stm32f7xx_hal_flash.o(.revsh_text), (4 bytes).
    Removing stm32f7xx_hal_flash.o(.rrx_text), (6 bytes).
    Removing stm32f7xx_hal_flash.o(i.FLASH_Program_Byte), (36 bytes).
    Removing stm32f7xx_hal_flash.o(i.FLASH_Program_DoubleWord), (44 bytes).
    Removing stm32f7xx_hal_flash.o(i.FLASH_Program_HalfWord), (40 bytes).
    Removing stm32f7xx_hal_flash.o(i.FLASH_Program_Word), (40 bytes).
    Removing stm32f7xx_hal_flash.o(i.FLASH_SetErrorCode), (88 bytes).
    Removing stm32f7xx_hal_flash.o(i.FLASH_WaitForLastOperation), (84 bytes).
    Removing stm32f7xx_hal_flash.o(i.HAL_FLASH_EndOfOperationCallback), (2 bytes).
    Removing stm32f7xx_hal_flash.o(i.HAL_FLASH_GetError), (12 bytes).
    Removing stm32f7xx_hal_flash.o(i.HAL_FLASH_IRQHandler), (248 bytes).
    Removing stm32f7xx_hal_flash.o(i.HAL_FLASH_Lock), (20 bytes).
    Removing stm32f7xx_hal_flash.o(i.HAL_FLASH_OB_Launch), (24 bytes).
    Removing stm32f7xx_hal_flash.o(i.HAL_FLASH_OB_Lock), (20 bytes).
    Removing stm32f7xx_hal_flash.o(i.HAL_FLASH_OB_Unlock), (40 bytes).
    Removing stm32f7xx_hal_flash.o(i.HAL_FLASH_OperationErrorCallback), (2 bytes).
    Removing stm32f7xx_hal_flash.o(i.HAL_FLASH_Program), (132 bytes).
    Removing stm32f7xx_hal_flash.o(i.HAL_FLASH_Program_IT), (132 bytes).
    Removing stm32f7xx_hal_flash.o(i.HAL_FLASH_Unlock), (48 bytes).
    Removing stm32f7xx_hal_flash.o(.bss), (28 bytes).
    Removing stm32f7xx_hal_flash_ex.o(.rev16_text), (4 bytes).
    Removing stm32f7xx_hal_flash_ex.o(.revsh_text), (4 bytes).
    Removing stm32f7xx_hal_flash_ex.o(.rrx_text), (6 bytes).
    Removing stm32f7xx_hal_flash_ex.o(i.FLASH_Erase_Sector), (92 bytes).
    Removing stm32f7xx_hal_flash_ex.o(i.FLASH_MassErase), (68 bytes).
    Removing stm32f7xx_hal_flash_ex.o(i.FLASH_OB_BootAddressConfig), (48 bytes).
    Removing stm32f7xx_hal_flash_ex.o(i.FLASH_OB_GetBootAddress), (20 bytes).
    Removing stm32f7xx_hal_flash_ex.o(i.HAL_FLASHEx_Erase), (144 bytes).
    Removing stm32f7xx_hal_flash_ex.o(i.HAL_FLASHEx_Erase_IT), (104 bytes).
    Removing stm32f7xx_hal_flash_ex.o(i.HAL_FLASHEx_OBGetConfig), (84 bytes).
    Removing stm32f7xx_hal_flash_ex.o(i.HAL_FLASHEx_OBProgram), (256 bytes).
    Removing stm32f7xx_hal_gpio.o(.rev16_text), (4 bytes).
    Removing stm32f7xx_hal_gpio.o(.revsh_text), (4 bytes).
    Removing stm32f7xx_hal_gpio.o(.rrx_text), (6 bytes).
    Removing stm32f7xx_hal_gpio.o(i.HAL_GPIO_DeInit), (388 bytes).
    Removing stm32f7xx_hal_gpio.o(i.HAL_GPIO_EXTI_Callback), (2 bytes).
    Removing stm32f7xx_hal_gpio.o(i.HAL_GPIO_EXTI_IRQHandler), (24 bytes).
    Removing stm32f7xx_hal_gpio.o(i.HAL_GPIO_LockPin), (34 bytes).
    Removing stm32f7xx_hal_gpio.o(i.HAL_GPIO_ReadPin), (10 bytes).
    Removing stm32f7xx_hal_dma.o(.rev16_text), (4 bytes).
    Removing stm32f7xx_hal_dma.o(.revsh_text), (4 bytes).
    Removing stm32f7xx_hal_dma.o(.rrx_text), (6 bytes).
    Removing stm32f7xx_hal_dma.o(i.DMA_SetConfig), (40 bytes).
    Removing stm32f7xx_hal_dma.o(i.HAL_DMA_Abort), (146 bytes).
    Removing stm32f7xx_hal_dma.o(i.HAL_DMA_DeInit), (98 bytes).
    Removing stm32f7xx_hal_dma.o(i.HAL_DMA_GetError), (4 bytes).
    Removing stm32f7xx_hal_dma.o(i.HAL_DMA_GetState), (6 bytes).
    Removing stm32f7xx_hal_dma.o(i.HAL_DMA_PollForTransfer), (292 bytes).
    Removing stm32f7xx_hal_dma.o(i.HAL_DMA_RegisterCallback), (80 bytes).
    Removing stm32f7xx_hal_dma.o(i.HAL_DMA_Start), (74 bytes).
    Removing stm32f7xx_hal_dma.o(i.HAL_DMA_Start_IT), (122 bytes).
    Removing stm32f7xx_hal_dma.o(i.HAL_DMA_UnRegisterCallback), (96 bytes).
    Removing stm32f7xx_hal_dma_ex.o(.rev16_text), (4 bytes).
    Removing stm32f7xx_hal_dma_ex.o(.revsh_text), (4 bytes).
    Removing stm32f7xx_hal_dma_ex.o(.rrx_text), (6 bytes).
    Removing stm32f7xx_hal_dma_ex.o(i.DMA_MultiBufferSetConfig), (30 bytes).
    Removing stm32f7xx_hal_dma_ex.o(i.HAL_DMAEx_ChangeMemory), (14 bytes).
    Removing stm32f7xx_hal_dma_ex.o(i.HAL_DMAEx_MultiBufferStart), (100 bytes).
    Removing stm32f7xx_hal_dma_ex.o(i.HAL_DMAEx_MultiBufferStart_IT), (2428 bytes).
    Removing stm32f7xx_hal_pwr.o(.rev16_text), (4 bytes).
    Removing stm32f7xx_hal_pwr.o(.revsh_text), (4 bytes).
    Removing stm32f7xx_hal_pwr.o(.rrx_text), (6 bytes).
    Removing stm32f7xx_hal_pwr.o(i.HAL_PWR_ConfigPVD), (124 bytes).
    Removing stm32f7xx_hal_pwr.o(i.HAL_PWR_DeInit), (24 bytes).
    Removing stm32f7xx_hal_pwr.o(i.HAL_PWR_DisableBkUpAccess), (16 bytes).
    Removing stm32f7xx_hal_pwr.o(i.HAL_PWR_DisablePVD), (16 bytes).
    Removing stm32f7xx_hal_pwr.o(i.HAL_PWR_DisableSEVOnPend), (16 bytes).
    Removing stm32f7xx_hal_pwr.o(i.HAL_PWR_DisableSleepOnExit), (16 bytes).
    Removing stm32f7xx_hal_pwr.o(i.HAL_PWR_DisableWakeUpPin), (16 bytes).
    Removing stm32f7xx_hal_pwr.o(i.HAL_PWR_EnableBkUpAccess), (16 bytes).
    Removing stm32f7xx_hal_pwr.o(i.HAL_PWR_EnablePVD), (16 bytes).
    Removing stm32f7xx_hal_pwr.o(i.HAL_PWR_EnableSEVOnPend), (16 bytes).
    Removing stm32f7xx_hal_pwr.o(i.HAL_PWR_EnableSleepOnExit), (16 bytes).
    Removing stm32f7xx_hal_pwr.o(i.HAL_PWR_EnableWakeUpPin), (28 bytes).
    Removing stm32f7xx_hal_pwr.o(i.HAL_PWR_EnterSLEEPMode), (40 bytes).
    Removing stm32f7xx_hal_pwr.o(i.HAL_PWR_EnterSTANDBYMode), (32 bytes).
    Removing stm32f7xx_hal_pwr.o(i.HAL_PWR_EnterSTOPMode), (64 bytes).
    Removing stm32f7xx_hal_pwr.o(i.HAL_PWR_PVDCallback), (2 bytes).
    Removing stm32f7xx_hal_pwr.o(i.HAL_PWR_PVD_IRQHandler), (28 bytes).
    Removing stm32f7xx_hal_pwr_ex.o(.rev16_text), (4 bytes).
    Removing stm32f7xx_hal_pwr_ex.o(.revsh_text), (4 bytes).
    Removing stm32f7xx_hal_pwr_ex.o(.rrx_text), (6 bytes).
    Removing stm32f7xx_hal_pwr_ex.o(i.HAL_PWREx_ControlVoltageScaling), (176 bytes).
    Removing stm32f7xx_hal_pwr_ex.o(i.HAL_PWREx_DisableBkUpReg), (64 bytes).
    Removing stm32f7xx_hal_pwr_ex.o(i.HAL_PWREx_DisableFlashPowerDown), (16 bytes).
    Removing stm32f7xx_hal_pwr_ex.o(i.HAL_PWREx_DisableLowRegulatorLowVoltage), (16 bytes).
    Removing stm32f7xx_hal_pwr_ex.o(i.HAL_PWREx_DisableMainRegulatorLowVoltage), (16 bytes).
    Removing stm32f7xx_hal_pwr_ex.o(i.HAL_PWREx_DisableOverDrive), (108 bytes).
    Removing stm32f7xx_hal_pwr_ex.o(i.HAL_PWREx_EnableBkUpReg), (64 bytes).
    Removing stm32f7xx_hal_pwr_ex.o(i.HAL_PWREx_EnableFlashPowerDown), (16 bytes).
    Removing stm32f7xx_hal_pwr_ex.o(i.HAL_PWREx_EnableLowRegulatorLowVoltage), (16 bytes).
    Removing stm32f7xx_hal_pwr_ex.o(i.HAL_PWREx_EnableMainRegulatorLowVoltage), (16 bytes).
    Removing stm32f7xx_hal_pwr_ex.o(i.HAL_PWREx_EnterUnderDriveSTOPMode), (144 bytes).
    Removing stm32f7xx_hal_pwr_ex.o(i.HAL_PWREx_GetVoltageRange), (16 bytes).
    Removing stm32f7xx_hal.o(.rev16_text), (4 bytes).
    Removing stm32f7xx_hal.o(.revsh_text), (4 bytes).
    Removing stm32f7xx_hal.o(.rrx_text), (6 bytes).
    Removing stm32f7xx_hal.o(i.HAL_DBGMCU_DisableDBGSleepMode), (16 bytes).
    Removing stm32f7xx_hal.o(i.HAL_DBGMCU_DisableDBGStandbyMode), (16 bytes).
    Removing stm32f7xx_hal.o(i.HAL_DBGMCU_DisableDBGStopMode), (16 bytes).
    Removing stm32f7xx_hal.o(i.HAL_DBGMCU_EnableDBGSleepMode), (16 bytes).
    Removing stm32f7xx_hal.o(i.HAL_DBGMCU_EnableDBGStandbyMode), (16 bytes).
    Removing stm32f7xx_hal.o(i.HAL_DBGMCU_EnableDBGStopMode), (16 bytes).
    Removing stm32f7xx_hal.o(i.HAL_DeInit), (52 bytes).
    Removing stm32f7xx_hal.o(i.HAL_DisableCompensationCell), (16 bytes).
    Removing stm32f7xx_hal.o(i.HAL_DisableFMCMemorySwapping), (16 bytes).
    Removing stm32f7xx_hal.o(i.HAL_DisableMemorySwappingBank), (16 bytes).
    Removing stm32f7xx_hal.o(i.HAL_EnableCompensationCell), (16 bytes).
    Removing stm32f7xx_hal.o(i.HAL_EnableFMCMemorySwapping), (16 bytes).
    Removing stm32f7xx_hal.o(i.HAL_EnableMemorySwappingBank), (16 bytes).
    Removing stm32f7xx_hal.o(i.HAL_GetDEVID), (16 bytes).
    Removing stm32f7xx_hal.o(i.HAL_GetHalVersion), (8 bytes).
    Removing stm32f7xx_hal.o(i.HAL_GetREVID), (12 bytes).
    Removing stm32f7xx_hal.o(i.HAL_GetTickFreq), (12 bytes).
    Removing stm32f7xx_hal.o(i.HAL_GetTickPrio), (12 bytes).
    Removing stm32f7xx_hal.o(i.HAL_GetUIDw0), (12 bytes).
    Removing stm32f7xx_hal.o(i.HAL_GetUIDw1), (12 bytes).
    Removing stm32f7xx_hal.o(i.HAL_GetUIDw2), (12 bytes).
    Removing stm32f7xx_hal.o(i.HAL_MspDeInit), (2 bytes).
    Removing stm32f7xx_hal.o(i.HAL_MspInit), (2 bytes).
    Removing stm32f7xx_hal.o(i.HAL_ResumeTick), (14 bytes).
    Removing stm32f7xx_hal.o(i.HAL_SetTickFreq), (32 bytes).
    Removing stm32f7xx_hal.o(i.HAL_SuspendTick), (14 bytes).
    Removing stm32f7xx_hal_i2c.o(.rev16_text), (4 bytes).
    Removing stm32f7xx_hal_i2c.o(.revsh_text), (4 bytes).
    Removing stm32f7xx_hal_i2c.o(.rrx_text), (6 bytes).
    Removing stm32f7xx_hal_i2c.o(i.HAL_I2C_AbortCpltCallback), (2 bytes).
    Removing stm32f7xx_hal_i2c.o(i.HAL_I2C_AddrCallback), (2 bytes).
    Removing stm32f7xx_hal_i2c.o(i.HAL_I2C_DeInit), (52 bytes).
    Removing stm32f7xx_hal_i2c.o(i.HAL_I2C_DisableListen_IT), (54 bytes).
    Removing stm32f7xx_hal_i2c.o(i.HAL_I2C_ER_IRQHandler), (104 bytes).
    Removing stm32f7xx_hal_i2c.o(i.HAL_I2C_EV_IRQHandler), (16 bytes).
    Removing stm32f7xx_hal_i2c.o(i.HAL_I2C_EnableListen_IT), (40 bytes).
    Removing stm32f7xx_hal_i2c.o(i.HAL_I2C_ErrorCallback), (2 bytes).
    Removing stm32f7xx_hal_i2c.o(i.HAL_I2C_GetError), (4 bytes).
    Removing stm32f7xx_hal_i2c.o(i.HAL_I2C_GetMode), (6 bytes).
    Removing stm32f7xx_hal_i2c.o(i.HAL_I2C_GetState), (6 bytes).
    Removing stm32f7xx_hal_i2c.o(i.HAL_I2C_Init), (184 bytes).
    Removing stm32f7xx_hal_i2c.o(i.HAL_I2C_IsDeviceReady), (304 bytes).
    Removing stm32f7xx_hal_i2c.o(i.HAL_I2C_ListenCpltCallback), (2 bytes).
    Removing stm32f7xx_hal_i2c.o(i.HAL_I2C_MasterRxCpltCallback), (2 bytes).
    Removing stm32f7xx_hal_i2c.o(i.HAL_I2C_MasterTxCpltCallback), (2 bytes).
    Removing stm32f7xx_hal_i2c.o(i.HAL_I2C_Master_Abort_IT), (96 bytes).
    Removing stm32f7xx_hal_i2c.o(i.HAL_I2C_Master_Receive), (292 bytes).
    Removing stm32f7xx_hal_i2c.o(i.HAL_I2C_Master_Receive_DMA), (300 bytes).
    Removing stm32f7xx_hal_i2c.o(i.HAL_I2C_Master_Receive_IT), (132 bytes).
    Removing stm32f7xx_hal_i2c.o(i.HAL_I2C_Master_Seq_Receive_DMA), (324 bytes).
    Removing stm32f7xx_hal_i2c.o(i.HAL_I2C_Master_Seq_Receive_IT), (160 bytes).
    Removing stm32f7xx_hal_i2c.o(i.HAL_I2C_Master_Seq_Transmit_DMA), (324 bytes).
    Removing stm32f7xx_hal_i2c.o(i.HAL_I2C_Master_Seq_Transmit_IT), (160 bytes).
    Removing stm32f7xx_hal_i2c.o(i.HAL_I2C_Master_Transmit), (292 bytes).
    Removing stm32f7xx_hal_i2c.o(i.HAL_I2C_Master_Transmit_DMA), (308 bytes).
    Removing stm32f7xx_hal_i2c.o(i.HAL_I2C_Master_Transmit_IT), (132 bytes).
    Removing stm32f7xx_hal_i2c.o(i.HAL_I2C_MemRxCpltCallback), (2 bytes).
    Removing stm32f7xx_hal_i2c.o(i.HAL_I2C_MemTxCpltCallback), (2 bytes).
    Removing stm32f7xx_hal_i2c.o(i.HAL_I2C_Mem_Read), (356 bytes).
    Removing stm32f7xx_hal_i2c.o(i.HAL_I2C_Mem_Read_DMA), (304 bytes).
    Removing stm32f7xx_hal_i2c.o(i.HAL_I2C_Mem_Read_IT), (196 bytes).
    Removing stm32f7xx_hal_i2c.o(i.HAL_I2C_Mem_Write), (344 bytes).
    Removing stm32f7xx_hal_i2c.o(i.HAL_I2C_Mem_Write_DMA), (296 bytes).
    Removing stm32f7xx_hal_i2c.o(i.HAL_I2C_Mem_Write_IT), (188 bytes).
    Removing stm32f7xx_hal_i2c.o(i.HAL_I2C_MspDeInit), (2 bytes).
    Removing stm32f7xx_hal_i2c.o(i.HAL_I2C_MspInit), (2 bytes).
    Removing stm32f7xx_hal_i2c.o(i.HAL_I2C_SlaveRxCpltCallback), (2 bytes).
    Removing stm32f7xx_hal_i2c.o(i.HAL_I2C_SlaveTxCpltCallback), (2 bytes).
    Removing stm32f7xx_hal_i2c.o(i.HAL_I2C_Slave_Receive), (296 bytes).
    Removing stm32f7xx_hal_i2c.o(i.HAL_I2C_Slave_Receive_DMA), (228 bytes).
    Removing stm32f7xx_hal_i2c.o(i.HAL_I2C_Slave_Receive_IT), (92 bytes).
    Removing stm32f7xx_hal_i2c.o(i.HAL_I2C_Slave_Seq_Receive_DMA), (356 bytes).
    Removing stm32f7xx_hal_i2c.o(i.HAL_I2C_Slave_Seq_Receive_IT), (196 bytes).
    Removing stm32f7xx_hal_i2c.o(i.HAL_I2C_Slave_Seq_Transmit_DMA), (356 bytes).
    Removing stm32f7xx_hal_i2c.o(i.HAL_I2C_Slave_Seq_Transmit_IT), (196 bytes).
    Removing stm32f7xx_hal_i2c.o(i.HAL_I2C_Slave_Transmit), (304 bytes).
    Removing stm32f7xx_hal_i2c.o(i.HAL_I2C_Slave_Transmit_DMA), (220 bytes).
    Removing stm32f7xx_hal_i2c.o(i.HAL_I2C_Slave_Transmit_IT), (92 bytes).
    Removing stm32f7xx_hal_i2c.o(i.I2C_ConvertOtherXferOptions), (26 bytes).
    Removing stm32f7xx_hal_i2c.o(i.I2C_DMAAbort), (40 bytes).
    Removing stm32f7xx_hal_i2c.o(i.I2C_DMAError), (66 bytes).
    Removing stm32f7xx_hal_i2c.o(i.I2C_DMAMasterReceiveCplt), (78 bytes).
    Removing stm32f7xx_hal_i2c.o(i.I2C_DMAMasterTransmitCplt), (78 bytes).
    Removing stm32f7xx_hal_i2c.o(i.I2C_DMASlaveReceiveCplt), (36 bytes).
    Removing stm32f7xx_hal_i2c.o(i.I2C_DMASlaveTransmitCplt), (30 bytes).
    Removing stm32f7xx_hal_i2c.o(i.I2C_Disable_IRQ), (86 bytes).
    Removing stm32f7xx_hal_i2c.o(i.I2C_Enable_IRQ), (92 bytes).
    Removing stm32f7xx_hal_i2c.o(i.I2C_Flush_TXDR), (34 bytes).
    Removing stm32f7xx_hal_i2c.o(i.I2C_ITAddrCplt), (136 bytes).
    Removing stm32f7xx_hal_i2c.o(i.I2C_ITError), (224 bytes).
    Removing stm32f7xx_hal_i2c.o(i.I2C_ITListenCplt), (100 bytes).
    Removing stm32f7xx_hal_i2c.o(i.I2C_ITMasterCplt), (188 bytes).
    Removing stm32f7xx_hal_i2c.o(i.I2C_ITMasterSeqCplt), (80 bytes).
    Removing stm32f7xx_hal_i2c.o(i.I2C_ITSlaveCplt), (240 bytes).
    Removing stm32f7xx_hal_i2c.o(i.I2C_ITSlaveSeqCplt), (84 bytes).
    Removing stm32f7xx_hal_i2c.o(i.I2C_IsAcknowledgeFailed), (136 bytes).
    Removing stm32f7xx_hal_i2c.o(i.I2C_Master_ISR_DMA), (272 bytes).
    Removing stm32f7xx_hal_i2c.o(i.I2C_Master_ISR_IT), (296 bytes).
    Removing stm32f7xx_hal_i2c.o(i.I2C_RequestMemoryRead), (100 bytes).
    Removing stm32f7xx_hal_i2c.o(i.I2C_RequestMemoryWrite), (100 bytes).
    Removing stm32f7xx_hal_i2c.o(i.I2C_Slave_ISR_DMA), (222 bytes).
    Removing stm32f7xx_hal_i2c.o(i.I2C_Slave_ISR_IT), (292 bytes).
    Removing stm32f7xx_hal_i2c.o(i.I2C_TransferConfig), (44 bytes).
    Removing stm32f7xx_hal_i2c.o(i.I2C_WaitOnFlagUntilTimeout), (90 bytes).
    Removing stm32f7xx_hal_i2c.o(i.I2C_WaitOnRXNEFlagUntilTimeout), (136 bytes).
    Removing stm32f7xx_hal_i2c.o(i.I2C_WaitOnSTOPFlagUntilTimeout), (78 bytes).
    Removing stm32f7xx_hal_i2c.o(i.I2C_WaitOnTXISFlagUntilTimeout), (82 bytes).
    Removing stm32f7xx_hal_i2c_ex.o(.rev16_text), (4 bytes).
    Removing stm32f7xx_hal_i2c_ex.o(.revsh_text), (4 bytes).
    Removing stm32f7xx_hal_i2c_ex.o(.rrx_text), (6 bytes).
    Removing stm32f7xx_hal_i2c_ex.o(i.HAL_I2CEx_ConfigAnalogFilter), (88 bytes).
    Removing stm32f7xx_hal_i2c_ex.o(i.HAL_I2CEx_ConfigDigitalFilter), (84 bytes).
    Removing stm32f7xx_hal_i2c_ex.o(i.HAL_I2CEx_DisableFastModePlus), (40 bytes).
    Removing stm32f7xx_hal_i2c_ex.o(i.HAL_I2CEx_EnableFastModePlus), (40 bytes).
    Removing stm32f7xx_hal_exti.o(.rev16_text), (4 bytes).
    Removing stm32f7xx_hal_exti.o(.revsh_text), (4 bytes).
    Removing stm32f7xx_hal_exti.o(.rrx_text), (6 bytes).
    Removing stm32f7xx_hal_exti.o(i.HAL_EXTI_ClearConfigLine), (56 bytes).
    Removing stm32f7xx_hal_exti.o(i.HAL_EXTI_ClearPending), (12 bytes).
    Removing stm32f7xx_hal_exti.o(i.HAL_EXTI_GenerateSWI), (12 bytes).
    Removing stm32f7xx_hal_exti.o(i.HAL_EXTI_GetConfigLine), (104 bytes).
    Removing stm32f7xx_hal_exti.o(i.HAL_EXTI_GetHandle), (12 bytes).
    Removing stm32f7xx_hal_exti.o(i.HAL_EXTI_GetPending), (24 bytes).
    Removing stm32f7xx_hal_exti.o(i.HAL_EXTI_IRQHandler), (28 bytes).
    Removing stm32f7xx_hal_exti.o(i.HAL_EXTI_RegisterCallback), (16 bytes).
    Removing stm32f7xx_hal_exti.o(i.HAL_EXTI_SetConfigLine), (108 bytes).
    Removing system_stm32f7xx.o(.rev16_text), (4 bytes).
    Removing system_stm32f7xx.o(.revsh_text), (4 bytes).
    Removing system_stm32f7xx.o(.rrx_text), (6 bytes).
    Removing system_stm32f7xx.o(i.SystemCoreClockUpdate), (128 bytes).

506 unused section(s) (total 36842 bytes) removed from the image.

==============================================================================

Image Symbol Table

    Local Symbols

    Symbol Name                              Value     Ov Type        Size  Object(Section)

    ../Drivers/STM32F7xx_HAL_Driver/Src/stm32f7xx_hal.c 0x00000000   Number         0  stm32f7xx_hal.o ABSOLUTE
    ../Drivers/STM32F7xx_HAL_Driver/Src/stm32f7xx_hal_can.c 0x00000000   Number         0  stm32f7xx_hal_can.o ABSOLUTE
    ../Drivers/STM32F7xx_HAL_Driver/Src/stm32f7xx_hal_cortex.c 0x00000000   Number         0  stm32f7xx_hal_cortex.o ABSOLUTE
    ../Drivers/STM32F7xx_HAL_Driver/Src/stm32f7xx_hal_dma.c 0x00000000   Number         0  stm32f7xx_hal_dma.o ABSOLUTE
    ../Drivers/STM32F7xx_HAL_Driver/Src/stm32f7xx_hal_dma_ex.c 0x00000000   Number         0  stm32f7xx_hal_dma_ex.o ABSOLUTE
    ../Drivers/STM32F7xx_HAL_Driver/Src/stm32f7xx_hal_exti.c 0x00000000   Number         0  stm32f7xx_hal_exti.o ABSOLUTE
    ../Drivers/STM32F7xx_HAL_Driver/Src/stm32f7xx_hal_flash.c 0x00000000   Number         0  stm32f7xx_hal_flash.o ABSOLUTE
    ../Drivers/STM32F7xx_HAL_Driver/Src/stm32f7xx_hal_flash_ex.c 0x00000000   Number         0  stm32f7xx_hal_flash_ex.o ABSOLUTE
    ../Drivers/STM32F7xx_HAL_Driver/Src/stm32f7xx_hal_gpio.c 0x00000000   Number         0  stm32f7xx_hal_gpio.o ABSOLUTE
    ../Drivers/STM32F7xx_HAL_Driver/Src/stm32f7xx_hal_i2c.c 0x00000000   Number         0  stm32f7xx_hal_i2c.o ABSOLUTE
    ../Drivers/STM32F7xx_HAL_Driver/Src/stm32f7xx_hal_i2c_ex.c 0x00000000   Number         0  stm32f7xx_hal_i2c_ex.o ABSOLUTE
    ../Drivers/STM32F7xx_HAL_Driver/Src/stm32f7xx_hal_pwr.c 0x00000000   Number         0  stm32f7xx_hal_pwr.o ABSOLUTE
    ../Drivers/STM32F7xx_HAL_Driver/Src/stm32f7xx_hal_pwr_ex.c 0x00000000   Number         0  stm32f7xx_hal_pwr_ex.o ABSOLUTE
    ../Drivers/STM32F7xx_HAL_Driver/Src/stm32f7xx_hal_rcc.c 0x00000000   Number         0  stm32f7xx_hal_rcc.o ABSOLUTE
    ../Drivers/STM32F7xx_HAL_Driver/Src/stm32f7xx_hal_rcc_ex.c 0x00000000   Number         0  stm32f7xx_hal_rcc_ex.o ABSOLUTE
    ../Drivers/STM32F7xx_HAL_Driver/Src/stm32f7xx_hal_tim.c 0x00000000   Number         0  stm32f7xx_hal_tim.o ABSOLUTE
    ../Drivers/STM32F7xx_HAL_Driver/Src/stm32f7xx_hal_tim_ex.c 0x00000000   Number         0  stm32f7xx_hal_tim_ex.o ABSOLUTE
    ../Drivers/STM32F7xx_HAL_Driver/Src/stm32f7xx_hal_uart.c 0x00000000   Number         0  stm32f7xx_hal_uart.o ABSOLUTE
    ../Src/can.c                             0x00000000   Number         0  can.o ABSOLUTE
    ../Src/dma.c                             0x00000000   Number         0  dma.o ABSOLUTE
    ../Src/gfxsimulator.c                    0x00000000   Number         0  gfxsimulator.o ABSOLUTE
    ../Src/gpio.c                            0x00000000   Number         0  gpio.o ABSOLUTE
    ../Src/main.c                            0x00000000   Number         0  main.o ABSOLUTE
    ../Src/stm32f7xx_hal_msp.c               0x00000000   Number         0  stm32f7xx_hal_msp.o ABSOLUTE
    ../Src/stm32f7xx_it.c                    0x00000000   Number         0  stm32f7xx_it.o ABSOLUTE
    ../Src/system_stm32f7xx.c                0x00000000   Number         0  system_stm32f7xx.o ABSOLUTE
    ../Src/tim.c                             0x00000000   Number         0  tim.o ABSOLUTE
    ../Src/usart.c                           0x00000000   Number         0  usart.o ABSOLUTE
    ../clib/microlib/division.c              0x00000000   Number         0  uldiv.o ABSOLUTE
    ../clib/microlib/init/entry.s            0x00000000   Number         0  entry7a.o ABSOLUTE
    ../clib/microlib/init/entry.s            0x00000000   Number         0  entry9a.o ABSOLUTE
    ../clib/microlib/init/entry.s            0x00000000   Number         0  entry8b.o ABSOLUTE
    ../clib/microlib/init/entry.s            0x00000000   Number         0  entry8a.o ABSOLUTE
    ../clib/microlib/init/entry.s            0x00000000   Number         0  entry7b.o ABSOLUTE
    ../clib/microlib/init/entry.s            0x00000000   Number         0  entry2.o ABSOLUTE
    ../clib/microlib/init/entry.s            0x00000000   Number         0  entry5.o ABSOLUTE
    ../clib/microlib/init/entry.s            0x00000000   Number         0  entry.o ABSOLUTE
    ../clib/microlib/init/entry.s            0x00000000   Number         0  entry10a.o ABSOLUTE
    ../clib/microlib/init/entry.s            0x00000000   Number         0  entry10b.o ABSOLUTE
    ../clib/microlib/init/entry.s            0x00000000   Number         0  entry11a.o ABSOLUTE
    ../clib/microlib/init/entry.s            0x00000000   Number         0  entry11b.o ABSOLUTE
    ../clib/microlib/init/entry.s            0x00000000   Number         0  entry9b.o ABSOLUTE
    ../clib/microlib/longlong.c              0x00000000   Number         0  llshl.o ABSOLUTE
    ../clib/microlib/longlong.c              0x00000000   Number         0  llushr.o ABSOLUTE
    ../clib/microlib/string/memset.c         0x00000000   Number         0  memseta.o ABSOLUTE
    ..\Drivers\STM32F7xx_HAL_Driver\Src\stm32f7xx_hal.c 0x00000000   Number         0  stm32f7xx_hal.o ABSOLUTE
    ..\Drivers\STM32F7xx_HAL_Driver\Src\stm32f7xx_hal_can.c 0x00000000   Number         0  stm32f7xx_hal_can.o ABSOLUTE
    ..\Drivers\STM32F7xx_HAL_Driver\Src\stm32f7xx_hal_cortex.c 0x00000000   Number         0  stm32f7xx_hal_cortex.o ABSOLUTE
    ..\Drivers\STM32F7xx_HAL_Driver\Src\stm32f7xx_hal_dma.c 0x00000000   Number         0  stm32f7xx_hal_dma.o ABSOLUTE
    ..\Drivers\STM32F7xx_HAL_Driver\Src\stm32f7xx_hal_dma_ex.c 0x00000000   Number         0  stm32f7xx_hal_dma_ex.o ABSOLUTE
    ..\Drivers\STM32F7xx_HAL_Driver\Src\stm32f7xx_hal_exti.c 0x00000000   Number         0  stm32f7xx_hal_exti.o ABSOLUTE
    ..\Drivers\STM32F7xx_HAL_Driver\Src\stm32f7xx_hal_flash.c 0x00000000   Number         0  stm32f7xx_hal_flash.o ABSOLUTE
    ..\Drivers\STM32F7xx_HAL_Driver\Src\stm32f7xx_hal_flash_ex.c 0x00000000   Number         0  stm32f7xx_hal_flash_ex.o ABSOLUTE
    ..\Drivers\STM32F7xx_HAL_Driver\Src\stm32f7xx_hal_gpio.c 0x00000000   Number         0  stm32f7xx_hal_gpio.o ABSOLUTE
    ..\Drivers\STM32F7xx_HAL_Driver\Src\stm32f7xx_hal_i2c.c 0x00000000   Number         0  stm32f7xx_hal_i2c.o ABSOLUTE
    ..\Drivers\STM32F7xx_HAL_Driver\Src\stm32f7xx_hal_i2c_ex.c 0x00000000   Number         0  stm32f7xx_hal_i2c_ex.o ABSOLUTE
    ..\Drivers\STM32F7xx_HAL_Driver\Src\stm32f7xx_hal_pwr.c 0x00000000   Number         0  stm32f7xx_hal_pwr.o ABSOLUTE
    ..\Drivers\STM32F7xx_HAL_Driver\Src\stm32f7xx_hal_pwr_ex.c 0x00000000   Number         0  stm32f7xx_hal_pwr_ex.o ABSOLUTE
    ..\Drivers\STM32F7xx_HAL_Driver\Src\stm32f7xx_hal_rcc.c 0x00000000   Number         0  stm32f7xx_hal_rcc.o ABSOLUTE
    ..\Drivers\STM32F7xx_HAL_Driver\Src\stm32f7xx_hal_rcc_ex.c 0x00000000   Number         0  stm32f7xx_hal_rcc_ex.o ABSOLUTE
    ..\Drivers\STM32F7xx_HAL_Driver\Src\stm32f7xx_hal_tim.c 0x00000000   Number         0  stm32f7xx_hal_tim.o ABSOLUTE
    ..\Drivers\STM32F7xx_HAL_Driver\Src\stm32f7xx_hal_tim_ex.c 0x00000000   Number         0  stm32f7xx_hal_tim_ex.o ABSOLUTE
    ..\Drivers\STM32F7xx_HAL_Driver\Src\stm32f7xx_hal_uart.c 0x00000000   Number         0  stm32f7xx_hal_uart.o ABSOLUTE
    ..\Src\can.c                             0x00000000   Number         0  can.o ABSOLUTE
    ..\Src\dma.c                             0x00000000   Number         0  dma.o ABSOLUTE
    ..\Src\gfxsimulator.c                    0x00000000   Number         0  gfxsimulator.o ABSOLUTE
    ..\Src\gpio.c                            0x00000000   Number         0  gpio.o ABSOLUTE
    ..\Src\main.c                            0x00000000   Number         0  main.o ABSOLUTE
    ..\Src\stm32f7xx_hal_msp.c               0x00000000   Number         0  stm32f7xx_hal_msp.o ABSOLUTE
    ..\Src\stm32f7xx_it.c                    0x00000000   Number         0  stm32f7xx_it.o ABSOLUTE
    ..\Src\system_stm32f7xx.c                0x00000000   Number         0  system_stm32f7xx.o ABSOLUTE
    ..\Src\tim.c                             0x00000000   Number         0  tim.o ABSOLUTE
    ..\Src\usart.c                           0x00000000   Number         0  usart.o ABSOLUTE
    dc.s                                     0x00000000   Number         0  dc.o ABSOLUTE
    handlers.s                               0x00000000   Number         0  handlers.o ABSOLUTE
    init.s                                   0x00000000   Number         0  init.o ABSOLUTE
    startup_stm32f767xx.s                    0x00000000   Number         0  startup_stm32f767xx.o ABSOLUTE
    RESET                                    0x08000000   Section      504  startup_stm32f767xx.o(RESET)
    .ARM.Collect$$$$00000000                 0x080001f8   Section        0  entry.o(.ARM.Collect$$$$00000000)
    .ARM.Collect$$$$00000001                 0x080001f8   Section        4  entry2.o(.ARM.Collect$$$$00000001)
    .ARM.Collect$$$$00000004                 0x080001fc   Section        4  entry5.o(.ARM.Collect$$$$00000004)
    .ARM.Collect$$$$00000008                 0x08000200   Section        0  entry7b.o(.ARM.Collect$$$$00000008)
    .ARM.Collect$$$$0000000A                 0x08000200   Section        0  entry8b.o(.ARM.Collect$$$$0000000A)
    .ARM.Collect$$$$0000000B                 0x08000200   Section        8  entry9a.o(.ARM.Collect$$$$0000000B)
    .ARM.Collect$$$$0000000D                 0x08000208   Section        0  entry10a.o(.ARM.Collect$$$$0000000D)
    .ARM.Collect$$$$0000000F                 0x08000208   Section        0  entry11a.o(.ARM.Collect$$$$0000000F)
    .ARM.Collect$$$$00002712                 0x08000208   Section        4  entry2.o(.ARM.Collect$$$$00002712)
    __lit__00000000                          0x08000208   Data           4  entry2.o(.ARM.Collect$$$$00002712)
    .text                                    0x0800020c   Section       36  startup_stm32f767xx.o(.text)
    $v0                                      0x0800020c   Number         0  startup_stm32f767xx.o(.text)
    .text                                    0x08000230   Section        0  uldiv.o(.text)
    .text                                    0x08000292   Section        0  memseta.o(.text)
    .text                                    0x080002b6   Section        0  llshl.o(.text)
    .text                                    0x080002d4   Section        0  llushr.o(.text)
    .text                                    0x080002f4   Section       36  init.o(.text)
    i.BusFault_Handler                       0x08000318   Section        0  stm32f7xx_it.o(i.BusFault_Handler)
    i.CAN1_Filter_Setup                      0x0800031c   Section        0  can.o(i.CAN1_Filter_Setup)
    i.CAN1_RX0_IRQHandler                    0x08000350   Section        0  stm32f7xx_it.o(i.CAN1_RX0_IRQHandler)
    i.CAN1_RX1_IRQHandler                    0x0800035c   Section        0  stm32f7xx_it.o(i.CAN1_RX1_IRQHandler)
    i.CAN1_Send_Nucleo_F7_Packet             0x08000368   Section        0  can.o(i.CAN1_Send_Nucleo_F7_Packet)
    i.CAN1_Start                             0x080003bc   Section        0  can.o(i.CAN1_Start)
    i.CAN1_TX_IRQHandler                     0x080003e8   Section        0  stm32f7xx_it.o(i.CAN1_TX_IRQHandler)
    i.DMA1_Stream3_IRQHandler                0x080003f4   Section        0  stm32f7xx_it.o(i.DMA1_Stream3_IRQHandler)
    i.DMA_CalcBaseAndBitshift                0x08000400   Section        0  stm32f7xx_hal_dma.o(i.DMA_CalcBaseAndBitshift)
    DMA_CalcBaseAndBitshift                  0x08000401   Thumb Code    34  stm32f7xx_hal_dma.o(i.DMA_CalcBaseAndBitshift)
    i.DMA_CheckFifoParam                     0x08000428   Section        0  stm32f7xx_hal_dma.o(i.DMA_CheckFifoParam)
    DMA_CheckFifoParam                       0x08000429   Thumb Code    84  stm32f7xx_hal_dma.o(i.DMA_CheckFifoParam)
    i.DebugMon_Handler                       0x0800047c   Section        0  stm32f7xx_it.o(i.DebugMon_Handler)
    i.Error_Handler                          0x0800047e   Section        0  main.o(i.Error_Handler)
    i.HAL_CAN_ActivateNotification           0x08000480   Section        0  stm32f7xx_hal_can.o(i.HAL_CAN_ActivateNotification)
    i.HAL_CAN_AddTxMessage                   0x080004a4   Section        0  stm32f7xx_hal_can.o(i.HAL_CAN_AddTxMessage)
    i.HAL_CAN_ConfigFilter                   0x0800057c   Section        0  stm32f7xx_hal_can.o(i.HAL_CAN_ConfigFilter)
    i.HAL_CAN_ErrorCallback                  0x0800069c   Section        0  stm32f7xx_hal_can.o(i.HAL_CAN_ErrorCallback)
    i.HAL_CAN_GetRxMessage                   0x080006a0   Section        0  stm32f7xx_hal_can.o(i.HAL_CAN_GetRxMessage)
    i.HAL_CAN_IRQHandler                     0x0800079a   Section        0  stm32f7xx_hal_can.o(i.HAL_CAN_IRQHandler)
    i.HAL_CAN_Init                           0x08000996   Section        0  stm32f7xx_hal_can.o(i.HAL_CAN_Init)
    i.HAL_CAN_MspInit                        0x08000ab0   Section        0  can.o(i.HAL_CAN_MspInit)
    i.HAL_CAN_RxFifo0FullCallback            0x08000b44   Section        0  stm32f7xx_hal_can.o(i.HAL_CAN_RxFifo0FullCallback)
    i.HAL_CAN_RxFifo0MsgPendingCallback      0x08000b48   Section        0  can.o(i.HAL_CAN_RxFifo0MsgPendingCallback)
    i.HAL_CAN_RxFifo1FullCallback            0x08000b70   Section        0  stm32f7xx_hal_can.o(i.HAL_CAN_RxFifo1FullCallback)
    i.HAL_CAN_RxFifo1MsgPendingCallback      0x08000b72   Section        0  stm32f7xx_hal_can.o(i.HAL_CAN_RxFifo1MsgPendingCallback)
    i.HAL_CAN_SleepCallback                  0x08000b74   Section        0  stm32f7xx_hal_can.o(i.HAL_CAN_SleepCallback)
    i.HAL_CAN_Start                          0x08000b78   Section        0  stm32f7xx_hal_can.o(i.HAL_CAN_Start)
    i.HAL_CAN_TxMailbox0AbortCallback        0x08000bd0   Section        0  stm32f7xx_hal_can.o(i.HAL_CAN_TxMailbox0AbortCallback)
    i.HAL_CAN_TxMailbox0CompleteCallback     0x08000bd2   Section        0  stm32f7xx_hal_can.o(i.HAL_CAN_TxMailbox0CompleteCallback)
    i.HAL_CAN_TxMailbox1AbortCallback        0x08000bd4   Section        0  stm32f7xx_hal_can.o(i.HAL_CAN_TxMailbox1AbortCallback)
    i.HAL_CAN_TxMailbox1CompleteCallback     0x08000bd6   Section        0  stm32f7xx_hal_can.o(i.HAL_CAN_TxMailbox1CompleteCallback)
    i.HAL_CAN_TxMailbox2AbortCallback        0x08000bd8   Section        0  stm32f7xx_hal_can.o(i.HAL_CAN_TxMailbox2AbortCallback)
    i.HAL_CAN_TxMailbox2CompleteCallback     0x08000bda   Section        0  stm32f7xx_hal_can.o(i.HAL_CAN_TxMailbox2CompleteCallback)
    i.HAL_CAN_WakeUpFromRxMsgCallback        0x08000bdc   Section        0  stm32f7xx_hal_can.o(i.HAL_CAN_WakeUpFromRxMsgCallback)
    i.HAL_DMA_Abort_IT                       0x08000bde   Section        0  stm32f7xx_hal_dma.o(i.HAL_DMA_Abort_IT)
    i.HAL_DMA_IRQHandler                     0x08000c04   Section        0  stm32f7xx_hal_dma.o(i.HAL_DMA_IRQHandler)
    i.HAL_DMA_Init                           0x08000da4   Section        0  stm32f7xx_hal_dma.o(i.HAL_DMA_Init)
    i.HAL_Delay                              0x08000e88   Section        0  stm32f7xx_hal.o(i.HAL_Delay)
    i.HAL_GPIO_Init                          0x08000eac   Section        0  stm32f7xx_hal_gpio.o(i.HAL_GPIO_Init)
    i.HAL_GPIO_TogglePin                     0x08001084   Section        0  stm32f7xx_hal_gpio.o(i.HAL_GPIO_TogglePin)
    i.HAL_GPIO_WritePin                      0x08001092   Section        0  stm32f7xx_hal_gpio.o(i.HAL_GPIO_WritePin)
    i.HAL_GetTick                            0x0800109c   Section        0  stm32f7xx_hal.o(i.HAL_GetTick)
    i.HAL_IncTick                            0x080010a8   Section        0  stm32f7xx_hal.o(i.HAL_IncTick)
    i.HAL_Init                               0x080010b8   Section        0  stm32f7xx_hal.o(i.HAL_Init)
    i.HAL_InitTick                           0x080010d0   Section        0  stm32f7xx_hal.o(i.HAL_InitTick)
    i.HAL_MspInit                            0x08001110   Section        0  stm32f7xx_hal_msp.o(i.HAL_MspInit)
    i.HAL_NVIC_EnableIRQ                     0x08001140   Section        0  stm32f7xx_hal_cortex.o(i.HAL_NVIC_EnableIRQ)
    i.HAL_NVIC_SetPriority                   0x0800115c   Section        0  stm32f7xx_hal_cortex.o(i.HAL_NVIC_SetPriority)
    i.HAL_NVIC_SetPriorityGrouping           0x0800119c   Section        0  stm32f7xx_hal_cortex.o(i.HAL_NVIC_SetPriorityGrouping)
    i.HAL_PWREx_EnableOverDrive              0x080011c0   Section        0  stm32f7xx_hal_pwr_ex.o(i.HAL_PWREx_EnableOverDrive)
    i.HAL_RCCEx_PeriphCLKConfig              0x0800122c   Section        0  stm32f7xx_hal_rcc_ex.o(i.HAL_RCCEx_PeriphCLKConfig)
    i.HAL_RCC_ClockConfig                    0x08001768   Section        0  stm32f7xx_hal_rcc.o(i.HAL_RCC_ClockConfig)
    i.HAL_RCC_GetPCLK1Freq                   0x08001894   Section        0  stm32f7xx_hal_rcc.o(i.HAL_RCC_GetPCLK1Freq)
    i.HAL_RCC_GetPCLK2Freq                   0x080018b4   Section        0  stm32f7xx_hal_rcc.o(i.HAL_RCC_GetPCLK2Freq)
    i.HAL_RCC_GetSysClockFreq                0x080018d4   Section        0  stm32f7xx_hal_rcc.o(i.HAL_RCC_GetSysClockFreq)
    i.HAL_RCC_OscConfig                      0x08001934   Section        0  stm32f7xx_hal_rcc.o(i.HAL_RCC_OscConfig)
    i.HAL_SYSTICK_Config                     0x08001c70   Section        0  stm32f7xx_hal_cortex.o(i.HAL_SYSTICK_Config)
    i.HAL_TIMEx_Break2Callback               0x08001c96   Section        0  stm32f7xx_hal_tim_ex.o(i.HAL_TIMEx_Break2Callback)
    i.HAL_TIMEx_BreakCallback                0x08001c98   Section        0  stm32f7xx_hal_tim_ex.o(i.HAL_TIMEx_BreakCallback)
    i.HAL_TIMEx_CommutCallback               0x08001c9a   Section        0  stm32f7xx_hal_tim_ex.o(i.HAL_TIMEx_CommutCallback)
    i.HAL_TIMEx_MasterConfigSynchronization  0x08001c9c   Section        0  stm32f7xx_hal_tim_ex.o(i.HAL_TIMEx_MasterConfigSynchronization)
    i.HAL_TIM_Base_Init                      0x08001cfc   Section        0  stm32f7xx_hal_tim.o(i.HAL_TIM_Base_Init)
    i.HAL_TIM_Base_MspInit                   0x08001d34   Section        0  tim.o(i.HAL_TIM_Base_MspInit)
    i.HAL_TIM_Base_Start_IT                  0x08001d84   Section        0  stm32f7xx_hal_tim.o(i.HAL_TIM_Base_Start_IT)
    i.HAL_TIM_ConfigClockSource              0x08001db0   Section        0  stm32f7xx_hal_tim.o(i.HAL_TIM_ConfigClockSource)
    i.HAL_TIM_IC_CaptureCallback             0x08001e8c   Section        0  stm32f7xx_hal_tim.o(i.HAL_TIM_IC_CaptureCallback)
    i.HAL_TIM_IRQHandler                     0x08001e8e   Section        0  stm32f7xx_hal_tim.o(i.HAL_TIM_IRQHandler)
    i.HAL_TIM_MspPostInit                    0x08002010   Section        0  tim.o(i.HAL_TIM_MspPostInit)
    i.HAL_TIM_OC_DelayElapsedCallback        0x08002060   Section        0  stm32f7xx_hal_tim.o(i.HAL_TIM_OC_DelayElapsedCallback)
    i.HAL_TIM_PWM_ConfigChannel              0x08002062   Section        0  stm32f7xx_hal_tim.o(i.HAL_TIM_PWM_ConfigChannel)
    i.HAL_TIM_PWM_Init                       0x0800218a   Section        0  stm32f7xx_hal_tim.o(i.HAL_TIM_PWM_Init)
    i.HAL_TIM_PWM_MspInit                    0x080021c0   Section        0  stm32f7xx_hal_tim.o(i.HAL_TIM_PWM_MspInit)
    i.HAL_TIM_PWM_PulseFinishedCallback      0x080021c2   Section        0  stm32f7xx_hal_tim.o(i.HAL_TIM_PWM_PulseFinishedCallback)
    i.HAL_TIM_PeriodElapsedCallback          0x080021c4   Section        0  main.o(i.HAL_TIM_PeriodElapsedCallback)
    i.HAL_TIM_TriggerCallback                0x080021f0   Section        0  stm32f7xx_hal_tim.o(i.HAL_TIM_TriggerCallback)
    i.HAL_UART_ErrorCallback                 0x080021f2   Section        0  stm32f7xx_hal_uart.o(i.HAL_UART_ErrorCallback)
    i.HAL_UART_IRQHandler                    0x080021f4   Section        0  stm32f7xx_hal_uart.o(i.HAL_UART_IRQHandler)
    i.HAL_UART_Init                          0x0800231c   Section        0  stm32f7xx_hal_uart.o(i.HAL_UART_Init)
    i.HAL_UART_MspInit                       0x08002384   Section        0  usart.o(i.HAL_UART_MspInit)
    i.HAL_UART_TxCpltCallback                0x08002430   Section        0  stm32f7xx_hal_uart.o(i.HAL_UART_TxCpltCallback)
    i.HardFault_Handler                      0x08002432   Section        0  stm32f7xx_it.o(i.HardFault_Handler)
    i.MX_CAN1_Init                           0x08002434   Section        0  can.o(i.MX_CAN1_Init)
    i.MX_DMA_Init                            0x0800247c   Section        0  dma.o(i.MX_DMA_Init)
    i.MX_GFXSIMULATOR_Init                   0x080024a8   Section        0  gfxsimulator.o(i.MX_GFXSIMULATOR_Init)
    i.MX_GPIO_Init                           0x080024ac   Section        0  gpio.o(i.MX_GPIO_Init)
    i.MX_TIM2_Init                           0x08002618   Section        0  tim.o(i.MX_TIM2_Init)
    i.MX_TIM4_Init                           0x0800267c   Section        0  tim.o(i.MX_TIM4_Init)
    i.MX_USART3_UART_Init                    0x08002718   Section        0  usart.o(i.MX_USART3_UART_Init)
    i.MemManage_Handler                      0x08002754   Section        0  stm32f7xx_it.o(i.MemManage_Handler)
    i.NMI_Handler                            0x08002756   Section        0  stm32f7xx_it.o(i.NMI_Handler)
    i.PendSV_Handler                         0x08002758   Section        0  stm32f7xx_it.o(i.PendSV_Handler)
    i.SVC_Handler                            0x0800275a   Section        0  stm32f7xx_it.o(i.SVC_Handler)
    i.SysTick_Handler                        0x0800275c   Section        0  stm32f7xx_it.o(i.SysTick_Handler)
    i.SystemClock_Config                     0x08002760   Section        0  main.o(i.SystemClock_Config)
    i.SystemInit                             0x080027fc   Section        0  system_stm32f7xx.o(i.SystemInit)
    i.TIM2_IRQHandler                        0x08002850   Section        0  stm32f7xx_it.o(i.TIM2_IRQHandler)
    i.TIM_Base_SetConfig                     0x0800285c   Section        0  stm32f7xx_hal_tim.o(i.TIM_Base_SetConfig)
    i.TIM_ETR_SetConfig                      0x08002928   Section        0  stm32f7xx_hal_tim.o(i.TIM_ETR_SetConfig)
    i.TIM_ITRx_SetConfig                     0x0800293a   Section        0  stm32f7xx_hal_tim.o(i.TIM_ITRx_SetConfig)
    TIM_ITRx_SetConfig                       0x0800293b   Thumb Code    16  stm32f7xx_hal_tim.o(i.TIM_ITRx_SetConfig)
    i.TIM_OC1_SetConfig                      0x0800294c   Section        0  stm32f7xx_hal_tim.o(i.TIM_OC1_SetConfig)
    TIM_OC1_SetConfig                        0x0800294d   Thumb Code   102  stm32f7xx_hal_tim.o(i.TIM_OC1_SetConfig)
    i.TIM_OC2_SetConfig                      0x080029c0   Section        0  stm32f7xx_hal_tim.o(i.TIM_OC2_SetConfig)
    i.TIM_OC3_SetConfig                      0x08002a38   Section        0  stm32f7xx_hal_tim.o(i.TIM_OC3_SetConfig)
    TIM_OC3_SetConfig                        0x08002a39   Thumb Code   108  stm32f7xx_hal_tim.o(i.TIM_OC3_SetConfig)
    i.TIM_OC4_SetConfig                      0x08002ab0   Section        0  stm32f7xx_hal_tim.o(i.TIM_OC4_SetConfig)
    TIM_OC4_SetConfig                        0x08002ab1   Thumb Code    76  stm32f7xx_hal_tim.o(i.TIM_OC4_SetConfig)
    i.TIM_OC5_SetConfig                      0x08002b08   Section        0  stm32f7xx_hal_tim.o(i.TIM_OC5_SetConfig)
    TIM_OC5_SetConfig                        0x08002b09   Thumb Code    74  stm32f7xx_hal_tim.o(i.TIM_OC5_SetConfig)
    i.TIM_OC6_SetConfig                      0x08002b60   Section        0  stm32f7xx_hal_tim.o(i.TIM_OC6_SetConfig)
    TIM_OC6_SetConfig                        0x08002b61   Thumb Code    74  stm32f7xx_hal_tim.o(i.TIM_OC6_SetConfig)
    i.TIM_TI1_ConfigInputStage               0x08002bb8   Section        0  stm32f7xx_hal_tim.o(i.TIM_TI1_ConfigInputStage)
    TIM_TI1_ConfigInputStage                 0x08002bb9   Thumb Code    34  stm32f7xx_hal_tim.o(i.TIM_TI1_ConfigInputStage)
    i.TIM_TI2_ConfigInputStage               0x08002bda   Section        0  stm32f7xx_hal_tim.o(i.TIM_TI2_ConfigInputStage)
    TIM_TI2_ConfigInputStage                 0x08002bdb   Thumb Code    36  stm32f7xx_hal_tim.o(i.TIM_TI2_ConfigInputStage)
    i.UART_AdvFeatureConfig                  0x08002bfe   Section        0  stm32f7xx_hal_uart.o(i.UART_AdvFeatureConfig)
    i.UART_CheckIdleState                    0x08002cc6   Section        0  stm32f7xx_hal_uart.o(i.UART_CheckIdleState)
    i.UART_DMAAbortOnError                   0x08002d02   Section        0  stm32f7xx_hal_uart.o(i.UART_DMAAbortOnError)
    UART_DMAAbortOnError                     0x08002d03   Thumb Code    20  stm32f7xx_hal_uart.o(i.UART_DMAAbortOnError)
    i.UART_EndRxTransfer                     0x08002d16   Section        0  stm32f7xx_hal_uart.o(i.UART_EndRxTransfer)
    UART_EndRxTransfer                       0x08002d17   Thumb Code    32  stm32f7xx_hal_uart.o(i.UART_EndRxTransfer)
    i.UART_SetConfig                         0x08002d38   Section        0  stm32f7xx_hal_uart.o(i.UART_SetConfig)
    i.UART_WaitOnFlagUntilTimeout            0x08002f8c   Section        0  stm32f7xx_hal_uart.o(i.UART_WaitOnFlagUntilTimeout)
    i.USART3_IRQHandler                      0x08002fec   Section        0  stm32f7xx_it.o(i.USART3_IRQHandler)
    i.UsageFault_Handler                     0x08002ff8   Section        0  stm32f7xx_it.o(i.UsageFault_Handler)
    i.__NVIC_SetPriority                     0x08002ffa   Section        0  stm32f7xx_hal_cortex.o(i.__NVIC_SetPriority)
    __NVIC_SetPriority                       0x08002ffb   Thumb Code    34  stm32f7xx_hal_cortex.o(i.__NVIC_SetPriority)
    i.__scatterload_copy                     0x0800301c   Section       14  handlers.o(i.__scatterload_copy)
    i.__scatterload_null                     0x0800302a   Section        2  handlers.o(i.__scatterload_null)
    i.__scatterload_zeroinit                 0x0800302c   Section       14  handlers.o(i.__scatterload_zeroinit)
    i.main                                   0x0800303c   Section        0  main.o(i.main)
    .constdata                               0x08003078   Section        8  stm32f7xx_hal_dma.o(.constdata)
    flagBitshiftOffset                       0x08003078   Data           8  stm32f7xx_hal_dma.o(.constdata)
    .constdata                               0x08003080   Section       16  system_stm32f7xx.o(.constdata)
    .constdata                               0x08003090   Section        8  system_stm32f7xx.o(.constdata)
    .data                                    0x20000000   Section        4  main.o(.data)
    .data                                    0x20000004   Section       16  can.o(.data)
    CAN_Received_0_Message_Data              0x20000004   Data           8  can.o(.data)
    nucleo_F7_Packet_Data                    0x2000000c   Data           8  can.o(.data)
    .data                                    0x20000014   Section       12  stm32f7xx_hal.o(.data)
    .data                                    0x20000020   Section        4  system_stm32f7xx.o(.data)
    .bss                                     0x20000024   Section      132  can.o(.bss)
    CAN_Filter_Config                        0x2000004c   Data          40  can.o(.bss)
    CAN_Received_0_Message_Header            0x20000074   Data          28  can.o(.bss)
    nucleo_F7_Packet_Header                  0x20000090   Data          24  can.o(.bss)
    .bss                                     0x200000a8   Section      128  tim.o(.bss)
    .bss                                     0x20000128   Section      224  usart.o(.bss)
    STACK                                    0x20000208   Section     1024  startup_stm32f767xx.o(STACK)

    Global Symbols

    Symbol Name                              Value     Ov Type        Size  Object(Section)

    BuildAttributes$$THM_ISAv4$E$P$D$K$B$S$7EM$VFPv5_D16$PE$PLD8$A:L22UL41UL21$X:L11$S22US41US21$IEEE1$IW$USESV6$~STKCKD$USESV7$~SHL$OSPACE$EBA8$MICROLIB$REQ8$PRES8$EABIv2 0x00000000   Number         0  anon$$obj.o ABSOLUTE
    __ARM_use_no_argv                        0x00000000   Number         0  main.o ABSOLUTE
    __cpp_initialize__aeabi_                  - Undefined Weak Reference
    __cxa_finalize                            - Undefined Weak Reference
    __decompress                              - Undefined Weak Reference
    _clock_init                               - Undefined Weak Reference
    _microlib_exit                            - Undefined Weak Reference
    __Vectors_Size                           0x000001f8   Number         0  startup_stm32f767xx.o ABSOLUTE
    __Vectors                                0x08000000   Data           4  startup_stm32f767xx.o(RESET)
    __Vectors_End                            0x080001f8   Data           0  startup_stm32f767xx.o(RESET)
    __main                                   0x080001f9   Thumb Code     0  entry.o(.ARM.Collect$$$$00000000)
    _main_stk                                0x080001f9   Thumb Code     0  entry2.o(.ARM.Collect$$$$00000001)
    _main_scatterload                        0x080001fd   Thumb Code     0  entry5.o(.ARM.Collect$$$$00000004)
    __main_after_scatterload                 0x08000201   Thumb Code     0  entry5.o(.ARM.Collect$$$$00000004)
    _main_clock                              0x08000201   Thumb Code     0  entry7b.o(.ARM.Collect$$$$00000008)
    _main_cpp_init                           0x08000201   Thumb Code     0  entry8b.o(.ARM.Collect$$$$0000000A)
    _main_init                               0x08000201   Thumb Code     0  entry9a.o(.ARM.Collect$$$$0000000B)
    __rt_final_cpp                           0x08000209   Thumb Code     0  entry10a.o(.ARM.Collect$$$$0000000D)
    __rt_final_exit                          0x08000209   Thumb Code     0  entry11a.o(.ARM.Collect$$$$0000000F)
    Reset_Handler                            0x0800020d   Thumb Code     8  startup_stm32f767xx.o(.text)
    ADC_IRQHandler                           0x08000227   Thumb Code     0  startup_stm32f767xx.o(.text)
    CAN1_SCE_IRQHandler                      0x08000227   Thumb Code     0  startup_stm32f767xx.o(.text)
    CAN2_RX0_IRQHandler                      0x08000227   Thumb Code     0  startup_stm32f767xx.o(.text)
    CAN2_RX1_IRQHandler                      0x08000227   Thumb Code     0  startup_stm32f767xx.o(.text)
    CAN2_SCE_IRQHandler                      0x08000227   Thumb Code     0  startup_stm32f767xx.o(.text)
    CAN2_TX_IRQHandler                       0x08000227   Thumb Code     0  startup_stm32f767xx.o(.text)
    CAN3_RX0_IRQHandler                      0x08000227   Thumb Code     0  startup_stm32f767xx.o(.text)
    CAN3_RX1_IRQHandler                      0x08000227   Thumb Code     0  startup_stm32f767xx.o(.text)
    CAN3_SCE_IRQHandler                      0x08000227   Thumb Code     0  startup_stm32f767xx.o(.text)
    CAN3_TX_IRQHandler                       0x08000227   Thumb Code     0  startup_stm32f767xx.o(.text)
    CEC_IRQHandler                           0x08000227   Thumb Code     0  startup_stm32f767xx.o(.text)
    DCMI_IRQHandler                          0x08000227   Thumb Code     0  startup_stm32f767xx.o(.text)
    DFSDM1_FLT0_IRQHandler                   0x08000227   Thumb Code     0  startup_stm32f767xx.o(.text)
    DFSDM1_FLT1_IRQHandler                   0x08000227   Thumb Code     0  startup_stm32f767xx.o(.text)
    DFSDM1_FLT2_IRQHandler                   0x08000227   Thumb Code     0  startup_stm32f767xx.o(.text)
    DFSDM1_FLT3_IRQHandler                   0x08000227   Thumb Code     0  startup_stm32f767xx.o(.text)
    DMA1_Stream0_IRQHandler                  0x08000227   Thumb Code     0  startup_stm32f767xx.o(.text)
    DMA1_Stream1_IRQHandler                  0x08000227   Thumb Code     0  startup_stm32f767xx.o(.text)
    DMA1_Stream2_IRQHandler                  0x08000227   Thumb Code     0  startup_stm32f767xx.o(.text)
    DMA1_Stream4_IRQHandler                  0x08000227   Thumb Code     0  startup_stm32f767xx.o(.text)
    DMA1_Stream5_IRQHandler                  0x08000227   Thumb Code     0  startup_stm32f767xx.o(.text)
    DMA1_Stream6_IRQHandler                  0x08000227   Thumb Code     0  startup_stm32f767xx.o(.text)
    DMA1_Stream7_IRQHandler                  0x08000227   Thumb Code     0  startup_stm32f767xx.o(.text)
    DMA2D_IRQHandler                         0x08000227   Thumb Code     0  startup_stm32f767xx.o(.text)
    DMA2_Stream0_IRQHandler                  0x08000227   Thumb Code     0  startup_stm32f767xx.o(.text)
    DMA2_Stream1_IRQHandler                  0x08000227   Thumb Code     0  startup_stm32f767xx.o(.text)
    DMA2_Stream2_IRQHandler                  0x08000227   Thumb Code     0  startup_stm32f767xx.o(.text)
    DMA2_Stream3_IRQHandler                  0x08000227   Thumb Code     0  startup_stm32f767xx.o(.text)
    DMA2_Stream4_IRQHandler                  0x08000227   Thumb Code     0  startup_stm32f767xx.o(.text)
    DMA2_Stream5_IRQHandler                  0x08000227   Thumb Code     0  startup_stm32f767xx.o(.text)
    DMA2_Stream6_IRQHandler                  0x08000227   Thumb Code     0  startup_stm32f767xx.o(.text)
    DMA2_Stream7_IRQHandler                  0x08000227   Thumb Code     0  startup_stm32f767xx.o(.text)
    ETH_IRQHandler                           0x08000227   Thumb Code     0  startup_stm32f767xx.o(.text)
    ETH_WKUP_IRQHandler                      0x08000227   Thumb Code     0  startup_stm32f767xx.o(.text)
    EXTI0_IRQHandler                         0x08000227   Thumb Code     0  startup_stm32f767xx.o(.text)
    EXTI15_10_IRQHandler                     0x08000227   Thumb Code     0  startup_stm32f767xx.o(.text)
    EXTI1_IRQHandler                         0x08000227   Thumb Code     0  startup_stm32f767xx.o(.text)
    EXTI2_IRQHandler                         0x08000227   Thumb Code     0  startup_stm32f767xx.o(.text)
    EXTI3_IRQHandler                         0x08000227   Thumb Code     0  startup_stm32f767xx.o(.text)
    EXTI4_IRQHandler                         0x08000227   Thumb Code     0  startup_stm32f767xx.o(.text)
    EXTI9_5_IRQHandler                       0x08000227   Thumb Code     0  startup_stm32f767xx.o(.text)
    FLASH_IRQHandler                         0x08000227   Thumb Code     0  startup_stm32f767xx.o(.text)
    FMC_IRQHandler                           0x08000227   Thumb Code     0  startup_stm32f767xx.o(.text)
    FPU_IRQHandler                           0x08000227   Thumb Code     0  startup_stm32f767xx.o(.text)
    I2C1_ER_IRQHandler                       0x08000227   Thumb Code     0  startup_stm32f767xx.o(.text)
    I2C1_EV_IRQHandler                       0x08000227   Thumb Code     0  startup_stm32f767xx.o(.text)
    I2C2_ER_IRQHandler                       0x08000227   Thumb Code     0  startup_stm32f767xx.o(.text)
    I2C2_EV_IRQHandler                       0x08000227   Thumb Code     0  startup_stm32f767xx.o(.text)
    I2C3_ER_IRQHandler                       0x08000227   Thumb Code     0  startup_stm32f767xx.o(.text)
    I2C3_EV_IRQHandler                       0x08000227   Thumb Code     0  startup_stm32f767xx.o(.text)
    I2C4_ER_IRQHandler                       0x08000227   Thumb Code     0  startup_stm32f767xx.o(.text)
    I2C4_EV_IRQHandler                       0x08000227   Thumb Code     0  startup_stm32f767xx.o(.text)
    JPEG_IRQHandler                          0x08000227   Thumb Code     0  startup_stm32f767xx.o(.text)
    LPTIM1_IRQHandler                        0x08000227   Thumb Code     0  startup_stm32f767xx.o(.text)
    LTDC_ER_IRQHandler                       0x08000227   Thumb Code     0  startup_stm32f767xx.o(.text)
    LTDC_IRQHandler                          0x08000227   Thumb Code     0  startup_stm32f767xx.o(.text)
    MDIOS_IRQHandler                         0x08000227   Thumb Code     0  startup_stm32f767xx.o(.text)
    OTG_FS_IRQHandler                        0x08000227   Thumb Code     0  startup_stm32f767xx.o(.text)
    OTG_FS_WKUP_IRQHandler                   0x08000227   Thumb Code     0  startup_stm32f767xx.o(.text)
    OTG_HS_EP1_IN_IRQHandler                 0x08000227   Thumb Code     0  startup_stm32f767xx.o(.text)
    OTG_HS_EP1_OUT_IRQHandler                0x08000227   Thumb Code     0  startup_stm32f767xx.o(.text)
    OTG_HS_IRQHandler                        0x08000227   Thumb Code     0  startup_stm32f767xx.o(.text)
    OTG_HS_WKUP_IRQHandler                   0x08000227   Thumb Code     0  startup_stm32f767xx.o(.text)
    PVD_IRQHandler                           0x08000227   Thumb Code     0  startup_stm32f767xx.o(.text)
    QUADSPI_IRQHandler                       0x08000227   Thumb Code     0  startup_stm32f767xx.o(.text)
    RCC_IRQHandler                           0x08000227   Thumb Code     0  startup_stm32f767xx.o(.text)
    RNG_IRQHandler                           0x08000227   Thumb Code     0  startup_stm32f767xx.o(.text)
    RTC_Alarm_IRQHandler                     0x08000227   Thumb Code     0  startup_stm32f767xx.o(.text)
    RTC_WKUP_IRQHandler                      0x08000227   Thumb Code     0  startup_stm32f767xx.o(.text)
    SAI1_IRQHandler                          0x08000227   Thumb Code     0  startup_stm32f767xx.o(.text)
    SAI2_IRQHandler                          0x08000227   Thumb Code     0  startup_stm32f767xx.o(.text)
    SDMMC1_IRQHandler                        0x08000227   Thumb Code     0  startup_stm32f767xx.o(.text)
    SDMMC2_IRQHandler                        0x08000227   Thumb Code     0  startup_stm32f767xx.o(.text)
    SPDIF_RX_IRQHandler                      0x08000227   Thumb Code     0  startup_stm32f767xx.o(.text)
    SPI1_IRQHandler                          0x08000227   Thumb Code     0  startup_stm32f767xx.o(.text)
    SPI2_IRQHandler                          0x08000227   Thumb Code     0  startup_stm32f767xx.o(.text)
    SPI3_IRQHandler                          0x08000227   Thumb Code     0  startup_stm32f767xx.o(.text)
    SPI4_IRQHandler                          0x08000227   Thumb Code     0  startup_stm32f767xx.o(.text)
    SPI5_IRQHandler                          0x08000227   Thumb Code     0  startup_stm32f767xx.o(.text)
    SPI6_IRQHandler                          0x08000227   Thumb Code     0  startup_stm32f767xx.o(.text)
    TAMP_STAMP_IRQHandler                    0x08000227   Thumb Code     0  startup_stm32f767xx.o(.text)
    TIM1_BRK_TIM9_IRQHandler                 0x08000227   Thumb Code     0  startup_stm32f767xx.o(.text)
    TIM1_CC_IRQHandler                       0x08000227   Thumb Code     0  startup_stm32f767xx.o(.text)
    TIM1_TRG_COM_TIM11_IRQHandler            0x08000227   Thumb Code     0  startup_stm32f767xx.o(.text)
    TIM1_UP_TIM10_IRQHandler                 0x08000227   Thumb Code     0  startup_stm32f767xx.o(.text)
    TIM3_IRQHandler                          0x08000227   Thumb Code     0  startup_stm32f767xx.o(.text)
    TIM4_IRQHandler                          0x08000227   Thumb Code     0  startup_stm32f767xx.o(.text)
    TIM5_IRQHandler                          0x08000227   Thumb Code     0  startup_stm32f767xx.o(.text)
    TIM6_DAC_IRQHandler                      0x08000227   Thumb Code     0  startup_stm32f767xx.o(.text)
    TIM7_IRQHandler                          0x08000227   Thumb Code     0  startup_stm32f767xx.o(.text)
    TIM8_BRK_TIM12_IRQHandler                0x08000227   Thumb Code     0  startup_stm32f767xx.o(.text)
    TIM8_CC_IRQHandler                       0x08000227   Thumb Code     0  startup_stm32f767xx.o(.text)
    TIM8_TRG_COM_TIM14_IRQHandler            0x08000227   Thumb Code     0  startup_stm32f767xx.o(.text)
    TIM8_UP_TIM13_IRQHandler                 0x08000227   Thumb Code     0  startup_stm32f767xx.o(.text)
    UART4_IRQHandler                         0x08000227   Thumb Code     0  startup_stm32f767xx.o(.text)
    UART5_IRQHandler                         0x08000227   Thumb Code     0  startup_stm32f767xx.o(.text)
    UART7_IRQHandler                         0x08000227   Thumb Code     0  startup_stm32f767xx.o(.text)
    UART8_IRQHandler                         0x08000227   Thumb Code     0  startup_stm32f767xx.o(.text)
    USART1_IRQHandler                        0x08000227   Thumb Code     0  startup_stm32f767xx.o(.text)
    USART2_IRQHandler                        0x08000227   Thumb Code     0  startup_stm32f767xx.o(.text)
    USART6_IRQHandler                        0x08000227   Thumb Code     0  startup_stm32f767xx.o(.text)
    WWDG_IRQHandler                          0x08000227   Thumb Code     0  startup_stm32f767xx.o(.text)
    __aeabi_uldivmod                         0x08000231   Thumb Code    98  uldiv.o(.text)
    __aeabi_memset                           0x08000293   Thumb Code    14  memseta.o(.text)
    __aeabi_memset4                          0x08000293   Thumb Code     0  memseta.o(.text)
    __aeabi_memset8                          0x08000293   Thumb Code     0  memseta.o(.text)
    __aeabi_memclr                           0x080002a1   Thumb Code     4  memseta.o(.text)
    __aeabi_memclr4                          0x080002a1   Thumb Code     0  memseta.o(.text)
    __aeabi_memclr8                          0x080002a1   Thumb Code     0  memseta.o(.text)
    _memset$wrapper                          0x080002a5   Thumb Code    18  memseta.o(.text)
    __aeabi_llsl                             0x080002b7   Thumb Code    30  llshl.o(.text)
    _ll_shift_l                              0x080002b7   Thumb Code     0  llshl.o(.text)
    __aeabi_llsr                             0x080002d5   Thumb Code    32  llushr.o(.text)
    _ll_ushift_r                             0x080002d5   Thumb Code     0  llushr.o(.text)
    __scatterload                            0x080002f5   Thumb Code    28  init.o(.text)
    __scatterload_rt2                        0x080002f5   Thumb Code     0  init.o(.text)
    BusFault_Handler                         0x08000319   Thumb Code     2  stm32f7xx_it.o(i.BusFault_Handler)
    CAN1_Filter_Setup                        0x0800031d   Thumb Code    48  can.o(i.CAN1_Filter_Setup)
    CAN1_RX0_IRQHandler                      0x08000351   Thumb Code     6  stm32f7xx_it.o(i.CAN1_RX0_IRQHandler)
    CAN1_RX1_IRQHandler                      0x0800035d   Thumb Code     6  stm32f7xx_it.o(i.CAN1_RX1_IRQHandler)
    CAN1_Send_Nucleo_F7_Packet               0x08000369   Thumb Code    70  can.o(i.CAN1_Send_Nucleo_F7_Packet)
    CAN1_Start                               0x080003bd   Thumb Code    40  can.o(i.CAN1_Start)
    CAN1_TX_IRQHandler                       0x080003e9   Thumb Code     6  stm32f7xx_it.o(i.CAN1_TX_IRQHandler)
    DMA1_Stream3_IRQHandler                  0x080003f5   Thumb Code     6  stm32f7xx_it.o(i.DMA1_Stream3_IRQHandler)
    DebugMon_Handler                         0x0800047d   Thumb Code     2  stm32f7xx_it.o(i.DebugMon_Handler)
    Error_Handler                            0x0800047f   Thumb Code     2  main.o(i.Error_Handler)
    HAL_CAN_ActivateNotification             0x08000481   Thumb Code    36  stm32f7xx_hal_can.o(i.HAL_CAN_ActivateNotification)
    HAL_CAN_AddTxMessage                     0x080004a5   Thumb Code   214  stm32f7xx_hal_can.o(i.HAL_CAN_AddTxMessage)
    HAL_CAN_ConfigFilter                     0x0800057d   Thumb Code   278  stm32f7xx_hal_can.o(i.HAL_CAN_ConfigFilter)
    HAL_CAN_ErrorCallback                    0x0800069d   Thumb Code     2  stm32f7xx_hal_can.o(i.HAL_CAN_ErrorCallback)
    HAL_CAN_GetRxMessage                     0x080006a1   Thumb Code   250  stm32f7xx_hal_can.o(i.HAL_CAN_GetRxMessage)
    HAL_CAN_IRQHandler                       0x0800079b   Thumb Code   508  stm32f7xx_hal_can.o(i.HAL_CAN_IRQHandler)
    HAL_CAN_Init                             0x08000997   Thumb Code   282  stm32f7xx_hal_can.o(i.HAL_CAN_Init)
    HAL_CAN_MspInit                          0x08000ab1   Thumb Code   136  can.o(i.HAL_CAN_MspInit)
    HAL_CAN_RxFifo0FullCallback              0x08000b45   Thumb Code     2  stm32f7xx_hal_can.o(i.HAL_CAN_RxFifo0FullCallback)
    HAL_CAN_RxFifo0MsgPendingCallback        0x08000b49   Thumb Code    28  can.o(i.HAL_CAN_RxFifo0MsgPendingCallback)
    HAL_CAN_RxFifo1FullCallback              0x08000b71   Thumb Code     2  stm32f7xx_hal_can.o(i.HAL_CAN_RxFifo1FullCallback)
    HAL_CAN_RxFifo1MsgPendingCallback        0x08000b73   Thumb Code     2  stm32f7xx_hal_can.o(i.HAL_CAN_RxFifo1MsgPendingCallback)
    HAL_CAN_SleepCallback                    0x08000b75   Thumb Code     2  stm32f7xx_hal_can.o(i.HAL_CAN_SleepCallback)
    HAL_CAN_Start                            0x08000b79   Thumb Code    88  stm32f7xx_hal_can.o(i.HAL_CAN_Start)
    HAL_CAN_TxMailbox0AbortCallback          0x08000bd1   Thumb Code     2  stm32f7xx_hal_can.o(i.HAL_CAN_TxMailbox0AbortCallback)
    HAL_CAN_TxMailbox0CompleteCallback       0x08000bd3   Thumb Code     2  stm32f7xx_hal_can.o(i.HAL_CAN_TxMailbox0CompleteCallback)
    HAL_CAN_TxMailbox1AbortCallback          0x08000bd5   Thumb Code     2  stm32f7xx_hal_can.o(i.HAL_CAN_TxMailbox1AbortCallback)
    HAL_CAN_TxMailbox1CompleteCallback       0x08000bd7   Thumb Code     2  stm32f7xx_hal_can.o(i.HAL_CAN_TxMailbox1CompleteCallback)
    HAL_CAN_TxMailbox2AbortCallback          0x08000bd9   Thumb Code     2  stm32f7xx_hal_can.o(i.HAL_CAN_TxMailbox2AbortCallback)
    HAL_CAN_TxMailbox2CompleteCallback       0x08000bdb   Thumb Code     2  stm32f7xx_hal_can.o(i.HAL_CAN_TxMailbox2CompleteCallback)
    HAL_CAN_WakeUpFromRxMsgCallback          0x08000bdd   Thumb Code     2  stm32f7xx_hal_can.o(i.HAL_CAN_WakeUpFromRxMsgCallback)
    HAL_DMA_Abort_IT                         0x08000bdf   Thumb Code    36  stm32f7xx_hal_dma.o(i.HAL_DMA_Abort_IT)
    HAL_DMA_IRQHandler                       0x08000c05   Thumb Code   412  stm32f7xx_hal_dma.o(i.HAL_DMA_IRQHandler)
    HAL_DMA_Init                             0x08000da5   Thumb Code   222  stm32f7xx_hal_dma.o(i.HAL_DMA_Init)
    HAL_Delay                                0x08000e89   Thumb Code    32  stm32f7xx_hal.o(i.HAL_Delay)
    HAL_GPIO_Init                            0x08000ead   Thumb Code   418  stm32f7xx_hal_gpio.o(i.HAL_GPIO_Init)
    HAL_GPIO_TogglePin                       0x08001085   Thumb Code    14  stm32f7xx_hal_gpio.o(i.HAL_GPIO_TogglePin)
    HAL_GPIO_WritePin                        0x08001093   Thumb Code    10  stm32f7xx_hal_gpio.o(i.HAL_GPIO_WritePin)
    HAL_GetTick                              0x0800109d   Thumb Code     6  stm32f7xx_hal.o(i.HAL_GetTick)
    HAL_IncTick                              0x080010a9   Thumb Code    12  stm32f7xx_hal.o(i.HAL_IncTick)
    HAL_Init                                 0x080010b9   Thumb Code    22  stm32f7xx_hal.o(i.HAL_Init)
    HAL_InitTick                             0x080010d1   Thumb Code    54  stm32f7xx_hal.o(i.HAL_InitTick)
    HAL_MspInit                              0x08001111   Thumb Code    42  stm32f7xx_hal_msp.o(i.HAL_MspInit)
    HAL_NVIC_EnableIRQ                       0x08001141   Thumb Code    26  stm32f7xx_hal_cortex.o(i.HAL_NVIC_EnableIRQ)
    HAL_NVIC_SetPriority                     0x0800115d   Thumb Code    60  stm32f7xx_hal_cortex.o(i.HAL_NVIC_SetPriority)
    HAL_NVIC_SetPriorityGrouping             0x0800119d   Thumb Code    28  stm32f7xx_hal_cortex.o(i.HAL_NVIC_SetPriorityGrouping)
    HAL_PWREx_EnableOverDrive                0x080011c1   Thumb Code   100  stm32f7xx_hal_pwr_ex.o(i.HAL_PWREx_EnableOverDrive)
    HAL_RCCEx_PeriphCLKConfig                0x0800122d   Thumb Code  1336  stm32f7xx_hal_rcc_ex.o(i.HAL_RCCEx_PeriphCLKConfig)
    HAL_RCC_ClockConfig                      0x08001769   Thumb Code   282  stm32f7xx_hal_rcc.o(i.HAL_RCC_ClockConfig)
    HAL_RCC_GetPCLK1Freq                     0x08001895   Thumb Code    20  stm32f7xx_hal_rcc.o(i.HAL_RCC_GetPCLK1Freq)
    HAL_RCC_GetPCLK2Freq                     0x080018b5   Thumb Code    20  stm32f7xx_hal_rcc.o(i.HAL_RCC_GetPCLK2Freq)
    HAL_RCC_GetSysClockFreq                  0x080018d5   Thumb Code    88  stm32f7xx_hal_rcc.o(i.HAL_RCC_GetSysClockFreq)
    HAL_RCC_OscConfig                        0x08001935   Thumb Code   814  stm32f7xx_hal_rcc.o(i.HAL_RCC_OscConfig)
    HAL_SYSTICK_Config                       0x08001c71   Thumb Code    38  stm32f7xx_hal_cortex.o(i.HAL_SYSTICK_Config)
    HAL_TIMEx_Break2Callback                 0x08001c97   Thumb Code     2  stm32f7xx_hal_tim_ex.o(i.HAL_TIMEx_Break2Callback)
    HAL_TIMEx_BreakCallback                  0x08001c99   Thumb Code     2  stm32f7xx_hal_tim_ex.o(i.HAL_TIMEx_BreakCallback)
    HAL_TIMEx_CommutCallback                 0x08001c9b   Thumb Code     2  stm32f7xx_hal_tim_ex.o(i.HAL_TIMEx_CommutCallback)
    HAL_TIMEx_MasterConfigSynchronization    0x08001c9d   Thumb Code    88  stm32f7xx_hal_tim_ex.o(i.HAL_TIMEx_MasterConfigSynchronization)
    HAL_TIM_Base_Init                        0x08001cfd   Thumb Code    54  stm32f7xx_hal_tim.o(i.HAL_TIM_Base_Init)
    HAL_TIM_Base_MspInit                     0x08001d35   Thumb Code    72  tim.o(i.HAL_TIM_Base_MspInit)
    HAL_TIM_Base_Start_IT                    0x08001d85   Thumb Code    40  stm32f7xx_hal_tim.o(i.HAL_TIM_Base_Start_IT)
    HAL_TIM_ConfigClockSource                0x08001db1   Thumb Code   214  stm32f7xx_hal_tim.o(i.HAL_TIM_ConfigClockSource)
    HAL_TIM_IC_CaptureCallback               0x08001e8d   Thumb Code     2  stm32f7xx_hal_tim.o(i.HAL_TIM_IC_CaptureCallback)
    HAL_TIM_IRQHandler                       0x08001e8f   Thumb Code   386  stm32f7xx_hal_tim.o(i.HAL_TIM_IRQHandler)
    HAL_TIM_MspPostInit                      0x08002011   Thumb Code    68  tim.o(i.HAL_TIM_MspPostInit)
    HAL_TIM_OC_DelayElapsedCallback          0x08002061   Thumb Code     2  stm32f7xx_hal_tim.o(i.HAL_TIM_OC_DelayElapsedCallback)
    HAL_TIM_PWM_ConfigChannel                0x08002063   Thumb Code   296  stm32f7xx_hal_tim.o(i.HAL_TIM_PWM_ConfigChannel)
    HAL_TIM_PWM_Init                         0x0800218b   Thumb Code    54  stm32f7xx_hal_tim.o(i.HAL_TIM_PWM_Init)
    HAL_TIM_PWM_MspInit                      0x080021c1   Thumb Code     2  stm32f7xx_hal_tim.o(i.HAL_TIM_PWM_MspInit)
    HAL_TIM_PWM_PulseFinishedCallback        0x080021c3   Thumb Code     2  stm32f7xx_hal_tim.o(i.HAL_TIM_PWM_PulseFinishedCallback)
    HAL_TIM_PeriodElapsedCallback            0x080021c5   Thumb Code    36  main.o(i.HAL_TIM_PeriodElapsedCallback)
    HAL_TIM_TriggerCallback                  0x080021f1   Thumb Code     2  stm32f7xx_hal_tim.o(i.HAL_TIM_TriggerCallback)
    HAL_UART_ErrorCallback                   0x080021f3   Thumb Code     2  stm32f7xx_hal_uart.o(i.HAL_UART_ErrorCallback)
    HAL_UART_IRQHandler                      0x080021f5   Thumb Code   292  stm32f7xx_hal_uart.o(i.HAL_UART_IRQHandler)
    HAL_UART_Init                            0x0800231d   Thumb Code   102  stm32f7xx_hal_uart.o(i.HAL_UART_Init)
    HAL_UART_MspInit                         0x08002385   Thumb Code   152  usart.o(i.HAL_UART_MspInit)
    HAL_UART_TxCpltCallback                  0x08002431   Thumb Code     2  stm32f7xx_hal_uart.o(i.HAL_UART_TxCpltCallback)
    HardFault_Handler                        0x08002433   Thumb Code     2  stm32f7xx_it.o(i.HardFault_Handler)
    MX_CAN1_Init                             0x08002435   Thumb Code    62  can.o(i.MX_CAN1_Init)
    MX_DMA_Init                              0x0800247d   Thumb Code    40  dma.o(i.MX_DMA_Init)
    MX_GFXSIMULATOR_Init                     0x080024a9   Thumb Code     2  gfxsimulator.o(i.MX_GFXSIMULATOR_Init)
    MX_GPIO_Init                             0x080024ad   Thumb Code   326  gpio.o(i.MX_GPIO_Init)
    MX_TIM2_Init                             0x08002619   Thumb Code    96  tim.o(i.MX_TIM2_Init)
    MX_TIM4_Init                             0x0800267d   Thumb Code   148  tim.o(i.MX_TIM4_Init)
    MX_USART3_UART_Init                      0x08002719   Thumb Code    52  usart.o(i.MX_USART3_UART_Init)
    MemManage_Handler                        0x08002755   Thumb Code     2  stm32f7xx_it.o(i.MemManage_Handler)
    NMI_Handler                              0x08002757   Thumb Code     2  stm32f7xx_it.o(i.NMI_Handler)
    PendSV_Handler                           0x08002759   Thumb Code     2  stm32f7xx_it.o(i.PendSV_Handler)
    SVC_Handler                              0x0800275b   Thumb Code     2  stm32f7xx_it.o(i.SVC_Handler)
    SysTick_Handler                          0x0800275d   Thumb Code     4  stm32f7xx_it.o(i.SysTick_Handler)
    SystemClock_Config                       0x08002761   Thumb Code   146  main.o(i.SystemClock_Config)
    SystemInit                               0x080027fd   Thumb Code    68  system_stm32f7xx.o(i.SystemInit)
    TIM2_IRQHandler                          0x08002851   Thumb Code     6  stm32f7xx_it.o(i.TIM2_IRQHandler)
    TIM_Base_SetConfig                       0x0800285d   Thumb Code   158  stm32f7xx_hal_tim.o(i.TIM_Base_SetConfig)
    TIM_ETR_SetConfig                        0x08002929   Thumb Code    18  stm32f7xx_hal_tim.o(i.TIM_ETR_SetConfig)
    TIM_OC2_SetConfig                        0x080029c1   Thumb Code   108  stm32f7xx_hal_tim.o(i.TIM_OC2_SetConfig)
    UART_AdvFeatureConfig                    0x08002bff   Thumb Code   200  stm32f7xx_hal_uart.o(i.UART_AdvFeatureConfig)
    UART_CheckIdleState                      0x08002cc7   Thumb Code    60  stm32f7xx_hal_uart.o(i.UART_CheckIdleState)
    UART_SetConfig                           0x08002d39   Thumb Code   546  stm32f7xx_hal_uart.o(i.UART_SetConfig)
    UART_WaitOnFlagUntilTimeout              0x08002f8d   Thumb Code    96  stm32f7xx_hal_uart.o(i.UART_WaitOnFlagUntilTimeout)
    USART3_IRQHandler                        0x08002fed   Thumb Code     6  stm32f7xx_it.o(i.USART3_IRQHandler)
    UsageFault_Handler                       0x08002ff9   Thumb Code     2  stm32f7xx_it.o(i.UsageFault_Handler)
    __scatterload_copy                       0x0800301d   Thumb Code    14  handlers.o(i.__scatterload_copy)
    __scatterload_null                       0x0800302b   Thumb Code     2  handlers.o(i.__scatterload_null)
    __scatterload_zeroinit                   0x0800302d   Thumb Code    14  handlers.o(i.__scatterload_zeroinit)
    main                                     0x0800303d   Thumb Code    54  main.o(i.main)
    AHBPrescTable                            0x08003080   Data          16  system_stm32f7xx.o(.constdata)
    APBPrescTable                            0x08003090   Data           8  system_stm32f7xx.o(.constdata)
    Region$$Table$$Base                      0x08003098   Number         0  anon$$obj.o(Region$$Table)
    Region$$Table$$Limit                     0x080030b8   Number         0  anon$$obj.o(Region$$Table)
    timer2_counter1                          0x20000000   Data           4  main.o(.data)
    uwTickFreq                               0x20000014   Data           1  stm32f7xx_hal.o(.data)
    uwTickPrio                               0x20000018   Data           4  stm32f7xx_hal.o(.data)
    uwTick                                   0x2000001c   Data           4  stm32f7xx_hal.o(.data)
    SystemCoreClock                          0x20000020   Data           4  system_stm32f7xx.o(.data)
    hcan1                                    0x20000024   Data          40  can.o(.bss)
    htim2                                    0x200000a8   Data          64  tim.o(.bss)
    htim4                                    0x200000e8   Data          64  tim.o(.bss)
    huart3                                   0x20000128   Data         128  usart.o(.bss)
    hdma_usart3_tx                           0x200001a8   Data          96  usart.o(.bss)
    __initial_sp                             0x20000608   Data           0  startup_stm32f767xx.o(STACK)



==============================================================================

Memory Map of the image

  Image Entry point : 0x080001f9

  Load Region LR_IROM1 (Base: 0x08000000, Size: 0x000030dc, Max: 0x00200000, ABSOLUTE)

    Execution Region ER_IROM1 (Exec base: 0x08000000, Load base: 0x08000000, Size: 0x000030b8, Max: 0x00200000, ABSOLUTE)

    Exec Addr    Load Addr    Size         Type   Attr      Idx    E Section Name        Object

    0x08000000   0x08000000   0x000001f8   Data   RO            3    RESET               startup_stm32f767xx.o
    0x080001f8   0x080001f8   0x00000000   Code   RO         3940  * .ARM.Collect$$$$00000000  mc_w.l(entry.o)
    0x080001f8   0x080001f8   0x00000004   Code   RO         3947    .ARM.Collect$$$$00000001  mc_w.l(entry2.o)
    0x080001fc   0x080001fc   0x00000004   Code   RO         3950    .ARM.Collect$$$$00000004  mc_w.l(entry5.o)
    0x08000200   0x08000200   0x00000000   Code   RO         3952    .ARM.Collect$$$$00000008  mc_w.l(entry7b.o)
    0x08000200   0x08000200   0x00000000   Code   RO         3954    .ARM.Collect$$$$0000000A  mc_w.l(entry8b.o)
    0x08000200   0x08000200   0x00000008   Code   RO         3955    .ARM.Collect$$$$0000000B  mc_w.l(entry9a.o)
    0x08000208   0x08000208   0x00000000   Code   RO         3957    .ARM.Collect$$$$0000000D  mc_w.l(entry10a.o)
    0x08000208   0x08000208   0x00000000   Code   RO         3959    .ARM.Collect$$$$0000000F  mc_w.l(entry11a.o)
    0x08000208   0x08000208   0x00000004   Code   RO         3948    .ARM.Collect$$$$00002712  mc_w.l(entry2.o)
    0x0800020c   0x0800020c   0x00000024   Code   RO            4    .text               startup_stm32f767xx.o
    0x08000230   0x08000230   0x00000062   Code   RO         3943    .text               mc_w.l(uldiv.o)
    0x08000292   0x08000292   0x00000024   Code   RO         3945    .text               mc_w.l(memseta.o)
    0x080002b6   0x080002b6   0x0000001e   Code   RO         3961    .text               mc_w.l(llshl.o)
    0x080002d4   0x080002d4   0x00000020   Code   RO         3963    .text               mc_w.l(llushr.o)
    0x080002f4   0x080002f4   0x00000024   Code   RO         3965    .text               mc_w.l(init.o)
    0x08000318   0x08000318   0x00000002   Code   RO          534    i.BusFault_Handler  stm32f7xx_it.o
    0x0800031a   0x0800031a   0x00000002   PAD
    0x0800031c   0x0800031c   0x00000034   Code   RO          311    i.CAN1_Filter_Setup  can.o
    0x08000350   0x08000350   0x0000000c   Code   RO          535    i.CAN1_RX0_IRQHandler  stm32f7xx_it.o
    0x0800035c   0x0800035c   0x0000000c   Code   RO          536    i.CAN1_RX1_IRQHandler  stm32f7xx_it.o
    0x08000368   0x08000368   0x00000054   Code   RO          312    i.CAN1_Send_Nucleo_F7_Packet  can.o
    0x080003bc   0x080003bc   0x0000002c   Code   RO          313    i.CAN1_Start        can.o
    0x080003e8   0x080003e8   0x0000000c   Code   RO          537    i.CAN1_TX_IRQHandler  stm32f7xx_it.o
    0x080003f4   0x080003f4   0x0000000c   Code   RO          538    i.DMA1_Stream3_IRQHandler  stm32f7xx_it.o
    0x08000400   0x08000400   0x00000028   Code   RO         2761    i.DMA_CalcBaseAndBitshift  stm32f7xx_hal_dma.o
    0x08000428   0x08000428   0x00000054   Code   RO         2762    i.DMA_CheckFifoParam  stm32f7xx_hal_dma.o
    0x0800047c   0x0800047c   0x00000002   Code   RO          539    i.DebugMon_Handler  stm32f7xx_it.o
    0x0800047e   0x0800047e   0x00000002   Code   RO           13    i.Error_Handler     main.o
    0x08000480   0x08000480   0x00000024   Code   RO          671    i.HAL_CAN_ActivateNotification  stm32f7xx_hal_can.o
    0x080004a4   0x080004a4   0x000000d6   Code   RO          672    i.HAL_CAN_AddTxMessage  stm32f7xx_hal_can.o
    0x0800057a   0x0800057a   0x00000002   PAD
    0x0800057c   0x0800057c   0x00000120   Code   RO          673    i.HAL_CAN_ConfigFilter  stm32f7xx_hal_can.o
    0x0800069c   0x0800069c   0x00000002   Code   RO          676    i.HAL_CAN_ErrorCallback  stm32f7xx_hal_can.o
    0x0800069e   0x0800069e   0x00000002   PAD
    0x080006a0   0x080006a0   0x000000fa   Code   RO          679    i.HAL_CAN_GetRxMessage  stm32f7xx_hal_can.o
    0x0800079a   0x0800079a   0x000001fc   Code   RO          683    i.HAL_CAN_IRQHandler  stm32f7xx_hal_can.o
    0x08000996   0x08000996   0x0000011a   Code   RO          684    i.HAL_CAN_Init      stm32f7xx_hal_can.o
    0x08000ab0   0x08000ab0   0x00000094   Code   RO          316    i.HAL_CAN_MspInit   can.o
    0x08000b44   0x08000b44   0x00000002   Code   RO          691    i.HAL_CAN_RxFifo0FullCallback  stm32f7xx_hal_can.o
    0x08000b46   0x08000b46   0x00000002   PAD
    0x08000b48   0x08000b48   0x00000028   Code   RO          317    i.HAL_CAN_RxFifo0MsgPendingCallback  can.o
    0x08000b70   0x08000b70   0x00000002   Code   RO          693    i.HAL_CAN_RxFifo1FullCallback  stm32f7xx_hal_can.o
    0x08000b72   0x08000b72   0x00000002   Code   RO          694    i.HAL_CAN_RxFifo1MsgPendingCallback  stm32f7xx_hal_can.o
    0x08000b74   0x08000b74   0x00000002   Code   RO          695    i.HAL_CAN_SleepCallback  stm32f7xx_hal_can.o
    0x08000b76   0x08000b76   0x00000002   PAD
    0x08000b78   0x08000b78   0x00000058   Code   RO          696    i.HAL_CAN_Start     stm32f7xx_hal_can.o
    0x08000bd0   0x08000bd0   0x00000002   Code   RO          698    i.HAL_CAN_TxMailbox0AbortCallback  stm32f7xx_hal_can.o
    0x08000bd2   0x08000bd2   0x00000002   Code   RO          699    i.HAL_CAN_TxMailbox0CompleteCallback  stm32f7xx_hal_can.o
    0x08000bd4   0x08000bd4   0x00000002   Code   RO          700    i.HAL_CAN_TxMailbox1AbortCallback  stm32f7xx_hal_can.o
    0x08000bd6   0x08000bd6   0x00000002   Code   RO          701    i.HAL_CAN_TxMailbox1CompleteCallback  stm32f7xx_hal_can.o
    0x08000bd8   0x08000bd8   0x00000002   Code   RO          702    i.HAL_CAN_TxMailbox2AbortCallback  stm32f7xx_hal_can.o
    0x08000bda   0x08000bda   0x00000002   Code   RO          703    i.HAL_CAN_TxMailbox2CompleteCallback  stm32f7xx_hal_can.o
    0x08000bdc   0x08000bdc   0x00000002   Code   RO          705    i.HAL_CAN_WakeUpFromRxMsgCallback  stm32f7xx_hal_can.o
    0x08000bde   0x08000bde   0x00000024   Code   RO         2765    i.HAL_DMA_Abort_IT  stm32f7xx_hal_dma.o
    0x08000c02   0x08000c02   0x00000002   PAD
    0x08000c04   0x08000c04   0x000001a0   Code   RO         2769    i.HAL_DMA_IRQHandler  stm32f7xx_hal_dma.o
    0x08000da4   0x08000da4   0x000000e4   Code   RO         2770    i.HAL_DMA_Init      stm32f7xx_hal_dma.o
    0x08000e88   0x08000e88   0x00000024   Code   RO         3131    i.HAL_Delay         stm32f7xx_hal.o
    0x08000eac   0x08000eac   0x000001d8   Code   RO         2698    i.HAL_GPIO_Init     stm32f7xx_hal_gpio.o
    0x08001084   0x08001084   0x0000000e   Code   RO         2701    i.HAL_GPIO_TogglePin  stm32f7xx_hal_gpio.o
    0x08001092   0x08001092   0x0000000a   Code   RO         2702    i.HAL_GPIO_WritePin  stm32f7xx_hal_gpio.o
    0x0800109c   0x0800109c   0x0000000c   Code   RO         3141    i.HAL_GetTick       stm32f7xx_hal.o
    0x080010a8   0x080010a8   0x00000010   Code   RO         3147    i.HAL_IncTick       stm32f7xx_hal.o
    0x080010b8   0x080010b8   0x00000016   Code   RO         3148    i.HAL_Init          stm32f7xx_hal.o
    0x080010ce   0x080010ce   0x00000002   PAD
    0x080010d0   0x080010d0   0x00000040   Code   RO         3149    i.HAL_InitTick      stm32f7xx_hal.o
    0x08001110   0x08001110   0x00000030   Code   RO          646    i.HAL_MspInit       stm32f7xx_hal_msp.o
    0x08001140   0x08001140   0x0000001a   Code   RO          909    i.HAL_NVIC_EnableIRQ  stm32f7xx_hal_cortex.o
    0x0800115a   0x0800115a   0x00000002   PAD
    0x0800115c   0x0800115c   0x00000040   Code   RO          915    i.HAL_NVIC_SetPriority  stm32f7xx_hal_cortex.o
    0x0800119c   0x0800119c   0x00000024   Code   RO          916    i.HAL_NVIC_SetPriorityGrouping  stm32f7xx_hal_cortex.o
    0x080011c0   0x080011c0   0x0000006c   Code   RO         3038    i.HAL_PWREx_EnableOverDrive  stm32f7xx_hal_pwr_ex.o
    0x0800122c   0x0800122c   0x0000053c   Code   RO         2459    i.HAL_RCCEx_PeriphCLKConfig  stm32f7xx_hal_rcc_ex.o
    0x08001768   0x08001768   0x0000012c   Code   RO         2352    i.HAL_RCC_ClockConfig  stm32f7xx_hal_rcc.o
    0x08001894   0x08001894   0x00000020   Code   RO         2359    i.HAL_RCC_GetPCLK1Freq  stm32f7xx_hal_rcc.o
    0x080018b4   0x080018b4   0x00000020   Code   RO         2360    i.HAL_RCC_GetPCLK2Freq  stm32f7xx_hal_rcc.o
    0x080018d4   0x080018d4   0x00000060   Code   RO         2361    i.HAL_RCC_GetSysClockFreq  stm32f7xx_hal_rcc.o
    0x08001934   0x08001934   0x0000033c   Code   RO         2364    i.HAL_RCC_OscConfig  stm32f7xx_hal_rcc.o
    0x08001c70   0x08001c70   0x00000026   Code   RO          920    i.HAL_SYSTICK_Config  stm32f7xx_hal_cortex.o
    0x08001c96   0x08001c96   0x00000002   Code   RO         1726    i.HAL_TIMEx_Break2Callback  stm32f7xx_hal_tim_ex.o
    0x08001c98   0x08001c98   0x00000002   Code   RO         1727    i.HAL_TIMEx_BreakCallback  stm32f7xx_hal_tim_ex.o
    0x08001c9a   0x08001c9a   0x00000002   Code   RO         1728    i.HAL_TIMEx_CommutCallback  stm32f7xx_hal_tim_ex.o
    0x08001c9c   0x08001c9c   0x00000060   Code   RO         1747    i.HAL_TIMEx_MasterConfigSynchronization  stm32f7xx_hal_tim_ex.o
    0x08001cfc   0x08001cfc   0x00000036   Code   RO         1041    i.HAL_TIM_Base_Init  stm32f7xx_hal_tim.o
    0x08001d32   0x08001d32   0x00000002   PAD
    0x08001d34   0x08001d34   0x00000050   Code   RO          439    i.HAL_TIM_Base_MspInit  tim.o
    0x08001d84   0x08001d84   0x0000002c   Code   RO         1046    i.HAL_TIM_Base_Start_IT  stm32f7xx_hal_tim.o
    0x08001db0   0x08001db0   0x000000dc   Code   RO         1050    i.HAL_TIM_ConfigClockSource  stm32f7xx_hal_tim.o
    0x08001e8c   0x08001e8c   0x00000002   Code   RO         1070    i.HAL_TIM_IC_CaptureCallback  stm32f7xx_hal_tim.o
    0x08001e8e   0x08001e8e   0x00000182   Code   RO         1084    i.HAL_TIM_IRQHandler  stm32f7xx_hal_tim.o
    0x08002010   0x08002010   0x00000050   Code   RO          440    i.HAL_TIM_MspPostInit  tim.o
    0x08002060   0x08002060   0x00000002   Code   RO         1087    i.HAL_TIM_OC_DelayElapsedCallback  stm32f7xx_hal_tim.o
    0x08002062   0x08002062   0x00000128   Code   RO         1108    i.HAL_TIM_PWM_ConfigChannel  stm32f7xx_hal_tim.o
    0x0800218a   0x0800218a   0x00000036   Code   RO         1111    i.HAL_TIM_PWM_Init  stm32f7xx_hal_tim.o
    0x080021c0   0x080021c0   0x00000002   Code   RO         1113    i.HAL_TIM_PWM_MspInit  stm32f7xx_hal_tim.o
    0x080021c2   0x080021c2   0x00000002   Code   RO         1114    i.HAL_TIM_PWM_PulseFinishedCallback  stm32f7xx_hal_tim.o
    0x080021c4   0x080021c4   0x0000002c   Code   RO           14    i.HAL_TIM_PeriodElapsedCallback  main.o
    0x080021f0   0x080021f0   0x00000002   Code   RO         1127    i.HAL_TIM_TriggerCallback  stm32f7xx_hal_tim.o
    0x080021f2   0x080021f2   0x00000002   Code   RO         2017    i.HAL_UART_ErrorCallback  stm32f7xx_hal_uart.o
    0x080021f4   0x080021f4   0x00000128   Code   RO         2020    i.HAL_UART_IRQHandler  stm32f7xx_hal_uart.o
    0x0800231c   0x0800231c   0x00000066   Code   RO         2021    i.HAL_UART_Init     stm32f7xx_hal_uart.o
    0x08002382   0x08002382   0x00000002   PAD
    0x08002384   0x08002384   0x000000ac   Code   RO          493    i.HAL_UART_MspInit  usart.o
    0x08002430   0x08002430   0x00000002   Code   RO         2032    i.HAL_UART_TxCpltCallback  stm32f7xx_hal_uart.o
    0x08002432   0x08002432   0x00000002   Code   RO          540    i.HardFault_Handler  stm32f7xx_it.o
    0x08002434   0x08002434   0x00000048   Code   RO          318    i.MX_CAN1_Init      can.o
    0x0800247c   0x0800247c   0x0000002c   Code   RO          384    i.MX_DMA_Init       dma.o
    0x080024a8   0x080024a8   0x00000002   Code   RO          411    i.MX_GFXSIMULATOR_Init  gfxsimulator.o
    0x080024aa   0x080024aa   0x00000002   PAD
    0x080024ac   0x080024ac   0x0000016c   Code   RO          185    i.MX_GPIO_Init      gpio.o
    0x08002618   0x08002618   0x00000064   Code   RO          441    i.MX_TIM2_Init      tim.o
    0x0800267c   0x0800267c   0x0000009c   Code   RO          442    i.MX_TIM4_Init      tim.o
    0x08002718   0x08002718   0x0000003c   Code   RO          494    i.MX_USART3_UART_Init  usart.o
    0x08002754   0x08002754   0x00000002   Code   RO          541    i.MemManage_Handler  stm32f7xx_it.o
    0x08002756   0x08002756   0x00000002   Code   RO          542    i.NMI_Handler       stm32f7xx_it.o
    0x08002758   0x08002758   0x00000002   Code   RO          543    i.PendSV_Handler    stm32f7xx_it.o
    0x0800275a   0x0800275a   0x00000002   Code   RO          544    i.SVC_Handler       stm32f7xx_it.o
    0x0800275c   0x0800275c   0x00000004   Code   RO          545    i.SysTick_Handler   stm32f7xx_it.o
    0x08002760   0x08002760   0x0000009c   Code   RO           15    i.SystemClock_Config  main.o
    0x080027fc   0x080027fc   0x00000054   Code   RO         3906    i.SystemInit        system_stm32f7xx.o
    0x08002850   0x08002850   0x0000000c   Code   RO          546    i.TIM2_IRQHandler   stm32f7xx_it.o
    0x0800285c   0x0800285c   0x000000cc   Code   RO         1129    i.TIM_Base_SetConfig  stm32f7xx_hal_tim.o
    0x08002928   0x08002928   0x00000012   Code   RO         1140    i.TIM_ETR_SetConfig  stm32f7xx_hal_tim.o
    0x0800293a   0x0800293a   0x00000010   Code   RO         1141    i.TIM_ITRx_SetConfig  stm32f7xx_hal_tim.o
    0x0800294a   0x0800294a   0x00000002   PAD
    0x0800294c   0x0800294c   0x00000074   Code   RO         1142    i.TIM_OC1_SetConfig  stm32f7xx_hal_tim.o
    0x080029c0   0x080029c0   0x00000078   Code   RO         1143    i.TIM_OC2_SetConfig  stm32f7xx_hal_tim.o
    0x08002a38   0x08002a38   0x00000078   Code   RO         1144    i.TIM_OC3_SetConfig  stm32f7xx_hal_tim.o
    0x08002ab0   0x08002ab0   0x00000058   Code   RO         1145    i.TIM_OC4_SetConfig  stm32f7xx_hal_tim.o
    0x08002b08   0x08002b08   0x00000058   Code   RO         1146    i.TIM_OC5_SetConfig  stm32f7xx_hal_tim.o
    0x08002b60   0x08002b60   0x00000058   Code   RO         1147    i.TIM_OC6_SetConfig  stm32f7xx_hal_tim.o
    0x08002bb8   0x08002bb8   0x00000022   Code   RO         1149    i.TIM_TI1_ConfigInputStage  stm32f7xx_hal_tim.o
    0x08002bda   0x08002bda   0x00000024   Code   RO         1151    i.TIM_TI2_ConfigInputStage  stm32f7xx_hal_tim.o
    0x08002bfe   0x08002bfe   0x000000c8   Code   RO         2034    i.UART_AdvFeatureConfig  stm32f7xx_hal_uart.o
    0x08002cc6   0x08002cc6   0x0000003c   Code   RO         2035    i.UART_CheckIdleState  stm32f7xx_hal_uart.o
    0x08002d02   0x08002d02   0x00000014   Code   RO         2036    i.UART_DMAAbortOnError  stm32f7xx_hal_uart.o
    0x08002d16   0x08002d16   0x00000020   Code   RO         2046    i.UART_EndRxTransfer  stm32f7xx_hal_uart.o
    0x08002d36   0x08002d36   0x00000002   PAD
    0x08002d38   0x08002d38   0x00000254   Code   RO         2050    i.UART_SetConfig    stm32f7xx_hal_uart.o
    0x08002f8c   0x08002f8c   0x00000060   Code   RO         2053    i.UART_WaitOnFlagUntilTimeout  stm32f7xx_hal_uart.o
    0x08002fec   0x08002fec   0x0000000c   Code   RO          547    i.USART3_IRQHandler  stm32f7xx_it.o
    0x08002ff8   0x08002ff8   0x00000002   Code   RO          548    i.UsageFault_Handler  stm32f7xx_it.o
    0x08002ffa   0x08002ffa   0x00000022   Code   RO          922    i.__NVIC_SetPriority  stm32f7xx_hal_cortex.o
    0x0800301c   0x0800301c   0x0000000e   Code   RO         3969    i.__scatterload_copy  mc_w.l(handlers.o)
    0x0800302a   0x0800302a   0x00000002   Code   RO         3970    i.__scatterload_null  mc_w.l(handlers.o)
    0x0800302c   0x0800302c   0x0000000e   Code   RO         3971    i.__scatterload_zeroinit  mc_w.l(handlers.o)
    0x0800303a   0x0800303a   0x00000002   PAD
    0x0800303c   0x0800303c   0x0000003c   Code   RO           16    i.main              main.o
    0x08003078   0x08003078   0x00000008   Data   RO         2776    .constdata          stm32f7xx_hal_dma.o
    0x08003080   0x08003080   0x00000010   Data   RO         3907    .constdata          system_stm32f7xx.o
    0x08003090   0x08003090   0x00000008   Data   RO         3908    .constdata          system_stm32f7xx.o
    0x08003098   0x08003098   0x00000020   Data   RO         3967    Region$$Table       anon$$obj.o


    Execution Region RW_IRAM1 (Exec base: 0x20000000, Load base: 0x080030b8, Size: 0x00000608, Max: 0x00080000, ABSOLUTE)

    Exec Addr    Load Addr    Size         Type   Attr      Idx    E Section Name        Object

    0x20000000   0x080030b8   0x00000004   Data   RW           17    .data               main.o
    0x20000004   0x080030bc   0x00000010   Data   RW          320    .data               can.o
    0x20000014   0x080030cc   0x0000000c   Data   RW         3155    .data               stm32f7xx_hal.o
    0x20000020   0x080030d8   0x00000004   Data   RW         3909    .data               system_stm32f7xx.o
    0x20000024        -       0x00000084   Zero   RW          319    .bss                can.o
    0x200000a8        -       0x00000080   Zero   RW          443    .bss                tim.o
    0x20000128        -       0x000000e0   Zero   RW          495    .bss                usart.o
    0x20000208        -       0x00000400   Zero   RW            1    STACK               startup_stm32f767xx.o


==============================================================================

Image component sizes


      Code (inc. data)   RO Data    RW Data    ZI Data      Debug   Object Name

       440         56          0         16        132       4439   can.o
        44          4          0          0          0        806   dma.o
         2          0          0          0          0        487   gfxsimulator.o
       364         38          0          0          0     861363   gpio.o
       262         24          0          4          0     850898   main.o
        36          8        504          0       1024        860   startup_stm32f767xx.o
       150         24          0         12          0       9381   stm32f7xx_hal.o
      1690         10          0          0          0      14883   stm32f7xx_hal_can.o
       198         12          0          0          0      39143   stm32f7xx_hal_cortex.o
       804         16          8          0          0       4963   stm32f7xx_hal_dma.o
       496         54          0          0          0       3297   stm32f7xx_hal_gpio.o
        48          6          0          0          0        874   stm32f7xx_hal_msp.o
       108          8          0          0          0       1320   stm32f7xx_hal_pwr_ex.o
      1288         64          0          0          0       5264   stm32f7xx_hal_rcc.o
      1340         22          0          0          0       2376   stm32f7xx_hal_rcc_ex.o
      1992        134          0          0          0      17366   stm32f7xx_hal_tim.o
       102          8          0          0          0       3180   stm32f7xx_hal_tim_ex.o
      1406         74          0          0          0       8794   stm32f7xx_hal_uart.o
        92         36          0          0          0       7251   stm32f7xx_it.o
        84         16         24          4          0       1299   system_stm32f7xx.o
       416         32          0          0        128       3253   tim.o
       232         28          0          0        224       1877   usart.o

    ----------------------------------------------------------------------
     11620        674        568         36       1508    1843374   Object Totals
         0          0         32          0          0          0   (incl. Generated)
        26          0          0          0          0          0   (incl. Padding)

    ----------------------------------------------------------------------

      Code (inc. data)   RO Data    RW Data    ZI Data      Debug   Library Member Name

         0          0          0          0          0          0   entry.o
         0          0          0          0          0          0   entry10a.o
         0          0          0          0          0          0   entry11a.o
         8          4          0          0          0          0   entry2.o
         4          0          0          0          0          0   entry5.o
         0          0          0          0          0          0   entry7b.o
         0          0          0          0          0          0   entry8b.o
         8          4          0          0          0          0   entry9a.o
        30          0          0          0          0          0   handlers.o
        36          8          0          0          0         68   init.o
        30          0          0          0          0         68   llshl.o
        32          0          0          0          0         68   llushr.o
        36          0          0          0          0        108   memseta.o
        98          0          0          0          0         92   uldiv.o

    ----------------------------------------------------------------------
       284         16          0          0          0        404   Library Totals
         2          0          0          0          0          0   (incl. Padding)

    ----------------------------------------------------------------------

      Code (inc. data)   RO Data    RW Data    ZI Data      Debug   Library Name

       282         16          0          0          0        404   mc_w.l

    ----------------------------------------------------------------------
       284         16          0          0          0        404   Library Totals

    ----------------------------------------------------------------------

==============================================================================


      Code (inc. data)   RO Data    RW Data    ZI Data      Debug   

     11904        690        568         36       1508    1832978   Grand Totals
     11904        690        568         36       1508    1832978   ELF Image Totals
     11904        690        568         36          0          0   ROM Totals

==============================================================================

    Total RO  Size (Code + RO Data)                12472 (  12.18kB)
    Total RW  Size (RW Data + ZI Data)              1544 (   1.51kB)
    Total ROM Size (Code + RO Data + RW Data)      12508 (  12.21kB)

==============================================================================

