Component: ARM Compiler 5.06 update 5 (build 528) Tool: armlink [4d35e2]

==============================================================================

Section Cross References

    startup_stm32f767xx.o(RESET) refers to startup_stm32f767xx.o(STACK) for __initial_sp
    startup_stm32f767xx.o(RESET) refers to startup_stm32f767xx.o(.text) for Reset_Handler
    startup_stm32f767xx.o(RESET) refers to stm32f7xx_it.o(i.NMI_Handler) for NMI_Handler
    startup_stm32f767xx.o(RESET) refers to stm32f7xx_it.o(i.HardFault_Handler) for HardFault_Handler
    startup_stm32f767xx.o(RESET) refers to stm32f7xx_it.o(i.MemManage_Handler) for MemManage_Handler
    startup_stm32f767xx.o(RESET) refers to stm32f7xx_it.o(i.BusFault_Handler) for BusFault_Handler
    startup_stm32f767xx.o(RESET) refers to stm32f7xx_it.o(i.UsageFault_Handler) for UsageFault_Handler
    startup_stm32f767xx.o(RESET) refers to stm32f7xx_it.o(i.SVC_Handler) for SVC_Handler
    startup_stm32f767xx.o(RESET) refers to stm32f7xx_it.o(i.DebugMon_Handler) for DebugMon_Handler
    startup_stm32f767xx.o(RESET) refers to stm32f7xx_it.o(i.PendSV_Handler) for PendSV_Handler
    startup_stm32f767xx.o(RESET) refers to stm32f7xx_it.o(i.SysTick_Handler) for SysTick_Handler
    startup_stm32f767xx.o(RESET) refers to stm32f7xx_it.o(i.DMA1_Stream3_IRQHandler) for DMA1_Stream3_IRQHandler
    startup_stm32f767xx.o(RESET) refers to stm32f7xx_it.o(i.ADC_IRQHandler) for ADC_IRQHandler
    startup_stm32f767xx.o(RESET) refers to stm32f7xx_it.o(i.TIM2_IRQHandler) for TIM2_IRQHandler
    startup_stm32f767xx.o(RESET) refers to stm32f7xx_it.o(i.USART3_IRQHandler) for USART3_IRQHandler
    startup_stm32f767xx.o(RESET) refers to stm32f7xx_it.o(i.DMA2_Stream0_IRQHandler) for DMA2_Stream0_IRQHandler
    startup_stm32f767xx.o(.text) refers to system_stm32f7xx.o(i.SystemInit) for SystemInit
    startup_stm32f767xx.o(.text) refers to entry.o(.ARM.Collect$$$$00000000) for __main
    clutchmotor_init_wrapper.o(i.ClutchMotor_init_Outputs_wrapper) refers to stm32f7xx_hal_tim.o(i.HAL_TIM_PWM_Start) for HAL_TIM_PWM_Start
    clutchmotor_init_wrapper.o(i.ClutchMotor_init_Outputs_wrapper) refers to clutchmotor_setuppwm_wrapper.o(i.ClutchMotor_setupPWM_Outputs_wrapper) for ClutchMotor_setupPWM_Outputs_wrapper
    clutchmotor_init_wrapper.o(i.ClutchMotor_init_Outputs_wrapper) refers to tim.o(.bss) for htim4
    clutchmotor_setposition_wrapper.o(i.ClutchMotor_setPosition_Outputs_wrapper) refers to stm32f7xx_hal_tim.o(i.HAL_TIM_PWM_ConfigChannel) for HAL_TIM_PWM_ConfigChannel
    clutchmotor_setposition_wrapper.o(i.ClutchMotor_setPosition_Outputs_wrapper) refers to stm32f7xx_hal_tim.o(i.HAL_TIM_PWM_Start) for HAL_TIM_PWM_Start
    clutchmotor_setposition_wrapper.o(i.ClutchMotor_setPosition_Outputs_wrapper) refers to tim.o(.bss) for htim4
    clutchmotor_setuppwm_wrapper.o(i.ClutchMotor_setupPWM_Outputs_wrapper) refers to clutchmotor_setposition_wrapper.o(i.ClutchMotor_setPosition_Outputs_wrapper) for ClutchMotor_setPosition_Outputs_wrapper
    efi_setcut_wrapper.o(i.Efi_setCut_Outputs_wrapper) refers to stm32f7xx_hal_gpio.o(i.HAL_GPIO_WritePin) for HAL_GPIO_WritePin
    efi_setrpmlimiter_wrapper.o(i.Efi_setRPMLimiter_Outputs_wrapper) refers to stm32f7xx_hal_gpio.o(i.HAL_GPIO_WritePin) for HAL_GPIO_WritePin
    efi_unsetcut_wrapper.o(i.Efi_unsetCut_Outputs_wrapper) refers to stm32f7xx_hal_gpio.o(i.HAL_GPIO_WritePin) for HAL_GPIO_WritePin
    efi_unsetrpmlimiter_wrapper.o(i.Efi_unsetRPMLimiter_Outputs_wrapper) refers to stm32f7xx_hal_gpio.o(i.HAL_GPIO_WritePin) for HAL_GPIO_WritePin
    gearmotor_brake_wrapper.o(i.GearMotor_brake_Outputs_wrapper) refers to stm32f7xx_hal_gpio.o(i.HAL_GPIO_WritePin) for HAL_GPIO_WritePin
    gearmotor_init_wrapper.o(i.GearMotor_init_Outputs_wrapper) refers to gearmotor_release_wrapper.o(i.GearMotor_release_Outputs_wrapper) for GearMotor_release_Outputs_wrapper
    gearmotor_release_wrapper.o(i.GearMotor_release_Outputs_wrapper) refers to stm32f7xx_hal_gpio.o(i.HAL_GPIO_WritePin) for HAL_GPIO_WritePin
    gearmotor_turnleft_wrapper.o(i.GearMotor_turnLeft_Outputs_wrapper) refers to stm32f7xx_hal_gpio.o(i.HAL_GPIO_WritePin) for HAL_GPIO_WritePin
    gearmotor_turnright_wrapper.o(i.GearMotor_turnRight_Outputs_wrapper) refers to stm32f7xx_hal_gpio.o(i.HAL_GPIO_WritePin) for HAL_GPIO_WritePin
    senduart_wrapper.o(i.sendUART_Outputs_wrapper) refers to stm32f7xx_hal_uart.o(i.HAL_UART_Transmit_DMA) for HAL_UART_Transmit_DMA
    senduart_wrapper.o(i.sendUART_Outputs_wrapper) refers to main.o(.bss) for tempMsg
    senduart_wrapper.o(i.sendUART_Outputs_wrapper) refers to usart.o(.bss) for huart3
    initadc_wrapper.o(i.InitADC_Outputs_wrapper) refers to stm32f7xx_hal_adc.o(i.HAL_ADC_Start_DMA) for HAL_ADC_Start_DMA
    initadc_wrapper.o(i.InitADC_Outputs_wrapper) refers to gcu_model_gencode.o(.bss) for rtU
    initadc_wrapper.o(i.InitADC_Outputs_wrapper) refers to adc.o(.bss) for hadc1
[...]
    DMA_CalcBaseAndBitshift                  0x08000b41   Thumb Code    34  stm32f7xx_hal_dma.o(i.DMA_CalcBaseAndBitshift)
    i.DMA_CheckFifoParam                     0x08000b68   Section        0  stm32f7xx_hal_dma.o(i.DMA_CheckFifoParam)
    DMA_CheckFifoParam                       0x08000b69   Thumb Code    84  stm32f7xx_hal_dma.o(i.DMA_CheckFifoParam)
    i.DMA_SetConfig                          0x08000bbc   Section        0  stm32f7xx_hal_dma.o(i.DMA_SetConfig)
    DMA_SetConfig                            0x08000bbd   Thumb Code    40  stm32f7xx_hal_dma.o(i.DMA_SetConfig)
    i.DebugMon_Handler                       0x08000be4   Section        0  stm32f7xx_it.o(i.DebugMon_Handler)
    i.Efi_init_Outputs_wrapper               0x08000be6   Section        0  efi_init_wrapper.o(i.Efi_init_Outputs_wrapper)
    i.Efi_setCut_Outputs_wrapper             0x08000be8   Section        0  efi_setcut_wrapper.o(i.Efi_setCut_Outputs_wrapper)
    i.Efi_setRPMLimiter_Outputs_wrapper      0x08000bfc   Section        0  efi_setrpmlimiter_wrapper.o(i.Efi_setRPMLimiter_Outputs_wrapper)
    i.Efi_unsetCut_Outputs_wrapper           0x08000c10   Section        0  efi_unsetcut_wrapper.o(i.Efi_unsetCut_Outputs_wrapper)
    i.Efi_unsetRPMLimiter_Outputs_wrapper    0x08000c24   Section        0  efi_unsetrpmlimiter_wrapper.o(i.Efi_unsetRPMLimiter_Outputs_wrapper)
    i.Efi_unsetRpmLimiter                    0x08000c38   Section        0  gcu_model_gencode.o(i.Efi_unsetRpmLimiter)
    Efi_unsetRpmLimiter                      0x08000c39   Thumb Code    18  gcu_model_gencode.o(i.Efi_unsetRpmLimiter)
    i.EngineControl_Start                    0x08000c4a   Section        0  gcu_model_gencode.o(i.EngineControl_Start)
    EngineControl_Start                      0x08000c4b   Thumb Code    18  gcu_model_gencode.o(i.EngineControl_Start)
    i.EngineControl_start_Outputs_wrapper    0x08000c5c   Section        0  enginecontrol_start_wrapper.o(i.EngineControl_start_Outputs_wrapper)
    i.EngineControl_stop_Outputs_wrapper     0x08000c62   Section        0  enginecontrol_stop_wrapper.o(i.EngineControl_stop_Outputs_wrapper)
    i.Error_Handler                          0x08000c68   Section        0  main.o(i.Error_Handler)
    i.GCU_Model_genCode_initialize           0x08000c6c   Section        0  gcu_model_gencode.o(i.GCU_Model_genCode_initialize)
    i.GCU_Model_genCode_step1                0x08000ce0   Section        0  gcu_model_gencode.o(i.GCU_Model_genCode_step1)
    i.GCU_Model_genCode_step2                0x08001028   Section        0  gcu_model_gencode.o(i.GCU_Model_genCode_step2)
    i.GCU_Model_genCode_step3                0x080015e0   Section        0  gcu_model_gencode.o(i.GCU_Model_genCode_step3)
    i.GCU_Model_genCode_step4                0x080016fc   Section        0  gcu_model_gencode.o(i.GCU_Model_genCode_step4)
    i.GEARSHIFT                              0x0800178c   Section        0  gcu_model_gencode.o(i.GEARSHIFT)
    GEARSHIFT                                0x0800178d   Thumb Code   660  gcu_model_gencode.o(i.GEARSHIFT)
    i.GEAR_RPM_UPDATE                        0x08001a28   Section        0  gcu_model_gencode.o(i.GEAR_RPM_UPDATE)
    GEAR_RPM_UPDATE                          0x08001a29   Thumb Code   360  gcu_model_gencode.o(i.GEAR_RPM_UPDATE)
    i.GearMotor_brake_Outputs_wrapper        0x08001b94   Section        0  gearmotor_brake_wrapper.o(i.GearMotor_brake_Outputs_wrapper)
    i.GearMotor_init_Outputs_wrapper         0x08001bcc   Section        0  gearmotor_init_wrapper.o(i.GearMotor_init_Outputs_wrapper)
    i.GearMotor_release_Outputs_wrapper      0x08001bd8   Section        0  gearmotor_release_wrapper.o(i.GearMotor_release_Outputs_wrapper)
    i.GearMotor_turnLeft_Outputs_wrapper     0x08001bec   Section        0  gearmotor_turnleft_wrapper.o(i.GearMotor_turnLeft_Outputs_wrapper)
    i.GearMotor_turnRight_Outputs_wrapper    0x08001c24   Section        0  gearmotor_turnright_wrapper.o(i.GearMotor_turnRight_Outputs_wrapper)
    i.Gearmotor_brake                        0x08001c5c   Section        0  gcu_model_gencode.o(i.Gearmotor_brake)
    Gearmotor_brake                          0x08001c5d   Thumb Code    38  gcu_model_gencode.o(i.Gearmotor_brake)
    i.Gearmotor_release                      0x08001c84   Section        0  gcu_model_gencode.o(i.Gearmotor_release)
    Gearmotor_release                        0x08001c85   Thumb Code    20  gcu_model_gencode.o(i.Gearmotor_release)
    i.Gearmotor_turnRight                    0x08001ca0   Section        0  gcu_model_gencode.o(i.Gearmotor_turnRight)
    Gearmotor_turnRight                      0x08001ca1   Thumb Code    38  gcu_model_gencode.o(i.Gearmotor_turnRight)
    i.Gearshift_getTime                      0x08001cc8   Section        0  gcu_model_gencode.o(i.Gearshift_getTime)
    Gearshift_getTime                        0x08001cc9   Thumb Code   166  gcu_model_gencode.o(i.Gearshift_getTime)
    i.HAL_ADCEx_InjectedConvCpltCallback     0x08001d74   Section        0  stm32f7xx_hal_adc_ex.o(i.HAL_ADCEx_InjectedConvCpltCallback)
    i.HAL_ADC_ConfigChannel                  0x08001d78   Section        0  stm32f7xx_hal_adc.o(i.HAL_ADC_ConfigChannel)
    i.HAL_ADC_ConvCpltCallback               0x08001edc   Section        0  adc.o(i.HAL_ADC_ConvCpltCallback)
    i.HAL_ADC_ConvHalfCpltCallback           0x08001ef0   Section        0  stm32f7xx_hal_adc.o(i.HAL_ADC_ConvHalfCpltCallback)
    i.HAL_ADC_ErrorCallback                  0x08001ef2   Section        0  stm32f7xx_hal_adc.o(i.HAL_ADC_ErrorCallback)
    i.HAL_ADC_IRQHandler                     0x08001ef4   Section        0  stm32f7xx_hal_adc.o(i.HAL_ADC_IRQHandler)
    i.HAL_ADC_Init                           0x08002030   Section        0  stm32f7xx_hal_adc.o(i.HAL_ADC_Init)
    i.HAL_ADC_LevelOutOfWindowCallback       0x08002084   Section        0  stm32f7xx_hal_adc.o(i.HAL_ADC_LevelOutOfWindowCallback)
    i.HAL_ADC_MspInit                        0x08002088   Section        0  adc.o(i.HAL_ADC_MspInit)
    i.HAL_ADC_Start_DMA                      0x08002174   Section        0  stm32f7xx_hal_adc.o(i.HAL_ADC_Start_DMA)
    i.HAL_DMA_Abort_IT                       0x08002294   Section        0  stm32f7xx_hal_dma.o(i.HAL_DMA_Abort_IT)
    i.HAL_DMA_IRQHandler                     0x080022b8   Section        0  stm32f7xx_hal_dma.o(i.HAL_DMA_IRQHandler)
    i.HAL_DMA_Init                           0x08002458   Section        0  stm32f7xx_hal_dma.o(i.HAL_DMA_Init)
    i.HAL_DMA_Start_IT                       0x0800253c   Section        0  stm32f7xx_hal_dma.o(i.HAL_DMA_Start_IT)
    i.HAL_Delay                              0x080025b8   Section        0  stm32f7xx_hal.o(i.HAL_Delay)
    i.HAL_GPIO_Init                          0x080025dc   Section        0  stm32f7xx_hal_gpio.o(i.HAL_GPIO_Init)
    i.HAL_GPIO_TogglePin                     0x080027b4   Section        0  stm32f7xx_hal_gpio.o(i.HAL_GPIO_TogglePin)
    i.HAL_GPIO_WritePin                      0x080027c2   Section        0  stm32f7xx_hal_gpio.o(i.HAL_GPIO_WritePin)
    i.HAL_GetTick                            0x080027cc   Section        0  stm32f7xx_hal.o(i.HAL_GetTick)
    i.HAL_IncTick                            0x080027d8   Section        0  stm32f7xx_hal.o(i.HAL_IncTick)
    i.HAL_Init                               0x080027e8   Section        0  stm32f7xx_hal.o(i.HAL_Init)
    i.HAL_InitTick                           0x08002800   Section        0  stm32f7xx_hal.o(i.HAL_InitTick)
    i.HAL_MspInit                            0x08002840   Section        0  stm32f7xx_hal_msp.o(i.HAL_MspInit)
    i.HAL_NVIC_EnableIRQ                     0x08002870   Section        0  stm32f7xx_hal_cortex.o(i.HAL_NVIC_EnableIRQ)
    i.HAL_NVIC_SetPriority                   0x0800288c   Section        0  stm32f7xx_hal_cortex.o(i.HAL_NVIC_SetPriority)
    i.HAL_NVIC_SetPriorityGrouping           0x080028cc   Section        0  stm32f7xx_hal_cortex.o(i.HAL_NVIC_SetPriorityGrouping)
    i.HAL_PWREx_EnableOverDrive              0x080028f0   Section        0  stm32f7xx_hal_pwr_ex.o(i.HAL_PWREx_EnableOverDrive)
    i.HAL_RCCEx_PeriphCLKConfig              0x0800295c   Section        0  stm32f7xx_hal_rcc_ex.o(i.HAL_RCCEx_PeriphCLKConfig)
    i.HAL_RCC_ClockConfig                    0x08002e98   Section        0  stm32f7xx_hal_rcc.o(i.HAL_RCC_ClockConfig)
    i.HAL_RCC_GetPCLK1Freq                   0x08002fc4   Section        0  stm32f7xx_hal_rcc.o(i.HAL_RCC_GetPCLK1Freq)
    i.HAL_RCC_GetPCLK2Freq                   0x08002fe4   Section        0  stm32f7xx_hal_rcc.o(i.HAL_RCC_GetPCLK2Freq)
    i.HAL_RCC_GetSysClockFreq                0x08003004   Section        0  stm32f7xx_hal_rcc.o(i.HAL_RCC_GetSysClockFreq)
    i.HAL_RCC_OscConfig                      0x08003064   Section        0  stm32f7xx_hal_rcc.o(i.HAL_RCC_OscConfig)
    i.HAL_SYSTICK_Config                     0x080033a0   Section        0  stm32f7xx_hal_cortex.o(i.HAL_SYSTICK_Config)
    i.HAL_TIMEx_Break2Callback               0x080033c6   Section        0  stm32f7xx_hal_tim_ex.o(i.HAL_TIMEx_Break2Callback)
    i.HAL_TIMEx_BreakCallback                0x080033c8   Section        0  stm32f7xx_hal_tim_ex.o(i.HAL_TIMEx_BreakCallback)
    i.HAL_TIMEx_CommutCallback               0x080033ca   Section        0  stm32f7xx_hal_tim_ex.o(i.HAL_TIMEx_CommutCallback)
    i.HAL_TIMEx_MasterConfigSynchronization  0x080033cc   Section        0  stm32f7xx_hal_tim_ex.o(i.HAL_TIMEx_MasterConfigSynchronization)
    i.HAL_TIM_Base_Init                      0x0800342c   Section        0  stm32f7xx_hal_tim.o(i.HAL_TIM_Base_Init)
    i.HAL_TIM_Base_MspInit                   0x08003464   Section        0  tim.o(i.HAL_TIM_Base_MspInit)
    i.HAL_TIM_Base_Start_IT                  0x080034b4   Section        0  stm32f7xx_hal_tim.o(i.HAL_TIM_Base_Start_IT)
    i.HAL_TIM_ConfigClockSource              0x080034e0   Section        0  stm32f7xx_hal_tim.o(i.HAL_TIM_ConfigClockSource)
    i.HAL_TIM_IC_CaptureCallback             0x080035bc   Section        0  stm32f7xx_hal_tim.o(i.HAL_TIM_IC_CaptureCallback)
    i.HAL_TIM_IRQHandler                     0x080035be   Section        0  stm32f7xx_hal_tim.o(i.HAL_TIM_IRQHandler)
    i.HAL_TIM_MspPostInit                    0x08003740   Section        0  tim.o(i.HAL_TIM_MspPostInit)
    i.HAL_TIM_OC_DelayElapsedCallback        0x08003790   Section        0  stm32f7xx_hal_tim.o(i.HAL_TIM_OC_DelayElapsedCallback)
    i.HAL_TIM_PWM_ConfigChannel              0x08003792   Section        0  stm32f7xx_hal_tim.o(i.HAL_TIM_PWM_ConfigChannel)
    i.HAL_TIM_PWM_Init                       0x080038ba   Section        0  stm32f7xx_hal_tim.o(i.HAL_TIM_PWM_Init)
    i.HAL_TIM_PWM_MspInit                    0x080038f0   Section        0  stm32f7xx_hal_tim.o(i.HAL_TIM_PWM_MspInit)
    i.HAL_TIM_PWM_PulseFinishedCallback      0x080038f2   Section        0  stm32f7xx_hal_tim.o(i.HAL_TIM_PWM_PulseFinishedCallback)
    i.HAL_TIM_PWM_Start                      0x080038f4   Section        0  stm32f7xx_hal_tim.o(i.HAL_TIM_PWM_Start)
    i.HAL_TIM_PeriodElapsedCallback          0x08003940   Section        0  tim.o(i.HAL_TIM_PeriodElapsedCallback)
    i.HAL_TIM_TriggerCallback                0x0800398c   Section        0  stm32f7xx_hal_tim.o(i.HAL_TIM_TriggerCallback)
    i.HAL_UART_ErrorCallback                 0x0800398e   Section        0  stm32f7xx_hal_uart.o(i.HAL_UART_ErrorCallback)
    i.HAL_UART_IRQHandler                    0x08003990   Section        0  stm32f7xx_hal_uart.o(i.HAL_UART_IRQHandler)
    i.HAL_UART_Init                          0x08003ab8   Section        0  stm32f7xx_hal_uart.o(i.HAL_UART_Init)
    i.HAL_UART_MspInit                       0x08003b20   Section        0  usart.o(i.HAL_UART_MspInit)
    i.HAL_UART_Receive_IT                    0x08003bcc   Section        0  stm32f7xx_hal_uart.o(i.HAL_UART_Receive_IT)
    i.HAL_UART_RxCpltCallback                0x08003c78   Section        0  usart.o(i.HAL_UART_RxCpltCallback)
    i.HAL_UART_Transmit_DMA                  0x08003d1c   Section        0  stm32f7xx_hal_uart.o(i.HAL_UART_Transmit_DMA)
    i.HAL_UART_TxCpltCallback                0x08003db0   Section        0  stm32f7xx_hal_uart.o(i.HAL_UART_TxCpltCallback)
    i.HAL_UART_TxHalfCpltCallback            0x08003db2   Section        0  stm32f7xx_hal_uart.o(i.HAL_UART_TxHalfCpltCallback)
    i.HardFault_Handler                      0x08003db4   Section        0  stm32f7xx_it.o(i.HardFault_Handler)
    i.IDLE                                   0x08003db8   Section        0  gcu_model_gencode.o(i.IDLE)
    IDLE                                     0x08003db9   Thumb Code   338  gcu_model_gencode.o(i.IDLE)
    i.InitADC_Outputs_wrapper                0x08003f10   Section        0  initadc_wrapper.o(i.InitADC_Outputs_wrapper)
    i.InitTimer_Outputs_wrapper              0x08003f24   Section        0  inittimer_wrapper.o(i.InitTimer_Outputs_wrapper)
    i.InitUART_Outputs_wrapper               0x08003f30   Section        0  inituart_wrapper.o(i.InitUART_Outputs_wrapper)
    i.MODES                                  0x08003f44   Section        0  gcu_model_gencode.o(i.MODES)
    MODES                                    0x08003f45   Thumb Code   148  gcu_model_gencode.o(i.MODES)
    i.MX_ADC1_Init                           0x08003fdc   Section        0  adc.o(i.MX_ADC1_Init)
    i.MX_DMA_Init                            0x080040f0   Section        0  dma.o(i.MX_DMA_Init)
    i.MX_GFXSIMULATOR_Init                   0x0800413c   Section        0  gfxsimulator.o(i.MX_GFXSIMULATOR_Init)
    i.MX_GPIO_Init                           0x08004140   Section        0  gpio.o(i.MX_GPIO_Init)
    i.MX_TIM2_Init                           0x0800425c   Section        0  tim.o(i.MX_TIM2_Init)
    i.MX_TIM4_Init                           0x080042c0   Section        0  tim.o(i.MX_TIM4_Init)
    i.MX_USART3_UART_Init                    0x0800435c   Section        0  usart.o(i.MX_USART3_UART_Init)
    i.MemManage_Handler                      0x08004398   Section        0  stm32f7xx_it.o(i.MemManage_Handler)
    i.NEUTRAL_STATE                          0x0800439c   Section        0  gcu_model_gencode.o(i.NEUTRAL_STATE)
    NEUTRAL_STATE                            0x0800439d   Thumb Code    82  gcu_model_gencode.o(i.NEUTRAL_STATE)
    i.NMI_Handler                            0x080043f4   Section        0  stm32f7xx_it.o(i.NMI_Handler)
    i.PackCanUART_Outputs_wrapper            0x080043f6   Section        0  packcanuart_wrapper.o(i.PackCanUART_Outputs_wrapper)
    i.PackUARTMsg_Outputs_wrapper            0x08004430   Section        0  packuartmsg_wrapper.o(i.PackUARTMsg_Outputs_wrapper)
    i.PendSV_Handler                         0x08004450   Section        0  stm32f7xx_it.o(i.PendSV_Handler)
    i.READ_EEPROM                            0x08004454   Section        0  gcu_model_gencode.o(i.READ_EEPROM)
    READ_EEPROM                              0x08004455   Thumb Code   338  gcu_model_gencode.o(i.READ_EEPROM)
    i.SET_CLUTCH                             0x080045ac   Section        0  gcu_model_gencode.o(i.SET_CLUTCH)
    SET_CLUTCH                               0x080045ad   Thumb Code   338  gcu_model_gencode.o(i.SET_CLUTCH)
    i.SET_TRACTION                           0x08004704   Section        0  gcu_model_gencode.o(i.SET_TRACTION)
    SET_TRACTION                             0x08004705   Thumb Code   338  gcu_model_gencode.o(i.SET_TRACTION)
    i.START_ENGINE                           0x0800485c   Section        0  gcu_model_gencode.o(i.START_ENGINE)
    START_ENGINE                             0x0800485d   Thumb Code   338  gcu_model_gencode.o(i.START_ENGINE)
    i.SVC_Handler                            0x080049b4   Section        0  stm32f7xx_it.o(i.SVC_Handler)
    i.SysTick_Handler                        0x080049b6   Section        0  stm32f7xx_it.o(i.SysTick_Handler)
    i.SystemClock_Config                     0x080049bc   Section        0  main.o(i.SystemClock_Config)
    i.SystemInit                             0x08004a58   Section        0  system_stm32f7xx.o(i.SystemInit)
    i.TIM2_IRQHandler                        0x08004aac   Section        0  stm32f7xx_it.o(i.TIM2_IRQHandler)
    i.TIM_Base_SetConfig                     0x08004ab8   Section        0  stm32f7xx_hal_tim.o(i.TIM_Base_SetConfig)
    i.TIM_CCxChannelCmd                      0x08004b84   Section        0  stm32f7xx_hal_tim.o(i.TIM_CCxChannelCmd)
    i.TIM_ETR_SetConfig                      0x08004b9e   Section        0  stm32f7xx_hal_tim.o(i.TIM_ETR_SetConfig)
    i.TIM_ITRx_SetConfig                     0x08004bb0   Section        0  stm32f7xx_hal_tim.o(i.TIM_ITRx_SetConfig)
    TIM_ITRx_SetConfig                       0x08004bb1   Thumb Code    16  stm32f7xx_hal_tim.o(i.TIM_ITRx_SetConfig)
    i.TIM_OC1_SetConfig                      0x08004bc0   Section        0  stm32f7xx_hal_tim.o(i.TIM_OC1_SetConfig)
    TIM_OC1_SetConfig                        0x08004bc1   Thumb Code   102  stm32f7xx_hal_tim.o(i.TIM_OC1_SetConfig)
    i.TIM_OC2_SetConfig                      0x08004c34   Section        0  stm32f7xx_hal_tim.o(i.TIM_OC2_SetConfig)
    i.TIM_OC3_SetConfig                      0x08004cac   Section        0  stm32f7xx_hal_tim.o(i.TIM_OC3_SetConfig)
    TIM_OC3_SetConfig                        0x08004cad   Thumb Code   108  stm32f7xx_hal_tim.o(i.TIM_OC3_SetConfig)
    i.TIM_OC4_SetConfig                      0x08004d24   Section        0  stm32f7xx_hal_tim.o(i.TIM_OC4_SetConfig)
    TIM_OC4_SetConfig                        0x08004d25   Thumb Code    76  stm32f7xx_hal_tim.o(i.TIM_OC4_SetConfig)
    i.TIM_OC5_SetConfig                      0x08004d7c   Section        0  stm32f7xx_hal_tim.o(i.TIM_OC5_SetConfig)
    TIM_OC5_SetConfig                        0x08004d7d   Thumb Code    74  stm32f7xx_hal_tim.o(i.TIM_OC5_SetConfig)
    i.TIM_OC6_SetConfig                      0x08004dd4   Section        0  stm32f7xx_hal_tim.o(i.TIM_OC6_SetConfig)
    TIM_OC6_SetConfig                        0x08004dd5   Thumb Code    74  stm32f7xx_hal_tim.o(i.TIM_OC6_SetConfig)
    i.TIM_TI1_ConfigInputStage               0x08004e2c   Section        0  stm32f7xx_hal_tim.o(i.TIM_TI1_ConfigInputStage)
    TIM_TI1_ConfigInputStage                 0x08004e2d   Thumb Code    34  stm32f7xx_hal_tim.o(i.TIM_TI1_ConfigInputStage)
    i.TIM_TI2_ConfigInputStage               0x08004e4e   Section        0  stm32f7xx_hal_tim.o(i.TIM_TI2_ConfigInputStage)
    TIM_TI2_ConfigInputStage                 0x08004e4f   Thumb Code    36  stm32f7xx_hal_tim.o(i.TIM_TI2_ConfigInputStage)
    i.TractionValue                          0x08004e72   Section        0  gcu_model_gencode.o(i.TractionValue)
    TractionValue                            0x08004e73   Thumb Code     6  gcu_model_gencode.o(i.TractionValue)
    i.UART_AdvFeatureConfig                  0x08004e78   Section        0  stm32f7xx_hal_uart.o(i.UART_AdvFeatureConfig)
    i.UART_CheckIdleState                    0x08004f40   Section        0  stm32f7xx_hal_uart.o(i.UART_CheckIdleState)
    i.UART_DMAAbortOnError                   0x08004f7c   Section        0  stm32f7xx_hal_uart.o(i.UART_DMAAbortOnError)
    UART_DMAAbortOnError                     0x08004f7d   Thumb Code    20  stm32f7xx_hal_uart.o(i.UART_DMAAbortOnError)
    i.UART_DMAError                          0x08004f90   Section        0  stm32f7xx_hal_uart.o(i.UART_DMAError)
    UART_DMAError                            0x08004f91   Thumb Code    70  stm32f7xx_hal_uart.o(i.UART_DMAError)
    i.UART_DMATransmitCplt                   0x08004fd6   Section        0  stm32f7xx_hal_uart.o(i.UART_DMATransmitCplt)
    UART_DMATransmitCplt                     0x08004fd7   Thumb Code    46  stm32f7xx_hal_uart.o(i.UART_DMATransmitCplt)
    i.UART_DMATxHalfCplt                     0x08005004   Section        0  stm32f7xx_hal_uart.o(i.UART_DMATxHalfCplt)
    UART_DMATxHalfCplt                       0x08005005   Thumb Code    10  stm32f7xx_hal_uart.o(i.UART_DMATxHalfCplt)
    i.UART_EndRxTransfer                     0x0800500e   Section        0  stm32f7xx_hal_uart.o(i.UART_EndRxTransfer)
    UART_EndRxTransfer                       0x0800500f   Thumb Code    32  stm32f7xx_hal_uart.o(i.UART_EndRxTransfer)
    i.UART_EndTxTransfer                     0x0800502e   Section        0  stm32f7xx_hal_uart.o(i.UART_EndTxTransfer)
    UART_EndTxTransfer                       0x0800502f   Thumb Code    16  stm32f7xx_hal_uart.o(i.UART_EndTxTransfer)
    i.UART_RxISR_16BIT                       0x0800503e   Section        0  stm32f7xx_hal_uart.o(i.UART_RxISR_16BIT)
    UART_RxISR_16BIT                         0x0800503f   Thumb Code    90  stm32f7xx_hal_uart.o(i.UART_RxISR_16BIT)
    i.UART_RxISR_8BIT                        0x08005098   Section        0  stm32f7xx_hal_uart.o(i.UART_RxISR_8BIT)
    UART_RxISR_8BIT                          0x08005099   Thumb Code    90  stm32f7xx_hal_uart.o(i.UART_RxISR_8BIT)
    i.UART_SetConfig                         0x080050f4   Section        0  stm32f7xx_hal_uart.o(i.UART_SetConfig)
    i.UART_WaitOnFlagUntilTimeout            0x08005348   Section        0  stm32f7xx_hal_uart.o(i.UART_WaitOnFlagUntilTimeout)
    i.USART3_IRQHandler                      0x080053a8   Section        0  stm32f7xx_it.o(i.USART3_IRQHandler)
    i.UnpackCanUART_Outputs_wrapper          0x080053b4   Section        0  unpackcanuart_wrapper.o(i.UnpackCanUART_Outputs_wrapper)
    i.UsageFault_Handler                     0x080053da   Section        0  stm32f7xx_it.o(i.UsageFault_Handler)
    i.WRITE_EEPROM                           0x080053dc   Section        0  gcu_model_gencode.o(i.WRITE_EEPROM)
    WRITE_EEPROM                             0x080053dd   Thumb Code   338  gcu_model_gencode.o(i.WRITE_EEPROM)
    i.__NVIC_SetPriority                     0x08005534   Section        0  stm32f7xx_hal_cortex.o(i.__NVIC_SetPriority)
    __NVIC_SetPriority                       0x08005535   Thumb Code    34  stm32f7xx_hal_cortex.o(i.__NVIC_SetPriority)
    i.__scatterload_copy                     0x08005556   Section       14  handlers.o(i.__scatterload_copy)
    i.__scatterload_null                     0x08005564   Section        2  handlers.o(i.__scatterload_null)
    i.__scatterload_zeroinit                 0x08005566   Section       14  handlers.o(i.__scatterload_zeroinit)
    i.aacCheckShift                          0x08005574   Section        0  gcu_model_gencode.o(i.aacCheckShift)
    aacCheckShift                            0x08005575   Thumb Code    82  gcu_model_gencode.o(i.aacCheckShift)
    i.checkClutch                            0x080055cc   Section        0  gcu_model_gencode.o(i.checkClutch)
    checkClutch                              0x080055cd   Thumb Code    50  gcu_model_gencode.o(i.checkClutch)
    i.checkShift                             0x08005604   Section        0  gcu_model_gencode.o(i.checkShift)
    checkShift                               0x08005605   Thumb Code   138  gcu_model_gencode.o(i.checkShift)
    i.getAacParam                            0x08005694   Section        0  gcu_model_gencode.o(i.getAacParam)
    getAacParam                              0x08005695   Thumb Code    10  gcu_model_gencode.o(i.getAacParam)
    i.load_accParameters_Outputs_wrapper     0x080056a4   Section        0  load_accparameters_wrapper.o(i.load_accParameters_Outputs_wrapper)
    i.load_default_timings_Outputs_wrapper   0x080056d0   Section        0  load_default_timings_wrapper.o(i.load_default_timings_Outputs_wrapper)
    i.main                                   0x0800571c   Section        0  main.o(i.main)
    i.rt_I32ZCFcn                            0x0800577c   Section        0  gcu_model_gencode.o(i.rt_I32ZCFcn)
    i.sendAacCommand                         0x080057f0   Section        0  gcu_model_gencode.o(i.sendAacCommand)
    sendAacCommand                           0x080057f1   Thumb Code    36  gcu_model_gencode.o(i.sendAacCommand)
    i.sendClutchCommand                      0x08005818   Section        0  gcu_model_gencode.o(i.sendClutchCommand)
    sendClutchCommand                        0x08005819   Thumb Code    38  gcu_model_gencode.o(i.sendClutchCommand)
    i.sendModeCommand                        0x08005844   Section        0  gcu_model_gencode.o(i.sendModeCommand)
    sendModeCommand                          0x08005845   Thumb Code    36  gcu_model_gencode.o(i.sendModeCommand)
    i.sendShiftCommand                       0x0800586c   Section        0  gcu_model_gencode.o(i.sendShiftCommand)
    sendShiftCommand                         0x0800586d   Thumb Code    62  gcu_model_gencode.o(i.sendShiftCommand)
    i.sendStartEngCommand                    0x080058b0   Section        0  gcu_model_gencode.o(i.sendStartEngCommand)
    sendStartEngCommand                      0x080058b1   Thumb Code    28  gcu_model_gencode.o(i.sendStartEngCommand)
    i.sendUART_Outputs_wrapper               0x080058d0   Section        0  senduart_wrapper.o(i.sendUART_Outputs_wrapper)
    i.sendUpdatesSW                          0x08005910   Section        0  gcu_model_gencode.o(i.sendUpdatesSW)
    sendUpdatesSW                            0x08005911   Thumb Code    26  gcu_model_gencode.o(i.sendUpdatesSW)
    i.updateData                             0x08005934   Section        0  gcu_model_gencode.o(i.updateData)
    updateData                               0x08005935   Thumb Code   162  gcu_model_gencode.o(i.updateData)
    i.update_ADC_data_Outputs_wrapper        0x080059e4   Section        0  update_adc_data_wrapper.o(i.update_ADC_data_Outputs_wrapper)
    i.writeValueEEPROM_Outputs_wrapper       0x080059f8   Section        0  writevalueeeprom_wrapper.o(i.writeValueEEPROM_Outputs_wrapper)
    .constdata                               0x080059fa   Section       18  gcu_model_gencode.o(.constdata)
    eventMatrix                              0x080059fc   Data          16  gcu_model_gencode.o(.constdata)
    .constdata                               0x08005a0c   Section        6  gcu_model_gencode_data.o(.constdata)
    .constdata                               0x08005a12   Section        8  stm32f7xx_hal_dma.o(.constdata)
    flagBitshiftOffset                       0x08005a12   Data           8  stm32f7xx_hal_dma.o(.constdata)
    .constdata                               0x08005a1a   Section       16  system_stm32f7xx.o(.constdata)
    .constdata                               0x08005a2a   Section        8  system_stm32f7xx.o(.constdata)
    .data                                    0x20000000   Section        8  tim.o(.data)
    .data                                    0x20000008   Section       12  usart.o(.data)
    .data                                    0x20000014   Section       12  stm32f7xx_hal.o(.data)
    .data                                    0x20000020   Section        4  system_stm32f7xx.o(.data)
    .bss                                     0x20000028   Section     1240  gcu_model_gencode.o(.bss)
    .bss                                     0x20000500   Section       44  main.o(.bss)
    .bss                                     0x2000052c   Section      168  adc.o(.bss)
    .bss                                     0x200005d4   Section      128  tim.o(.bss)
    .bss                                     0x20000654   Section      236  usart.o(.bss)
    STACK                                    0x20000740   Section     1024  startup_stm32f767xx.o(STACK)

    Global Symbols

    Symbol Name                              Value     Ov Type        Size  Object(Section)

    BuildAttributes$$THM_ISAv4$E$P$D$K$B$S$7EM$VFPv5_D16$PE$PLD8$A:L22UL41UL21$X:L11$S22US41US21$IEEE1$IW$USESV6$~STKCKD$USESV7$~SHL$OSPACE$EBA8$MICROLIB$REQ8$PRES8$EABIv2 0x00000000   Number         0  anon$$obj.o ABSOLUTE
    __ARM_use_no_argv                        0x00000000   Number         0  main.o ABSOLUTE
    __cpp_initialize__aeabi_                  - Undefined Weak Reference
    __cxa_finalize                            - Undefined Weak Reference
    __decompress                              - Undefined Weak Reference
    _clock_init                               - Undefined Weak Reference
    _microlib_exit                            - Undefined Weak Reference
    __Vectors_Size                           0x000001f8   Number         0  startup_stm32f767xx.o ABSOLUTE
    __Vectors                                0x08000000   Data           4  startup_stm32f767xx.o(RESET)
    __Vectors_End                            0x080001f8   Data           0  startup_stm32f767xx.o(RESET)
    __main                                   0x080001f9   Thumb Code     0  entry.o(.ARM.Collect$$$$00000000)
    _main_stk                                0x080001f9   Thumb Code     0  entry2.o(.ARM.Collect$$$$00000001)
    _main_scatterload                        0x080001fd   Thumb Code     0  entry5.o(.ARM.Collect$$$$00000004)
    __main_after_scatterload                 0x08000201   Thumb Code     0  entry5.o(.ARM.Collect$$$$00000004)
    _main_clock                              0x08000201   Thumb Code     0  entry7b.o(.ARM.Collect$$$$00000008)
    _main_cpp_init                           0x08000201   Thumb Code     0  entry8b.o(.ARM.Collect$$$$0000000A)
    _main_init                               0x08000201   Thumb Code     0  entry9a.o(.ARM.Collect$$$$0000000B)
    __rt_final_cpp                           0x08000209   Thumb Code     0  entry10a.o(.ARM.Collect$$$$0000000D)
    __rt_final_exit                          0x08000209   Thumb Code     0  entry11a.o(.ARM.Collect$$$$0000000F)
    Reset_Handler                            0x0800020d   Thumb Code     8  startup_stm32f767xx.o(.text)
    CAN1_RX0_IRQHandler                      0x08000227   Thumb Code     0  startup_stm32f767xx.o(.text)
    CAN1_RX1_IRQHandler                      0x08000227   Thumb Code     0  startup_stm32f767xx.o(.text)
    CAN1_SCE_IRQHandler                      0x08000227   Thumb Code     0  startup_stm32f767xx.o(.text)
    CAN1_TX_IRQHandler                       0x08000227   Thumb Code     0  startup_stm32f767xx.o(.text)
    CAN2_RX0_IRQHandler                      0x08000227   Thumb Code     0  startup_stm32f767xx.o(.text)
    CAN2_RX1_IRQHandler                      0x08000227   Thumb Code     0  startup_stm32f767xx.o(.text)
    CAN2_SCE_IRQHandler                      0x08000227   Thumb Code     0  startup_stm32f767xx.o(.text)
    CAN2_TX_IRQHandler                       0x08000227   Thumb Code     0  startup_stm32f767xx.o(.text)
    CAN3_RX0_IRQHandler                      0x08000227   Thumb Code     0  startup_stm32f767xx.o(.text)
    CAN3_RX1_IRQHandler                      0x08000227   Thumb Code     0  startup_stm32f767xx.o(.text)
    CAN3_SCE_IRQHandler                      0x08000227   Thumb Code     0  startup_stm32f767xx.o(.text)
    CAN3_TX_IRQHandler                       0x08000227   Thumb Code     0  startup_stm32f767xx.o(.text)
    CEC_IRQHandler                           0x08000227   Thumb Code     0  startup_stm32f767xx.o(.text)
    DCMI_IRQHandler                          0x08000227   Thumb Code     0  startup_stm32f767xx.o(.text)
    DFSDM1_FLT0_IRQHandler                   0x08000227   Thumb Code     0  startup_stm32f767xx.o(.text)
    DFSDM1_FLT1_IRQHandler                   0x08000227   Thumb Code     0  startup_stm32f767xx.o(.text)
    DFSDM1_FLT2_IRQHandler                   0x08000227   Thumb Code     0  startup_stm32f767xx.o(.text)
    DFSDM1_FLT3_IRQHandler                   0x08000227   Thumb Code     0  startup_stm32f767xx.o(.text)
    DMA1_Stream0_IRQHandler                  0x08000227   Thumb Code     0  startup_stm32f767xx.o(.text)
    DMA1_Stream1_IRQHandler                  0x08000227   Thumb Code     0  startup_stm32f767xx.o(.text)
    DMA1_Stream2_IRQHandler                  0x08000227   Thumb Code     0  startup_stm32f767xx.o(.text)
    DMA1_Stream4_IRQHandler                  0x08000227   Thumb Code     0  startup_stm32f767xx.o(.text)
    DMA1_Stream5_IRQHandler                  0x08000227   Thumb Code     0  startup_stm32f767xx.o(.text)
    DMA1_Stream6_IRQHandler                  0x08000227   Thumb Code     0  startup_stm32f767xx.o(.text)
    DMA1_Stream7_IRQHandler                  0x08000227   Thumb Code     0  startup_stm32f767xx.o(.text)
    DMA2D_IRQHandler                         0x08000227   Thumb Code     0  startup_stm32f767xx.o(.text)
    DMA2_Stream1_IRQHandler                  0x08000227   Thumb Code     0  startup_stm32f767xx.o(.text)
    DMA2_Stream2_IRQHandler                  0x08000227   Thumb Code     0  startup_stm32f767xx.o(.text)
    DMA2_Stream3_IRQHandler                  0x08000227   Thumb Code     0  startup_stm32f767xx.o(.text)
    DMA2_Stream4_IRQHandler                  0x08000227   Thumb Code     0  startup_stm32f767xx.o(.text)
    DMA2_Stream5_IRQHandler                  0x08000227   Thumb Code     0  startup_stm32f767xx.o(.text)
    DMA2_Stream6_IRQHandler                  0x08000227   Thumb Code     0  startup_stm32f767xx.o(.text)
    DMA2_Stream7_IRQHandler                  0x08000227   Thumb Code     0  startup_stm32f767xx.o(.text)
    ETH_IRQHandler                           0x08000227   Thumb Code     0  startup_stm32f767xx.o(.text)
    ETH_WKUP_IRQHandler                      0x08000227   Thumb Code     0  startup_stm32f767xx.o(.text)
    EXTI0_IRQHandler                         0x08000227   Thumb Code     0  startup_stm32f767xx.o(.text)
    EXTI15_10_IRQHandler                     0x08000227   Thumb Code     0  startup_stm32f767xx.o(.text)
    EXTI1_IRQHandler                         0x08000227   Thumb Code     0  startup_stm32f767xx.o(.text)
    EXTI2_IRQHandler                         0x08000227   Thumb Code     0  startup_stm32f767xx.o(.text)
    EXTI3_IRQHandler                         0x08000227   Thumb Code     0  startup_stm32f767xx.o(.text)
    EXTI4_IRQHandler                         0x08000227   Thumb Code     0  startup_stm32f767xx.o(.text)
    EXTI9_5_IRQHandler                       0x08000227   Thumb Code     0  startup_stm32f767xx.o(.text)
    FLASH_IRQHandler                         0x08000227   Thumb Code     0  startup_stm32f767xx.o(.text)
    FMC_IRQHandler                           0x08000227   Thumb Code     0  startup_stm32f767xx.o(.text)
    FPU_IRQHandler                           0x08000227   Thumb Code     0  startup_stm32f767xx.o(.text)
    I2C1_ER_IRQHandler                       0x08000227   Thumb Code     0  startup_stm32f767xx.o(.text)
    I2C1_EV_IRQHandler                       0x08000227   Thumb Code     0  startup_stm32f767xx.o(.text)
    I2C2_ER_IRQHandler                       0x08000227   Thumb Code     0  startup_stm32f767xx.o(.text)
    I2C2_EV_IRQHandler                       0x08000227   Thumb Code     0  startup_stm32f767xx.o(.text)
    I2C3_ER_IRQHandler                       0x08000227   Thumb Code     0  startup_stm32f767xx.o(.text)
    I2C3_EV_IRQHandler                       0x08000227   Thumb Code     0  startup_stm32f767xx.o(.text)
    I2C4_ER_IRQHandler                       0x08000227   Thumb Code     0  startup_stm32f767xx.o(.text)
    I2C4_EV_IRQHandler                       0x08000227   Thumb Code     0  startup_stm32f767xx.o(.text)
    JPEG_IRQHandler                          0x08000227   Thumb Code     0  startup_stm32f767xx.o(.text)
    LPTIM1_IRQHandler                        0x08000227   Thumb Code     0  startup_stm32f767xx.o(.text)
    LTDC_ER_IRQHandler                       0x08000227   Thumb Code     0  startup_stm32f767xx.o(.text)
    LTDC_IRQHandler                          0x08000227   Thumb Code     0  startup_stm32f767xx.o(.text)
    MDIOS_IRQHandler                         0x08000227   Thumb Code     0  startup_stm32f767xx.o(.text)
    OTG_FS_IRQHandler                        0x08000227   Thumb Code     0  startup_stm32f767xx.o(.text)
    OTG_FS_WKUP_IRQHandler                   0x08000227   Thumb Code     0  startup_stm32f767xx.o(.text)
    OTG_HS_EP1_IN_IRQHandler                 0x08000227   Thumb Code     0  startup_stm32f767xx.o(.text)
    OTG_HS_EP1_OUT_IRQHandler                0x08000227   Thumb Code     0  startup_stm32f767xx.o(.text)
    OTG_HS_IRQHandler                        0x08000227   Thumb Code     0  startup_stm32f767xx.o(.text)
    OTG_HS_WKUP_IRQHandler                   0x08000227   Thumb Code     0  startup_stm32f767xx.o(.text)
    PVD_IRQHandler                           0x08000227   Thumb Code     0  startup_stm32f767xx.o(.text)
    QUADSPI_IRQHandler                       0x08000227   Thumb Code     0  startup_stm32f767xx.o(.text)
    RCC_IRQHandler                           0x08000227   Thumb Code     0  startup_stm32f767xx.o(.text)
    RNG_IRQHandler                           0x08000227   Thumb Code     0  startup_stm32f767xx.o(.text)
    RTC_Alarm_IRQHandler                     0x08000227   Thumb Code     0  startup_stm32f767xx.o(.text)
    RTC_WKUP_IRQHandler                      0x08000227   Thumb Code     0  startup_stm32f767xx.o(.text)
    SAI1_IRQHandler                          0x08000227   Thumb Code     0  startup_stm32f767xx.o(.text)
    SAI2_IRQHandler                          0x08000227   Thumb Code     0  startup_stm32f767xx.o(.text)
    SDMMC1_IRQHandler                        0x08000227   Thumb Code     0  startup_stm32f767xx.o(.text)
    SDMMC2_IRQHandler                        0x08000227   Thumb Code     0  startup_stm32f767xx.o(.text)
    SPDIF_RX_IRQHandler                      0x08000227   Thumb Code     0  startup_stm32f767xx.o(.text)
    SPI1_IRQHandler                          0x08000227   Thumb Code     0  startup_stm32f767xx.o(.text)
    SPI2_IRQHandler                          0x08000227   Thumb Code     0  startup_stm32f767xx.o(.text)
    SPI3_IRQHandler                          0x08000227   Thumb Code     0  startup_stm32f767xx.o(.text)
    SPI4_IRQHandler                          0x08000227   Thumb Code     0  startup_stm32f767xx.o(.text)
    SPI5_IRQHandler                          0x08000227   Thumb Code     0  startup_stm32f767xx.o(.text)
    SPI6_IRQHandler                          0x08000227   Thumb Code     0  startup_stm32f767xx.o(.text)
    TAMP_STAMP_IRQHandler                    0x08000227   Thumb Code     0  startup_stm32f767xx.o(.text)
    TIM1_BRK_TIM9_IRQHandler                 0x08000227   Thumb Code     0  startup_stm32f767xx.o(.text)
    TIM1_CC_IRQHandler                       0x08000227   Thumb Code     0  startup_stm32f767xx.o(.text)
    TIM1_TRG_COM_TIM11_IRQHandler            0x08000227   Thumb Code     0  startup_stm32f767xx.o(.text)
    TIM1_UP_TIM10_IRQHandler                 0x08000227   Thumb Code     0  startup_stm32f767xx.o(.text)
    TIM3_IRQHandler                          0x08000227   Thumb Code     0  startup_stm32f767xx.o(.text)
    TIM4_IRQHandler                          0x08000227   Thumb Code     0  startup_stm32f767xx.o(.text)
    TIM5_IRQHandler                          0x08000227   Thumb Code     0  startup_stm32f767xx.o(.text)
    TIM6_DAC_IRQHandler                      0x08000227   Thumb Code     0  startup_stm32f767xx.o(.text)
    TIM7_IRQHandler                          0x08000227   Thumb Code     0  startup_stm32f767xx.o(.text)
    TIM8_BRK_TIM12_IRQHandler                0x08000227   Thumb Code     0  startup_stm32f767xx.o(.text)
    TIM8_CC_IRQHandler                       0x08000227   Thumb Code     0  startup_stm32f767xx.o(.text)
    TIM8_TRG_COM_TIM14_IRQHandler            0x08000227   Thumb Code     0  startup_stm32f767xx.o(.text)
    TIM8_UP_TIM13_IRQHandler                 0x08000227   Thumb Code     0  startup_stm32f767xx.o(.text)
    UART4_IRQHandler                         0x08000227   Thumb Code     0  startup_stm32f767xx.o(.text)
    UART5_IRQHandler                         0x08000227   Thumb Code     0  startup_stm32f767xx.o(.text)
    UART7_IRQHandler                         0x08000227   Thumb Code     0  startup_stm32f767xx.o(.text)
    UART8_IRQHandler                         0x08000227   Thumb Code     0  startup_stm32f767xx.o(.text)
    USART1_IRQHandler                        0x08000227   Thumb Code     0  startup_stm32f767xx.o(.text)
    USART2_IRQHandler                        0x08000227   Thumb Code     0  startup_stm32f767xx.o(.text)
    USART6_IRQHandler                        0x08000227   Thumb Code     0  startup_stm32f767xx.o(.text)
    WWDG_IRQHandler                          0x08000227   Thumb Code     0  startup_stm32f767xx.o(.text)
    __aeabi_uldivmod                         0x08000231   Thumb Code    98  uldiv.o(.text)
    __aeabi_memcpy                           0x08000293   Thumb Code    36  memcpya.o(.text)
    __aeabi_memcpy4                          0x08000293   Thumb Code     0  memcpya.o(.text)
    __aeabi_memcpy8                          0x08000293   Thumb Code     0  memcpya.o(.text)
    __aeabi_memset                           0x080002b7   Thumb Code    14  memseta.o(.text)
    __aeabi_memset4                          0x080002b7   Thumb Code     0  memseta.o(.text)
    __aeabi_memset8                          0x080002b7   Thumb Code     0  memseta.o(.text)
    __aeabi_memclr                           0x080002c5   Thumb Code     4  memseta.o(.text)
    __aeabi_memclr4                          0x080002c5   Thumb Code     0  memseta.o(.text)
    __aeabi_memclr8                          0x080002c5   Thumb Code     0  memseta.o(.text)
    _memset$wrapper                          0x080002c9   Thumb Code    18  memseta.o(.text)
    strncmp                                  0x080002db   Thumb Code    30  strncmp.o(.text)
    __aeabi_llsl                             0x080002f9   Thumb Code    30  llshl.o(.text)
    _ll_shift_l                              0x080002f9   Thumb Code     0  llshl.o(.text)
    __aeabi_llsr                             0x08000317   Thumb Code    32  llushr.o(.text)
    _ll_ushift_r                             0x08000317   Thumb Code     0  llushr.o(.text)
    __scatterload                            0x08000339   Thumb Code    28  init.o(.text)
    __scatterload_rt2                        0x08000339   Thumb Code     0  init.o(.text)
    ADC_IRQHandler                           0x08000955   Thumb Code     6  stm32f7xx_it.o(i.ADC_IRQHandler)
    BusFault_Handler                         0x08000a99   Thumb Code     2  stm32f7xx_it.o(i.BusFault_Handler)
    ClutchMotor_init_Outputs_wrapper         0x08000a9d   Thumb Code    18  clutchmotor_init_wrapper.o(i.ClutchMotor_init_Outputs_wrapper)
    ClutchMotor_setPosition_Outputs_wrapper  0x08000ab5   Thumb Code    58  clutchmotor_setposition_wrapper.o(i.ClutchMotor_setPosition_Outputs_wrapper)
    ClutchMotor_setupPWM_Outputs_wrapper     0x08000af5   Thumb Code    16  clutchmotor_setuppwm_wrapper.o(i.ClutchMotor_setupPWM_Outputs_wrapper)
    DMA1_Stream3_IRQHandler                  0x08000b29   Thumb Code     6  stm32f7xx_it.o(i.DMA1_Stream3_IRQHandler)
    DMA2_Stream0_IRQHandler                  0x08000b35   Thumb Code     6  stm32f7xx_it.o(i.DMA2_Stream0_IRQHandler)
    DebugMon_Handler                         0x08000be5   Thumb Code     2  stm32f7xx_it.o(i.DebugMon_Handler)
    Efi_init_Outputs_wrapper                 0x08000be7   Thumb Code     2  efi_init_wrapper.o(i.Efi_init_Outputs_wrapper)
    Efi_setCut_Outputs_wrapper               0x08000be9   Thumb Code    14  efi_setcut_wrapper.o(i.Efi_setCut_Outputs_wrapper)
    Efi_setRPMLimiter_Outputs_wrapper        0x08000bfd   Thumb Code    14  efi_setrpmlimiter_wrapper.o(i.Efi_setRPMLimiter_Outputs_wrapper)
    Efi_unsetCut_Outputs_wrapper             0x08000c11   Thumb Code    16  efi_unsetcut_wrapper.o(i.Efi_unsetCut_Outputs_wrapper)
    Efi_unsetRPMLimiter_Outputs_wrapper      0x08000c25   Thumb Code    16  efi_unsetrpmlimiter_wrapper.o(i.Efi_unsetRPMLimiter_Outputs_wrapper)
    EngineControl_start_Outputs_wrapper      0x08000c5d   Thumb Code     6  enginecontrol_start_wrapper.o(i.EngineControl_start_Outputs_wrapper)
    EngineControl_stop_Outputs_wrapper       0x08000c63   Thumb Code     6  enginecontrol_stop_wrapper.o(i.EngineControl_stop_Outputs_wrapper)
    Error_Handler                            0x08000c69   Thumb Code     2  main.o(i.Error_Handler)
    GCU_Model_genCode_initialize             0x08000c6d   Thumb Code   106  gcu_model_gencode.o(i.GCU_Model_genCode_initialize)
    GCU_Model_genCode_step1                  0x08000ce1   Thumb Code   830  gcu_model_gencode.o(i.GCU_Model_genCode_step1)
    GCU_Model_genCode_step2                  0x08001029   Thumb Code  1462  gcu_model_gencode.o(i.GCU_Model_genCode_step2)
    GCU_Model_genCode_step3                  0x080015e1   Thumb Code   274  gcu_model_gencode.o(i.GCU_Model_genCode_step3)
    GCU_Model_genCode_step4                  0x080016fd   Thumb Code   130  gcu_model_gencode.o(i.GCU_Model_genCode_step4)
    GearMotor_brake_Outputs_wrapper          0x08001b95   Thumb Code    48  gearmotor_brake_wrapper.o(i.GearMotor_brake_Outputs_wrapper)
    GearMotor_init_Outputs_wrapper           0x08001bcd   Thumb Code    10  gearmotor_init_wrapper.o(i.GearMotor_init_Outputs_wrapper)
    GearMotor_release_Outputs_wrapper        0x08001bd9   Thumb Code    16  gearmotor_release_wrapper.o(i.GearMotor_release_Outputs_wrapper)
    GearMotor_turnLeft_Outputs_wrapper       0x08001bed   Thumb Code    48  gearmotor_turnleft_wrapper.o(i.GearMotor_turnLeft_Outputs_wrapper)
    GearMotor_turnRight_Outputs_wrapper      0x08001c25   Thumb Code    48  gearmotor_turnright_wrapper.o(i.GearMotor_turnRight_Outputs_wrapper)
    HAL_ADCEx_InjectedConvCpltCallback       0x08001d75   Thumb Code     2  stm32f7xx_hal_adc_ex.o(i.HAL_ADCEx_InjectedConvCpltCallback)
    HAL_ADC_ConfigChannel                    0x08001d79   Thumb Code   338  stm32f7xx_hal_adc.o(i.HAL_ADC_ConfigChannel)
    HAL_ADC_ConvCpltCallback                 0x08001edd   Thumb Code    14  adc.o(i.HAL_ADC_ConvCpltCallback)
    HAL_ADC_ConvHalfCpltCallback             0x08001ef1   Thumb Code     2  stm32f7xx_hal_adc.o(i.HAL_ADC_ConvHalfCpltCallback)
    HAL_ADC_ErrorCallback                    0x08001ef3   Thumb Code     2  stm32f7xx_hal_adc.o(i.HAL_ADC_ErrorCallback)
    HAL_ADC_IRQHandler                       0x08001ef5   Thumb Code   316  stm32f7xx_hal_adc.o(i.HAL_ADC_IRQHandler)
    HAL_ADC_Init                             0x08002031   Thumb Code    84  stm32f7xx_hal_adc.o(i.HAL_ADC_Init)
    HAL_ADC_LevelOutOfWindowCallback         0x08002085   Thumb Code     2  stm32f7xx_hal_adc.o(i.HAL_ADC_LevelOutOfWindowCallback)
    HAL_ADC_MspInit                          0x08002089   Thumb Code   206  adc.o(i.HAL_ADC_MspInit)
    HAL_ADC_Start_DMA                        0x08002175   Thumb Code   260  stm32f7xx_hal_adc.o(i.HAL_ADC_Start_DMA)
    HAL_DMA_Abort_IT                         0x08002295   Thumb Code    36  stm32f7xx_hal_dma.o(i.HAL_DMA_Abort_IT)
    HAL_DMA_IRQHandler                       0x080022b9   Thumb Code   412  stm32f7xx_hal_dma.o(i.HAL_DMA_IRQHandler)
    HAL_DMA_Init                             0x08002459   Thumb Code   222  stm32f7xx_hal_dma.o(i.HAL_DMA_Init)
    HAL_DMA_Start_IT                         0x0800253d   Thumb Code   122  stm32f7xx_hal_dma.o(i.HAL_DMA_Start_IT)
    HAL_Delay                                0x080025b9   Thumb Code    32  stm32f7xx_hal.o(i.HAL_Delay)
    HAL_GPIO_Init                            0x080025dd   Thumb Code   418  stm32f7xx_hal_gpio.o(i.HAL_GPIO_Init)
    HAL_GPIO_TogglePin                       0x080027b5   Thumb Code    14  stm32f7xx_hal_gpio.o(i.HAL_GPIO_TogglePin)
    HAL_GPIO_WritePin                        0x080027c3   Thumb Code    10  stm32f7xx_hal_gpio.o(i.HAL_GPIO_WritePin)
    HAL_GetTick                              0x080027cd   Thumb Code     6  stm32f7xx_hal.o(i.HAL_GetTick)
    HAL_IncTick                              0x080027d9   Thumb Code    12  stm32f7xx_hal.o(i.HAL_IncTick)
    HAL_Init                                 0x080027e9   Thumb Code    22  stm32f7xx_hal.o(i.HAL_Init)
    HAL_InitTick                             0x08002801   Thumb Code    54  stm32f7xx_hal.o(i.HAL_InitTick)
    HAL_MspInit                              0x08002841   Thumb Code    42  stm32f7xx_hal_msp.o(i.HAL_MspInit)
    HAL_NVIC_EnableIRQ                       0x08002871   Thumb Code    26  stm32f7xx_hal_cortex.o(i.HAL_NVIC_EnableIRQ)
    HAL_NVIC_SetPriority                     0x0800288d   Thumb Code    60  stm32f7xx_hal_cortex.o(i.HAL_NVIC_SetPriority)
    HAL_NVIC_SetPriorityGrouping             0x080028cd   Thumb Code    28  stm32f7xx_hal_cortex.o(i.HAL_NVIC_SetPriorityGrouping)
    HAL_PWREx_EnableOverDrive                0x080028f1   Thumb Code   100  stm32f7xx_hal_pwr_ex.o(i.HAL_PWREx_EnableOverDrive)
    HAL_RCCEx_PeriphCLKConfig                0x0800295d   Thumb Code  1336  stm32f7xx_hal_rcc_ex.o(i.HAL_RCCEx_PeriphCLKConfig)
    HAL_RCC_ClockConfig                      0x08002e99   Thumb Code   282  stm32f7xx_hal_rcc.o(i.HAL_RCC_ClockConfig)
    HAL_RCC_GetPCLK1Freq                     0x08002fc5   Thumb Code    20  stm32f7xx_hal_rcc.o(i.HAL_RCC_GetPCLK1Freq)
    HAL_RCC_GetPCLK2Freq                     0x08002fe5   Thumb Code    20  stm32f7xx_hal_rcc.o(i.HAL_RCC_GetPCLK2Freq)
    HAL_RCC_GetSysClockFreq                  0x08003005   Thumb Code    88  stm32f7xx_hal_rcc.o(i.HAL_RCC_GetSysClockFreq)
    HAL_RCC_OscConfig                        0x08003065   Thumb Code   814  stm32f7xx_hal_rcc.o(i.HAL_RCC_OscConfig)
    HAL_SYSTICK_Config                       0x080033a1   Thumb Code    38  stm32f7xx_hal_cortex.o(i.HAL_SYSTICK_Config)
    HAL_TIMEx_Break2Callback                 0x080033c7   Thumb Code     2  stm32f7xx_hal_tim_ex.o(i.HAL_TIMEx_Break2Callback)
    HAL_TIMEx_BreakCallback                  0x080033c9   Thumb Code     2  stm32f7xx_hal_tim_ex.o(i.HAL_TIMEx_BreakCallback)
    HAL_TIMEx_CommutCallback                 0x080033cb   Thumb Code     2  stm32f7xx_hal_tim_ex.o(i.HAL_TIMEx_CommutCallback)
    HAL_TIMEx_MasterConfigSynchronization    0x080033cd   Thumb Code    88  stm32f7xx_hal_tim_ex.o(i.HAL_TIMEx_MasterConfigSynchronization)
    HAL_TIM_Base_Init                        0x0800342d   Thumb Code    54  stm32f7xx_hal_tim.o(i.HAL_TIM_Base_Init)
    HAL_TIM_Base_MspInit                     0x08003465   Thumb Code    72  tim.o(i.HAL_TIM_Base_MspInit)
    HAL_TIM_Base_Start_IT                    0x080034b5   Thumb Code    40  stm32f7xx_hal_tim.o(i.HAL_TIM_Base_Start_IT)
    HAL_TIM_ConfigClockSource                0x080034e1   Thumb Code   214  stm32f7xx_hal_tim.o(i.HAL_TIM_ConfigClockSource)
    HAL_TIM_IC_CaptureCallback               0x080035bd   Thumb Code     2  stm32f7xx_hal_tim.o(i.HAL_TIM_IC_CaptureCallback)
    HAL_TIM_IRQHandler                       0x080035bf   Thumb Code   386  stm32f7xx_hal_tim.o(i.HAL_TIM_IRQHandler)
    HAL_TIM_MspPostInit                      0x08003741   Thumb Code    68  tim.o(i.HAL_TIM_MspPostInit)
    HAL_TIM_OC_DelayElapsedCallback          0x08003791   Thumb Code     2  stm32f7xx_hal_tim.o(i.HAL_TIM_OC_DelayElapsedCallback)
    HAL_TIM_PWM_ConfigChannel                0x08003793   Thumb Code   296  stm32f7xx_hal_tim.o(i.HAL_TIM_PWM_ConfigChannel)
    HAL_TIM_PWM_Init                         0x080038bb   Thumb Code    54  stm32f7xx_hal_tim.o(i.HAL_TIM_PWM_Init)
    HAL_TIM_PWM_MspInit                      0x080038f1   Thumb Code     2  stm32f7xx_hal_tim.o(i.HAL_TIM_PWM_MspInit)
    HAL_TIM_PWM_PulseFinishedCallback        0x080038f3   Thumb Code     2  stm32f7xx_hal_tim.o(i.HAL_TIM_PWM_PulseFinishedCallback)
    HAL_TIM_PWM_Start                        0x080038f5   Thumb Code    64  stm32f7xx_hal_tim.o(i.HAL_TIM_PWM_Start)
    HAL_TIM_PeriodElapsedCallback            0x08003941   Thumb Code    66  tim.o(i.HAL_TIM_PeriodElapsedCallback)
    HAL_TIM_TriggerCallback                  0x0800398d   Thumb Code     2  stm32f7xx_hal_tim.o(i.HAL_TIM_TriggerCallback)
    HAL_UART_ErrorCallback                   0x0800398f   Thumb Code     2  stm32f7xx_hal_uart.o(i.HAL_UART_ErrorCallback)
    HAL_UART_IRQHandler                      0x08003991   Thumb Code   292  stm32f7xx_hal_uart.o(i.HAL_UART_IRQHandler)
    HAL_UART_Init                            0x08003ab9   Thumb Code   102  stm32f7xx_hal_uart.o(i.HAL_UART_Init)
    HAL_UART_MspInit                         0x08003b21   Thumb Code   152  usart.o(i.HAL_UART_MspInit)
    HAL_UART_Receive_IT                      0x08003bcd   Thumb Code   164  stm32f7xx_hal_uart.o(i.HAL_UART_Receive_IT)
    HAL_UART_RxCpltCallback                  0x08003c79   Thumb Code   148  usart.o(i.HAL_UART_RxCpltCallback)
    HAL_UART_Transmit_DMA                    0x08003d1d   Thumb Code   134  stm32f7xx_hal_uart.o(i.HAL_UART_Transmit_DMA)
    HAL_UART_TxCpltCallback                  0x08003db1   Thumb Code     2  stm32f7xx_hal_uart.o(i.HAL_UART_TxCpltCallback)
    HAL_UART_TxHalfCpltCallback              0x08003db3   Thumb Code     2  stm32f7xx_hal_uart.o(i.HAL_UART_TxHalfCpltCallback)
    HardFault_Handler                        0x08003db5   Thumb Code     2  stm32f7xx_it.o(i.HardFault_Handler)
    InitADC_Outputs_wrapper                  0x08003f11   Thumb Code    10  initadc_wrapper.o(i.InitADC_Outputs_wrapper)
    InitTimer_Outputs_wrapper                0x08003f25   Thumb Code     6  inittimer_wrapper.o(i.InitTimer_Outputs_wrapper)
    InitUART_Outputs_wrapper                 0x08003f31   Thumb Code    10  inituart_wrapper.o(i.InitUART_Outputs_wrapper)
    MX_ADC1_Init                             0x08003fdd   Thumb Code   264  adc.o(i.MX_ADC1_Init)
    MX_DMA_Init                              0x080040f1   Thumb Code    72  dma.o(i.MX_DMA_Init)
    MX_GFXSIMULATOR_Init                     0x0800413d   Thumb Code     2  gfxsimulator.o(i.MX_GFXSIMULATOR_Init)
    MX_GPIO_Init                             0x08004141   Thumb Code   258  gpio.o(i.MX_GPIO_Init)
    MX_TIM2_Init                             0x0800425d   Thumb Code    96  tim.o(i.MX_TIM2_Init)
    MX_TIM4_Init                             0x080042c1   Thumb Code   148  tim.o(i.MX_TIM4_Init)
    MX_USART3_UART_Init                      0x0800435d   Thumb Code    52  usart.o(i.MX_USART3_UART_Init)
    MemManage_Handler                        0x08004399   Thumb Code     2  stm32f7xx_it.o(i.MemManage_Handler)
    NMI_Handler                              0x080043f5   Thumb Code     2  stm32f7xx_it.o(i.NMI_Handler)
    PackCanUART_Outputs_wrapper              0x080043f7   Thumb Code    58  packcanuart_wrapper.o(i.PackCanUART_Outputs_wrapper)
    PackUARTMsg_Outputs_wrapper              0x08004431   Thumb Code    32  packuartmsg_wrapper.o(i.PackUARTMsg_Outputs_wrapper)
    PendSV_Handler                           0x08004451   Thumb Code     2  stm32f7xx_it.o(i.PendSV_Handler)
    SVC_Handler                              0x080049b5   Thumb Code     2  stm32f7xx_it.o(i.SVC_Handler)
    SysTick_Handler                          0x080049b7   Thumb Code     4  stm32f7xx_it.o(i.SysTick_Handler)
    SystemClock_Config                       0x080049bd   Thumb Code   146  main.o(i.SystemClock_Config)
    SystemInit                               0x08004a59   Thumb Code    68  system_stm32f7xx.o(i.SystemInit)
    TIM2_IRQHandler                          0x08004aad   Thumb Code     6  stm32f7xx_it.o(i.TIM2_IRQHandler)
    TIM_Base_SetConfig                       0x08004ab9   Thumb Code   158  stm32f7xx_hal_tim.o(i.TIM_Base_SetConfig)
    TIM_CCxChannelCmd                        0x08004b85   Thumb Code    26  stm32f7xx_hal_tim.o(i.TIM_CCxChannelCmd)
    TIM_ETR_SetConfig                        0x08004b9f   Thumb Code    18  stm32f7xx_hal_tim.o(i.TIM_ETR_SetConfig)
    TIM_OC2_SetConfig                        0x08004c35   Thumb Code   108  stm32f7xx_hal_tim.o(i.TIM_OC2_SetConfig)
    UART_AdvFeatureConfig                    0x08004e79   Thumb Code   200  stm32f7xx_hal_uart.o(i.UART_AdvFeatureConfig)
    UART_CheckIdleState                      0x08004f41   Thumb Code    60  stm32f7xx_hal_uart.o(i.UART_CheckIdleState)
    UART_SetConfig                           0x080050f5   Thumb Code   546  stm32f7xx_hal_uart.o(i.UART_SetConfig)
    UART_WaitOnFlagUntilTimeout              0x08005349   Thumb Code    96  stm32f7xx_hal_uart.o(i.UART_WaitOnFlagUntilTimeout)
    USART3_IRQHandler                        0x080053a9   Thumb Code     6  stm32f7xx_it.o(i.USART3_IRQHandler)
    UnpackCanUART_Outputs_wrapper            0x080053b5   Thumb Code    38  unpackcanuart_wrapper.o(i.UnpackCanUART_Outputs_wrapper)
    UsageFault_Handler                       0x080053db   Thumb Code     2  stm32f7xx_it.o(i.UsageFault_Handler)
    __scatterload_copy                       0x08005557   Thumb Code    14  handlers.o(i.__scatterload_copy)
    __scatterload_null                       0x08005565   Thumb Code     2  handlers.o(i.__scatterload_null)
    __scatterload_zeroinit                   0x08005567   Thumb Code    14  handlers.o(i.__scatterload_zeroinit)
    load_accParameters_Outputs_wrapper       0x080056a5   Thumb Code    44  load_accparameters_wrapper.o(i.load_accParameters_Outputs_wrapper)
    load_default_timings_Outputs_wrapper     0x080056d1   Thumb Code    76  load_default_timings_wrapper.o(i.load_default_timings_Outputs_wrapper)
    main                                     0x0800571d   Thumb Code    90  main.o(i.main)
    rt_I32ZCFcn                              0x0800577d   Thumb Code   112  gcu_model_gencode.o(i.rt_I32ZCFcn)
    sendUART_Outputs_wrapper                 0x080058d1   Thumb Code    50  senduart_wrapper.o(i.sendUART_Outputs_wrapper)
    update_ADC_data_Outputs_wrapper          0x080059e5   Thumb Code    20  update_adc_data_wrapper.o(i.update_ADC_data_Outputs_wrapper)
    writeValueEEPROM_Outputs_wrapper         0x080059f9   Thumb Code     2  writevalueeeprom_wrapper.o(i.writeValueEEPROM_Outputs_wrapper)
    GCU_Model_genCode_U16GND                 0x080059fa   Data           2  gcu_model_gencode.o(.constdata)
    rtConstP                                 0x08005a0c   Data           6  gcu_model_gencode_data.o(.constdata)
    AHBPrescTable                            0x08005a1a   Data          16  system_stm32f7xx.o(.constdata)
    APBPrescTable                            0x08005a2a   Data           8  system_stm32f7xx.o(.constdata)
    Region$$Table$$Base                      0x08005a34   Number         0  anon$$obj.o(Region$$Table)
    Region$$Table$$Limit                     0x08005a54   Number         0  anon$$obj.o(Region$$Table)
    timer2_counter1                          0x20000000   Data           4  tim.o(.data)
    timer2_counter2                          0x20000004   Data           4  tim.o(.data)
    readData                                 0x20000008   Data           1  usart.o(.data)
    temp                                     0x20000009   Data           3  usart.o(.data)
    header                                   0x2000000c   Data           4  usart.o(.data)
    flag                                     0x20000010   Data           4  usart.o(.data)
    uwTickFreq                               0x20000014   Data           1  stm32f7xx_hal.o(.data)
    uwTickPrio                               0x20000018   Data           4  stm32f7xx_hal.o(.data)
    uwTick                                   0x2000001c   Data           4  stm32f7xx_hal.o(.data)
    SystemCoreClock                          0x20000020   Data           4  system_stm32f7xx.o(.data)
    rtDW                                     0x20000028   Data        1040  gcu_model_gencode.o(.bss)
    rtPrevZCX                                0x20000438   Data          40  gcu_model_gencode.o(.bss)
    rtU                                      0x20000460   Data          80  gcu_model_gencode.o(.bss)
    rtY                                      0x200004b0   Data          80  gcu_model_gencode.o(.bss)
    tempMsg                                  0x20000500   Data          44  main.o(.bss)
    hadc1                                    0x2000052c   Data          72  adc.o(.bss)
    hdma_adc1                                0x20000574   Data          96  adc.o(.bss)
    htim2                                    0x200005d4   Data          64  tim.o(.bss)
    htim4                                    0x20000614   Data          64  tim.o(.bss)
    rxData                                   0x20000654   Data          10  usart.o(.bss)
    huart3                                   0x20000660   Data         128  usart.o(.bss)
    hdma_usart3_tx                           0x200006e0   Data          96  usart.o(.bss)
    __initial_sp                             0x20000b40   Data           0  startup_stm32f767xx.o(STACK)



==============================================================================

Memory Map of the image

  Image Entry point : 0x080001f9

  Load Region LR_IROM1 (Base: 0x08000000, Size: 0x00005a78, Max: 0x00200000, ABSOLUTE)

    Execution Region ER_IROM1 (Exec base: 0x08000000, Load base: 0x08000000, Size: 0x00005a54, Max: 0x00200000, ABSOLUTE)

    Exec Addr    Load Addr    Size         Type   Attr      Idx    E Section Name        Object

    0x08000000   0x08000000   0x000001f8   Data   RO            3    RESET               startup_stm32f767xx.o
    0x080001f8   0x080001f8   0x00000000   Code   RO         4705  * .ARM.Collect$$$$00000000  mc_w.l(entry.o)
    0x080001f8   0x080001f8   0x00000004   Code   RO         4718    .ARM.Collect$$$$00000001  mc_w.l(entry2.o)
    0x080001fc   0x080001fc   0x00000004   Code   RO         4721    .ARM.Collect$$$$00000004  mc_w.l(entry5.o)
    0x08000200   0x08000200   0x00000000   Code   RO         4723    .ARM.Collect$$$$00000008  mc_w.l(entry7b.o)
    0x08000200   0x08000200   0x00000000   Code   RO         4725    .ARM.Collect$$$$0000000A  mc_w.l(entry8b.o)
    0x08000200   0x08000200   0x00000008   Code   RO         4726    .ARM.Collect$$$$0000000B  mc_w.l(entry9a.o)
    0x08000208   0x08000208   0x00000000   Code   RO         4728    .ARM.Collect$$$$0000000D  mc_w.l(entry10a.o)
    0x08000208   0x08000208   0x00000000   Code   RO         4730    .ARM.Collect$$$$0000000F  mc_w.l(entry11a.o)
    0x08000208   0x08000208   0x00000004   Code   RO         4719    .ARM.Collect$$$$00002712  mc_w.l(entry2.o)
    0x0800020c   0x0800020c   0x00000024   Code   RO            4    .text               startup_stm32f767xx.o
    0x08000230   0x08000230   0x00000062   Code   RO         4708    .text               mc_w.l(uldiv.o)
    0x08000292   0x08000292   0x00000024   Code   RO         4710    .text               mc_w.l(memcpya.o)
    0x080002b6   0x080002b6   0x00000024   Code   RO         4712    .text               mc_w.l(memseta.o)
    0x080002da   0x080002da   0x0000001e   Code   RO         4714    .text               mc_w.l(strncmp.o)
    0x080002f8   0x080002f8   0x0000001e   Code   RO         4732    .text               mc_w.l(llshl.o)
    0x08000316   0x08000316   0x00000020   Code   RO         4734    .text               mc_w.l(llushr.o)
    0x08000336   0x08000336   0x00000002   PAD
    0x08000338   0x08000338   0x00000024   Code   RO         4736    .text               mc_w.l(init.o)
    0x0800035c   0x0800035c   0x00000158   Code   RO          730    i.AAC_COM           gcu_model_gencode.o
    0x080004b4   0x080004b4   0x00000020   Code   RO          731    i.AAC_ExternalValues  gcu_model_gencode.o
    0x080004d4   0x080004d4   0x000003f0   Code   RO          732    i.ACCELERATION      gcu_model_gencode.o
    0x080008c4   0x080008c4   0x0000006e   Code   RO         1394    i.ADC_DMAConvCplt   stm32f7xx_hal_adc.o
    0x08000932   0x08000932   0x00000016   Code   RO         1395    i.ADC_DMAError      stm32f7xx_hal_adc.o
    0x08000948   0x08000948   0x0000000a   Code   RO         1396    i.ADC_DMAHalfConvCplt  stm32f7xx_hal_adc.o
    0x08000952   0x08000952   0x00000002   PAD
    0x08000954   0x08000954   0x0000000c   Code   RO         1264    i.ADC_IRQHandler    stm32f7xx_it.o
    0x08000960   0x08000960   0x00000138   Code   RO         1397    i.ADC_Init          stm32f7xx_hal_adc.o
    0x08000a98   0x08000a98   0x00000002   Code   RO         1265    i.BusFault_Handler  stm32f7xx_it.o
    0x08000a9a   0x08000a9a   0x00000002   PAD
    0x08000a9c   0x08000a9c   0x00000018   Code   RO           13    i.ClutchMotor_init_Outputs_wrapper  clutchmotor_init_wrapper.o
    0x08000ab4   0x08000ab4   0x00000040   Code   RO          153    i.ClutchMotor_setPosition_Outputs_wrapper  clutchmotor_setposition_wrapper.o
    0x08000af4   0x08000af4   0x00000010   Code   RO          175    i.ClutchMotor_setupPWM_Outputs_wrapper  clutchmotor_setuppwm_wrapper.o
    0x08000b04   0x08000b04   0x00000024   Code   RO          733    i.Clutch_setValue   gcu_model_gencode.o
    0x08000b28   0x08000b28   0x0000000c   Code   RO         1266    i.DMA1_Stream3_IRQHandler  stm32f7xx_it.o
    0x08000b34   0x08000b34   0x0000000c   Code   RO         1267    i.DMA2_Stream0_IRQHandler  stm32f7xx_it.o
    0x08000b40   0x08000b40   0x00000028   Code   RO         3526    i.DMA_CalcBaseAndBitshift  stm32f7xx_hal_dma.o
    0x08000b68   0x08000b68   0x00000054   Code   RO         3527    i.DMA_CheckFifoParam  stm32f7xx_hal_dma.o
    0x08000bbc   0x08000bbc   0x00000028   Code   RO         3528    i.DMA_SetConfig     stm32f7xx_hal_dma.o
    0x08000be4   0x08000be4   0x00000002   Code   RO         1268    i.DebugMon_Handler  stm32f7xx_it.o
    0x08000be6   0x08000be6   0x00000002   Code   RO          187    i.Efi_init_Outputs_wrapper  efi_init_wrapper.o
    0x08000be8   0x08000be8   0x00000014   Code   RO          218    i.Efi_setCut_Outputs_wrapper  efi_setcut_wrapper.o
    0x08000bfc   0x08000bfc   0x00000014   Code   RO          242    i.Efi_setRPMLimiter_Outputs_wrapper  efi_setrpmlimiter_wrapper.o
    0x08000c10   0x08000c10   0x00000014   Code   RO          278    i.Efi_unsetCut_Outputs_wrapper  efi_unsetcut_wrapper.o
    0x08000c24   0x08000c24   0x00000014   Code   RO          302    i.Efi_unsetRPMLimiter_Outputs_wrapper  efi_unsetrpmlimiter_wrapper.o
    0x08000c38   0x08000c38   0x00000012   Code   RO          734    i.Efi_unsetRpmLimiter  gcu_model_gencode.o
    0x08000c4a   0x08000c4a   0x00000012   Code   RO          735    i.EngineControl_Start  gcu_model_gencode.o
    0x08000c5c   0x08000c5c   0x00000006   Code   RO          323    i.EngineControl_start_Outputs_wrapper  enginecontrol_start_wrapper.o
    0x08000c62   0x08000c62   0x00000006   Code   RO          335    i.EngineControl_stop_Outputs_wrapper  enginecontrol_stop_wrapper.o
    0x08000c68   0x08000c68   0x00000002   Code   RO          976    i.Error_Handler     main.o
    0x08000c6a   0x08000c6a   0x00000002   PAD
    0x08000c6c   0x08000c6c   0x00000074   Code   RO          736    i.GCU_Model_genCode_initialize  gcu_model_gencode.o
    0x08000ce0   0x08000ce0   0x00000348   Code   RO          738    i.GCU_Model_genCode_step1  gcu_model_gencode.o
    0x08001028   0x08001028   0x000005b6   Code   RO          739    i.GCU_Model_genCode_step2  gcu_model_gencode.o
    0x080015de   0x080015de   0x00000002   PAD
    0x080015e0   0x080015e0   0x0000011c   Code   RO          740    i.GCU_Model_genCode_step3  gcu_model_gencode.o
    0x080016fc   0x080016fc   0x00000090   Code   RO          741    i.GCU_Model_genCode_step4  gcu_model_gencode.o
    0x0800178c   0x0800178c   0x0000029c   Code   RO          743    i.GEARSHIFT         gcu_model_gencode.o
    0x08001a28   0x08001a28   0x0000016c   Code   RO          744    i.GEAR_RPM_UPDATE   gcu_model_gencode.o
    0x08001b94   0x08001b94   0x00000038   Code   RO          350    i.GearMotor_brake_Outputs_wrapper  gearmotor_brake_wrapper.o
    0x08001bcc   0x08001bcc   0x0000000a   Code   RO          374    i.GearMotor_init_Outputs_wrapper  gearmotor_init_wrapper.o
    0x08001bd6   0x08001bd6   0x00000002   PAD
    0x08001bd8   0x08001bd8   0x00000014   Code   RO          398    i.GearMotor_release_Outputs_wrapper  gearmotor_release_wrapper.o
    0x08001bec   0x08001bec   0x00000038   Code   RO          422    i.GearMotor_turnLeft_Outputs_wrapper  gearmotor_turnleft_wrapper.o
    0x08001c24   0x08001c24   0x00000038   Code   RO          446    i.GearMotor_turnRight_Outputs_wrapper  gearmotor_turnright_wrapper.o
    0x08001c5c   0x08001c5c   0x00000026   Code   RO          745    i.Gearmotor_brake   gcu_model_gencode.o
    0x08001c82   0x08001c82   0x00000002   PAD
    0x08001c84   0x08001c84   0x0000001c   Code   RO          746    i.Gearmotor_release  gcu_model_gencode.o
    0x08001ca0   0x08001ca0   0x00000026   Code   RO          747    i.Gearmotor_turnRight  gcu_model_gencode.o
    0x08001cc6   0x08001cc6   0x00000002   PAD
    0x08001cc8   0x08001cc8   0x000000ac   Code   RO          748    i.Gearshift_getTime  gcu_model_gencode.o
    0x08001d74   0x08001d74   0x00000002   Code   RO         1568    i.HAL_ADCEx_InjectedConvCpltCallback  stm32f7xx_hal_adc_ex.o
    0x08001d76   0x08001d76   0x00000002   PAD
    0x08001d78   0x08001d78   0x00000164   Code   RO         1399    i.HAL_ADC_ConfigChannel  stm32f7xx_hal_adc.o
    0x08001edc   0x08001edc   0x00000014   Code   RO         1056    i.HAL_ADC_ConvCpltCallback  adc.o
    0x08001ef0   0x08001ef0   0x00000002   Code   RO         1401    i.HAL_ADC_ConvHalfCpltCallback  stm32f7xx_hal_adc.o
    0x08001ef2   0x08001ef2   0x00000002   Code   RO         1403    i.HAL_ADC_ErrorCallback  stm32f7xx_hal_adc.o
    0x08001ef4   0x08001ef4   0x0000013c   Code   RO         1407    i.HAL_ADC_IRQHandler  stm32f7xx_hal_adc.o
    0x08002030   0x08002030   0x00000054   Code   RO         1408    i.HAL_ADC_Init      stm32f7xx_hal_adc.o
    0x08002084   0x08002084   0x00000002   Code   RO         1409    i.HAL_ADC_LevelOutOfWindowCallback  stm32f7xx_hal_adc.o
    0x08002086   0x08002086   0x00000002   PAD
    0x08002088   0x08002088   0x000000ec   Code   RO         1058    i.HAL_ADC_MspInit   adc.o
    0x08002174   0x08002174   0x00000120   Code   RO         1415    i.HAL_ADC_Start_DMA  stm32f7xx_hal_adc.o
    0x08002294   0x08002294   0x00000024   Code   RO         3530    i.HAL_DMA_Abort_IT  stm32f7xx_hal_dma.o
    0x080022b8   0x080022b8   0x000001a0   Code   RO         3534    i.HAL_DMA_IRQHandler  stm32f7xx_hal_dma.o
    0x08002458   0x08002458   0x000000e4   Code   RO         3535    i.HAL_DMA_Init      stm32f7xx_hal_dma.o
    0x0800253c   0x0800253c   0x0000007a   Code   RO         3539    i.HAL_DMA_Start_IT  stm32f7xx_hal_dma.o
    0x080025b6   0x080025b6   0x00000002   PAD
    0x080025b8   0x080025b8   0x00000024   Code   RO         3896    i.HAL_Delay         stm32f7xx_hal.o
    0x080025dc   0x080025dc   0x000001d8   Code   RO         3463    i.HAL_GPIO_Init     stm32f7xx_hal_gpio.o
    0x080027b4   0x080027b4   0x0000000e   Code   RO         3466    i.HAL_GPIO_TogglePin  stm32f7xx_hal_gpio.o
    0x080027c2   0x080027c2   0x0000000a   Code   RO         3467    i.HAL_GPIO_WritePin  stm32f7xx_hal_gpio.o
    0x080027cc   0x080027cc   0x0000000c   Code   RO         3906    i.HAL_GetTick       stm32f7xx_hal.o
    0x080027d8   0x080027d8   0x00000010   Code   RO         3912    i.HAL_IncTick       stm32f7xx_hal.o
    0x080027e8   0x080027e8   0x00000016   Code   RO         3913    i.HAL_Init          stm32f7xx_hal.o
    0x080027fe   0x080027fe   0x00000002   PAD
    0x08002800   0x08002800   0x00000040   Code   RO         3914    i.HAL_InitTick      stm32f7xx_hal.o
    0x08002840   0x08002840   0x00000030   Code   RO         1370    i.HAL_MspInit       stm32f7xx_hal_msp.o
    0x08002870   0x08002870   0x0000001a   Code   RO         1674    i.HAL_NVIC_EnableIRQ  stm32f7xx_hal_cortex.o
    0x0800288a   0x0800288a   0x00000002   PAD
    0x0800288c   0x0800288c   0x00000040   Code   RO         1680    i.HAL_NVIC_SetPriority  stm32f7xx_hal_cortex.o
    0x080028cc   0x080028cc   0x00000024   Code   RO         1681    i.HAL_NVIC_SetPriorityGrouping  stm32f7xx_hal_cortex.o
    0x080028f0   0x080028f0   0x0000006c   Code   RO         3803    i.HAL_PWREx_EnableOverDrive  stm32f7xx_hal_pwr_ex.o
    0x0800295c   0x0800295c   0x0000053c   Code   RO         3224    i.HAL_RCCEx_PeriphCLKConfig  stm32f7xx_hal_rcc_ex.o
    0x08002e98   0x08002e98   0x0000012c   Code   RO         3117    i.HAL_RCC_ClockConfig  stm32f7xx_hal_rcc.o
    0x08002fc4   0x08002fc4   0x00000020   Code   RO         3124    i.HAL_RCC_GetPCLK1Freq  stm32f7xx_hal_rcc.o
    0x08002fe4   0x08002fe4   0x00000020   Code   RO         3125    i.HAL_RCC_GetPCLK2Freq  stm32f7xx_hal_rcc.o
    0x08003004   0x08003004   0x00000060   Code   RO         3126    i.HAL_RCC_GetSysClockFreq  stm32f7xx_hal_rcc.o
    0x08003064   0x08003064   0x0000033c   Code   RO         3129    i.HAL_RCC_OscConfig  stm32f7xx_hal_rcc.o
    0x080033a0   0x080033a0   0x00000026   Code   RO         1685    i.HAL_SYSTICK_Config  stm32f7xx_hal_cortex.o
    0x080033c6   0x080033c6   0x00000002   Code   RO         2491    i.HAL_TIMEx_Break2Callback  stm32f7xx_hal_tim_ex.o
    0x080033c8   0x080033c8   0x00000002   Code   RO         2492    i.HAL_TIMEx_BreakCallback  stm32f7xx_hal_tim_ex.o
    0x080033ca   0x080033ca   0x00000002   Code   RO         2493    i.HAL_TIMEx_CommutCallback  stm32f7xx_hal_tim_ex.o
    0x080033cc   0x080033cc   0x00000060   Code   RO         2512    i.HAL_TIMEx_MasterConfigSynchronization  stm32f7xx_hal_tim_ex.o
    0x0800342c   0x0800342c   0x00000036   Code   RO         1806    i.HAL_TIM_Base_Init  stm32f7xx_hal_tim.o
    0x08003462   0x08003462   0x00000002   PAD
    0x08003464   0x08003464   0x00000050   Code   RO         1155    i.HAL_TIM_Base_MspInit  tim.o
    0x080034b4   0x080034b4   0x0000002c   Code   RO         1811    i.HAL_TIM_Base_Start_IT  stm32f7xx_hal_tim.o
    0x080034e0   0x080034e0   0x000000dc   Code   RO         1815    i.HAL_TIM_ConfigClockSource  stm32f7xx_hal_tim.o
    0x080035bc   0x080035bc   0x00000002   Code   RO         1835    i.HAL_TIM_IC_CaptureCallback  stm32f7xx_hal_tim.o
    0x080035be   0x080035be   0x00000182   Code   RO         1849    i.HAL_TIM_IRQHandler  stm32f7xx_hal_tim.o
    0x08003740   0x08003740   0x00000050   Code   RO         1156    i.HAL_TIM_MspPostInit  tim.o
    0x08003790   0x08003790   0x00000002   Code   RO         1852    i.HAL_TIM_OC_DelayElapsedCallback  stm32f7xx_hal_tim.o
    0x08003792   0x08003792   0x00000128   Code   RO         1873    i.HAL_TIM_PWM_ConfigChannel  stm32f7xx_hal_tim.o
    0x080038ba   0x080038ba   0x00000036   Code   RO         1876    i.HAL_TIM_PWM_Init  stm32f7xx_hal_tim.o
    0x080038f0   0x080038f0   0x00000002   Code   RO         1878    i.HAL_TIM_PWM_MspInit  stm32f7xx_hal_tim.o
    0x080038f2   0x080038f2   0x00000002   Code   RO         1879    i.HAL_TIM_PWM_PulseFinishedCallback  stm32f7xx_hal_tim.o
    0x080038f4   0x080038f4   0x0000004c   Code   RO         1881    i.HAL_TIM_PWM_Start  stm32f7xx_hal_tim.o
    0x08003940   0x08003940   0x0000004c   Code   RO         1157    i.HAL_TIM_PeriodElapsedCallback  tim.o
    0x0800398c   0x0800398c   0x00000002   Code   RO         1892    i.HAL_TIM_TriggerCallback  stm32f7xx_hal_tim.o
    0x0800398e   0x0800398e   0x00000002   Code   RO         2782    i.HAL_UART_ErrorCallback  stm32f7xx_hal_uart.o
    0x08003990   0x08003990   0x00000128   Code   RO         2785    i.HAL_UART_IRQHandler  stm32f7xx_hal_uart.o
    0x08003ab8   0x08003ab8   0x00000066   Code   RO         2786    i.HAL_UART_Init     stm32f7xx_hal_uart.o
    0x08003b1e   0x08003b1e   0x00000002   PAD
    0x08003b20   0x08003b20   0x000000ac   Code   RO         1216    i.HAL_UART_MspInit  usart.o
    0x08003bcc   0x08003bcc   0x000000ac   Code   RO         2791    i.HAL_UART_Receive_IT  stm32f7xx_hal_uart.o
    0x08003c78   0x08003c78   0x000000a4   Code   RO         1217    i.HAL_UART_RxCpltCallback  usart.o
    0x08003d1c   0x08003d1c   0x00000094   Code   RO         2795    i.HAL_UART_Transmit_DMA  stm32f7xx_hal_uart.o
    0x08003db0   0x08003db0   0x00000002   Code   RO         2797    i.HAL_UART_TxCpltCallback  stm32f7xx_hal_uart.o
    0x08003db2   0x08003db2   0x00000002   Code   RO         2798    i.HAL_UART_TxHalfCpltCallback  stm32f7xx_hal_uart.o
    0x08003db4   0x08003db4   0x00000002   Code   RO         1269    i.HardFault_Handler  stm32f7xx_it.o
    0x08003db6   0x08003db6   0x00000002   PAD
    0x08003db8   0x08003db8   0x00000158   Code   RO          749    i.IDLE              gcu_model_gencode.o
    0x08003f10   0x08003f10   0x00000014   Code   RO          608    i.InitADC_Outputs_wrapper  initadc_wrapper.o
    0x08003f24   0x08003f24   0x0000000c   Code   RO          632    i.InitTimer_Outputs_wrapper  inittimer_wrapper.o
    0x08003f30   0x08003f30   0x00000014   Code   RO          657    i.InitUART_Outputs_wrapper  inituart_wrapper.o
    0x08003f44   0x08003f44   0x00000098   Code   RO          750    i.MODES             gcu_model_gencode.o
    0x08003fdc   0x08003fdc   0x00000114   Code   RO         1059    i.MX_ADC1_Init      adc.o
    0x080040f0   0x080040f0   0x0000004c   Code   RO         1106    i.MX_DMA_Init       dma.o
    0x0800413c   0x0800413c   0x00000002   Code   RO         1130    i.MX_GFXSIMULATOR_Init  gfxsimulator.o
    0x0800413e   0x0800413e   0x00000002   PAD
    0x08004140   0x08004140   0x0000011c   Code   RO         1032    i.MX_GPIO_Init      gpio.o
    0x0800425c   0x0800425c   0x00000064   Code   RO         1158    i.MX_TIM2_Init      tim.o
    0x080042c0   0x080042c0   0x0000009c   Code   RO         1159    i.MX_TIM4_Init      tim.o
    0x0800435c   0x0800435c   0x0000003c   Code   RO         1218    i.MX_USART3_UART_Init  usart.o
    0x08004398   0x08004398   0x00000002   Code   RO         1270    i.MemManage_Handler  stm32f7xx_it.o
    0x0800439a   0x0800439a   0x00000002   PAD
    0x0800439c   0x0800439c   0x00000058   Code   RO          751    i.NEUTRAL_STATE     gcu_model_gencode.o
    0x080043f4   0x080043f4   0x00000002   Code   RO         1271    i.NMI_Handler       stm32f7xx_it.o
    0x080043f6   0x080043f6   0x0000003a   Code   RO          467    i.PackCanUART_Outputs_wrapper  packcanuart_wrapper.o
    0x08004430   0x08004430   0x00000020   Code   RO          479    i.PackUARTMsg_Outputs_wrapper  packuartmsg_wrapper.o
    0x08004450   0x08004450   0x00000002   Code   RO         1272    i.PendSV_Handler    stm32f7xx_it.o
    0x08004452   0x08004452   0x00000002   PAD
    0x08004454   0x08004454   0x00000158   Code   RO          752    i.READ_EEPROM       gcu_model_gencode.o
    0x080045ac   0x080045ac   0x00000158   Code   RO          753    i.SET_CLUTCH        gcu_model_gencode.o
    0x08004704   0x08004704   0x00000158   Code   RO          754    i.SET_TRACTION      gcu_model_gencode.o
    0x0800485c   0x0800485c   0x00000158   Code   RO          755    i.START_ENGINE      gcu_model_gencode.o
    0x080049b4   0x080049b4   0x00000002   Code   RO         1273    i.SVC_Handler       stm32f7xx_it.o
    0x080049b6   0x080049b6   0x00000004   Code   RO         1274    i.SysTick_Handler   stm32f7xx_it.o
    0x080049ba   0x080049ba   0x00000002   PAD
    0x080049bc   0x080049bc   0x0000009c   Code   RO          977    i.SystemClock_Config  main.o
    0x08004a58   0x08004a58   0x00000054   Code   RO         4671    i.SystemInit        system_stm32f7xx.o
    0x08004aac   0x08004aac   0x0000000c   Code   RO         1275    i.TIM2_IRQHandler   stm32f7xx_it.o
    0x08004ab8   0x08004ab8   0x000000cc   Code   RO         1894    i.TIM_Base_SetConfig  stm32f7xx_hal_tim.o
    0x08004b84   0x08004b84   0x0000001a   Code   RO         1895    i.TIM_CCxChannelCmd  stm32f7xx_hal_tim.o
    0x08004b9e   0x08004b9e   0x00000012   Code   RO         1905    i.TIM_ETR_SetConfig  stm32f7xx_hal_tim.o
    0x08004bb0   0x08004bb0   0x00000010   Code   RO         1906    i.TIM_ITRx_SetConfig  stm32f7xx_hal_tim.o
    0x08004bc0   0x08004bc0   0x00000074   Code   RO         1907    i.TIM_OC1_SetConfig  stm32f7xx_hal_tim.o
    0x08004c34   0x08004c34   0x00000078   Code   RO         1908    i.TIM_OC2_SetConfig  stm32f7xx_hal_tim.o
    0x08004cac   0x08004cac   0x00000078   Code   RO         1909    i.TIM_OC3_SetConfig  stm32f7xx_hal_tim.o
    0x08004d24   0x08004d24   0x00000058   Code   RO         1910    i.TIM_OC4_SetConfig  stm32f7xx_hal_tim.o
    0x08004d7c   0x08004d7c   0x00000058   Code   RO         1911    i.TIM_OC5_SetConfig  stm32f7xx_hal_tim.o
    0x08004dd4   0x08004dd4   0x00000058   Code   RO         1912    i.TIM_OC6_SetConfig  stm32f7xx_hal_tim.o
    0x08004e2c   0x08004e2c   0x00000022   Code   RO         1914    i.TIM_TI1_ConfigInputStage  stm32f7xx_hal_tim.o
    0x08004e4e   0x08004e4e   0x00000024   Code   RO         1916    i.TIM_TI2_ConfigInputStage  stm32f7xx_hal_tim.o
    0x08004e72   0x08004e72   0x00000006   Code   RO          756    i.TractionValue     gcu_model_gencode.o
    0x08004e78   0x08004e78   0x000000c8   Code   RO         2799    i.UART_AdvFeatureConfig  stm32f7xx_hal_uart.o
    0x08004f40   0x08004f40   0x0000003c   Code   RO         2800    i.UART_CheckIdleState  stm32f7xx_hal_uart.o
    0x08004f7c   0x08004f7c   0x00000014   Code   RO         2801    i.UART_DMAAbortOnError  stm32f7xx_hal_uart.o
    0x08004f90   0x08004f90   0x00000046   Code   RO         2802    i.UART_DMAError     stm32f7xx_hal_uart.o
    0x08004fd6   0x08004fd6   0x0000002e   Code   RO         2807    i.UART_DMATransmitCplt  stm32f7xx_hal_uart.o
    0x08005004   0x08005004   0x0000000a   Code   RO         2809    i.UART_DMATxHalfCplt  stm32f7xx_hal_uart.o
    0x0800500e   0x0800500e   0x00000020   Code   RO         2811    i.UART_EndRxTransfer  stm32f7xx_hal_uart.o
    0x0800502e   0x0800502e   0x00000010   Code   RO         2812    i.UART_EndTxTransfer  stm32f7xx_hal_uart.o
    0x0800503e   0x0800503e   0x0000005a   Code   RO         2813    i.UART_RxISR_16BIT  stm32f7xx_hal_uart.o
    0x08005098   0x08005098   0x0000005a   Code   RO         2814    i.UART_RxISR_8BIT   stm32f7xx_hal_uart.o
    0x080050f2   0x080050f2   0x00000002   PAD
    0x080050f4   0x080050f4   0x00000254   Code   RO         2815    i.UART_SetConfig    stm32f7xx_hal_uart.o
    0x08005348   0x08005348   0x00000060   Code   RO         2818    i.UART_WaitOnFlagUntilTimeout  stm32f7xx_hal_uart.o
    0x080053a8   0x080053a8   0x0000000c   Code   RO         1276    i.USART3_IRQHandler  stm32f7xx_it.o
    0x080053b4   0x080053b4   0x00000026   Code   RO          516    i.UnpackCanUART_Outputs_wrapper  unpackcanuart_wrapper.o
    0x080053da   0x080053da   0x00000002   Code   RO         1277    i.UsageFault_Handler  stm32f7xx_it.o
    0x080053dc   0x080053dc   0x00000158   Code   RO          757    i.WRITE_EEPROM      gcu_model_gencode.o
    0x08005534   0x08005534   0x00000022   Code   RO         1687    i.__NVIC_SetPriority  stm32f7xx_hal_cortex.o
    0x08005556   0x08005556   0x0000000e   Code   RO         4740    i.__scatterload_copy  mc_w.l(handlers.o)
    0x08005564   0x08005564   0x00000002   Code   RO         4741    i.__scatterload_null  mc_w.l(handlers.o)
    0x08005566   0x08005566   0x0000000e   Code   RO         4742    i.__scatterload_zeroinit  mc_w.l(handlers.o)
    0x08005574   0x08005574   0x00000058   Code   RO          758    i.aacCheckShift     gcu_model_gencode.o
    0x080055cc   0x080055cc   0x00000038   Code   RO          759    i.checkClutch       gcu_model_gencode.o
    0x08005604   0x08005604   0x00000090   Code   RO          760    i.checkShift        gcu_model_gencode.o
    0x08005694   0x08005694   0x00000010   Code   RO          761    i.getAacParam       gcu_model_gencode.o
    0x080056a4   0x080056a4   0x0000002c   Code   RO          679    i.load_accParameters_Outputs_wrapper  load_accparameters_wrapper.o
    0x080056d0   0x080056d0   0x0000004c   Code   RO          694    i.load_default_timings_Outputs_wrapper  load_default_timings_wrapper.o
    0x0800571c   0x0800571c   0x00000060   Code   RO          978    i.main              main.o
    0x0800577c   0x0800577c   0x00000074   Code   RO          762    i.rt_I32ZCFcn       gcu_model_gencode.o
    0x080057f0   0x080057f0   0x00000028   Code   RO          763    i.sendAacCommand    gcu_model_gencode.o
    0x08005818   0x08005818   0x0000002c   Code   RO          764    i.sendClutchCommand  gcu_model_gencode.o
    0x08005844   0x08005844   0x00000028   Code   RO          765    i.sendModeCommand   gcu_model_gencode.o
    0x0800586c   0x0800586c   0x00000044   Code   RO          766    i.sendShiftCommand  gcu_model_gencode.o
    0x080058b0   0x080058b0   0x00000020   Code   RO          767    i.sendStartEngCommand  gcu_model_gencode.o
    0x080058d0   0x080058d0   0x00000040   Code   RO          494    i.sendUART_Outputs_wrapper  senduart_wrapper.o
    0x08005910   0x08005910   0x00000024   Code   RO          768    i.sendUpdatesSW     gcu_model_gencode.o
    0x08005934   0x08005934   0x000000b0   Code   RO          769    i.updateData        gcu_model_gencode.o
    0x080059e4   0x080059e4   0x00000014   Code   RO          543    i.update_ADC_data_Outputs_wrapper  update_adc_data_wrapper.o
    0x080059f8   0x080059f8   0x00000002   Code   RO          706    i.writeValueEEPROM_Outputs_wrapper  writevalueeeprom_wrapper.o
    0x080059fa   0x080059fa   0x00000012   Data   RO          771    .constdata          gcu_model_gencode.o
    0x08005a0c   0x08005a0c   0x00000006   Data   RO          960    .constdata          gcu_model_gencode_data.o
    0x08005a12   0x08005a12   0x00000008   Data   RO         3541    .constdata          stm32f7xx_hal_dma.o
    0x08005a1a   0x08005a1a   0x00000010   Data   RO         4672    .constdata          system_stm32f7xx.o
    0x08005a2a   0x08005a2a   0x00000008   Data   RO         4673    .constdata          system_stm32f7xx.o
    0x08005a32   0x08005a32   0x00000002   PAD
    0x08005a34   0x08005a34   0x00000020   Data   RO         4738    Region$$Table       anon$$obj.o


    Execution Region RW_IRAM1 (Exec base: 0x20000000, Load base: 0x08005a54, Size: 0x00000b40, Max: 0x00080000, ABSOLUTE)

    Exec Addr    Load Addr    Size         Type   Attr      Idx    E Section Name        Object

    0x20000000   0x08005a54   0x00000008   Data   RW         1161    .data               tim.o
    0x20000008   0x08005a5c   0x0000000c   Data   RW         1220    .data               usart.o
    0x20000014   0x08005a68   0x0000000c   Data   RW         3920    .data               stm32f7xx_hal.o
    0x20000020   0x08005a74   0x00000004   Data   RW         4674    .data               system_stm32f7xx.o
    0x20000024   0x08005a78   0x00000004   PAD
    0x20000028        -       0x000004d8   Zero   RW          770    .bss                gcu_model_gencode.o
    0x20000500        -       0x0000002c   Zero   RW          979    .bss                main.o
    0x2000052c        -       0x000000a8   Zero   RW         1062    .bss                adc.o
    0x200005d4        -       0x00000080   Zero   RW         1160    .bss                tim.o
    0x20000654        -       0x000000ec   Zero   RW         1219    .bss                usart.o
    0x20000740        -       0x00000400   Zero   RW            1    STACK               startup_stm32f767xx.o


==============================================================================

Image component sizes


      Code (inc. data)   RO Data    RW Data    ZI Data      Debug   Object Name

       532         48          0          0        168       2803   adc.o
        24          6          0          0          0     879347   clutchmotor_init_wrapper.o
        64          6          0          0          0       1306   clutchmotor_setposition_wrapper.o
        16          0          0          0          0        663   clutchmotor_setuppwm_wrapper.o
        76          4          0          0          0        882   dma.o
         2          0          0          0          0        559   efi_init_wrapper.o
        20          6          0          0          0       1009   efi_setcut_wrapper.o
        20          6          0          0          0       1056   efi_setrpmlimiter_wrapper.o
        20          4          0          0          0       1019   efi_unsetcut_wrapper.o
        20          4          0          0          0       1066   efi_unsetrpmlimiter_wrapper.o
         6          0          0          0          0       1094   enginecontrol_start_wrapper.o
         6          0          0          0          0       1089   enginecontrol_stop_wrapper.o
      8776        286         18          0       1240      47119   gcu_model_gencode.o
         0          0          6          0          0       7147   gcu_model_gencode_data.o
        56          8          0          0          0       1182   gearmotor_brake_wrapper.o
        10          0          0          0          0        633   gearmotor_init_wrapper.o
        20          4          0          0          0       1056   gearmotor_release_wrapper.o
        56          8          0          0          0       1197   gearmotor_turnleft_wrapper.o
        56          8          0          0          0       1206   gearmotor_turnright_wrapper.o
         2          0          0          0          0        503   gfxsimulator.o
       284         26          0          0          0       1159   gpio.o
        20         10          0          0          0        562   initadc_wrapper.o
        12          6          0          0          0        568   inittimer_wrapper.o
        20         10          0          0          0        563   inituart_wrapper.o
        44          0          0          0          0       1129   load_accparameters_wrapper.o
        76          0          0          0          0       1151   load_default_timings_wrapper.o
       254         16          0          0         44       2716   main.o
        58          0          0          0          0       1262   packcanuart_wrapper.o
        32          0          0          0          0       1154   packuartmsg_wrapper.o
        64         14          0          0          0       1312   senduart_wrapper.o
        36          8        504          0       1024        880   startup_stm32f767xx.o
       150         24          0         12          0       9541   stm32f7xx_hal.o
      1504         60          0          0          0       8806   stm32f7xx_hal_adc.o
         2          0          0          0          0       1065   stm32f7xx_hal_adc_ex.o
       198         12          0          0          0      39251   stm32f7xx_hal_cortex.o
       966         16          8          0          0       6854   stm32f7xx_hal_dma.o
       496         54          0          0          0       3369   stm32f7xx_hal_gpio.o
        48          6          0          0          0        910   stm32f7xx_hal_msp.o
       108          8          0          0          0       1356   stm32f7xx_hal_pwr_ex.o
      1288         64          0          0          0       5372   stm32f7xx_hal_rcc.o
      1340         22          0          0          0       2412   stm32f7xx_hal_rcc_ex.o
      2094        146          0          0          0      19238   stm32f7xx_hal_tim.o
       102          8          0          0          0       3276   stm32f7xx_hal_tim_ex.o
      2050         96          0          0          0      15614   stm32f7xx_hal_uart.o
        80         30          0          0          0       7017   stm32f7xx_it.o
        84         16         24          4          0       1359   system_stm32f7xx.o
       492         42          0          8        128       4097   tim.o
        38          0          0          0          0       1264   unpackcanuart_wrapper.o
        20          0          0          0          0       1766   update_adc_data_wrapper.o
       396         44          0         12        236       2940   usart.o
         2          0          0          0          0       1015   writevalueeeprom_wrapper.o

    ----------------------------------------------------------------------
     22180       1136        594         36       2844    1100914   Object Totals
         0          0         32          0          0          0   (incl. Generated)
        40          0          2          0          4          0   (incl. Padding)

    ----------------------------------------------------------------------

      Code (inc. data)   RO Data    RW Data    ZI Data      Debug   Library Member Name

         0          0          0          0          0          0   entry.o
         0          0          0          0          0          0   entry10a.o
         0          0          0          0          0          0   entry11a.o
         8          4          0          0          0          0   entry2.o
         4          0          0          0          0          0   entry5.o
         0          0          0          0          0          0   entry7b.o
         0          0          0          0          0          0   entry8b.o
         8          4          0          0          0          0   entry9a.o
        30          0          0          0          0          0   handlers.o
        36          8          0          0          0         68   init.o
        30          0          0          0          0         68   llshl.o
        32          0          0          0          0         68   llushr.o
        36          0          0          0          0         68   memcpya.o
        36          0          0          0          0        108   memseta.o
        30          0          0          0          0         80   strncmp.o
        98          0          0          0          0         92   uldiv.o

    ----------------------------------------------------------------------
       350         16          0          0          0        552   Library Totals
         2          0          0          0          0          0   (incl. Padding)

    ----------------------------------------------------------------------

      Code (inc. data)   RO Data    RW Data    ZI Data      Debug   Library Name

       348         16          0          0          0        552   mc_w.l

    ----------------------------------------------------------------------
       350         16          0          0          0        552   Library Totals

    ----------------------------------------------------------------------

==============================================================================


      Code (inc. data)   RO Data    RW Data    ZI Data      Debug   

     22530       1152        594         36       2844    1083862   Grand Totals
     22530       1152        594         36       2844    1083862   ELF Image Totals
     22530       1152        594         36          0          0   ROM Totals

==============================================================================

    Total RO  Size (Code + RO Data)                23124 (  22.58kB)
    Total RW  Size (RW Data + ZI Data)              2880 (   2.81kB)
    Total ROM Size (Code + RO Data + RW Data)      23160 (  22.62kB)

==============================================================================

