Component: ARM Compiler 5.06 update 5 (build 528) Tool: armlink [4d35e2]

==============================================================================

Section Cross References

    startup_stm32f767xx.o(RESET) refers to startup_stm32f767xx.o(STACK) for __initial_sp
    startup_stm32f767xx.o(RESET) refers to startup_stm32f767xx.o(.text) for Reset_Handler
    startup_stm32f767xx.o(RESET) refers to stm32f7xx_it.o(i.NMI_Handler) for NMI_Handler
    startup_stm32f767xx.o(RESET) refers to stm32f7xx_it.o(i.HardFault_Handler) for HardFault_Handler
    startup_stm32f767xx.o(RESET) refers to stm32f7xx_it.o(i.MemManage_Handler) for MemManage_Handler
    startup_stm32f767xx.o(RESET) refers to stm32f7xx_it.o(i.BusFault_Handler) for BusFault_Handler
    startup_stm32f767xx.o(RESET) refers to stm32f7xx_it.o(i.UsageFault_Handler) for UsageFault_Handler
    startup_stm32f767xx.o(RESET) refers to stm32f7xx_it.o(i.SVC_Handler) for SVC_Handler
    startup_stm32f767xx.o(RESET) refers to stm32f7xx_it.o(i.DebugMon_Handler) for DebugMon_Handler
    startup_stm32f767xx.o(RESET) refers to stm32f7xx_it.o(i.PendSV_Handler) for PendSV_Handler
    startup_stm32f767xx.o(RESET) refers to stm32f7xx_it.o(i.SysTick_Handler) for SysTick_Handler
    startup_stm32f767xx.o(RESET) refers to stm32f7xx_it.o(i.DMA1_Stream3_IRQHandler) for DMA1_Stream3_IRQHandler
    startup_stm32f767xx.o(RESET) refers to stm32f7xx_it.o(i.ADC_IRQHandler) for ADC_IRQHandler
    startup_stm32f767xx.o(RESET) refers to stm32f7xx_it.o(i.TIM2_IRQHandler) for TIM2_IRQHandler
    startup_stm32f767xx.o(RESET) refers to stm32f7xx_it.o(i.USART3_IRQHandler) for USART3_IRQHandler
    startup_stm32f767xx.o(RESET) refers to stm32f7xx_it.o(i.DMA2_Stream0_IRQHandler) for DMA2_Stream0_IRQHandler
    startup_stm32f767xx.o(.text) refers to system_stm32f7xx.o(i.SystemInit) for SystemInit
    startup_stm32f767xx.o(.text) refers to entry.o(.ARM.Collect$$$$00000000) for __main
    clutchmotor_init_wrapper.o(i.ClutchMotor_init_Outputs_wrapper) refers to stm32f7xx_hal_tim.o(i.HAL_TIM_PWM_Start) for HAL_TIM_PWM_Start
    clutchmotor_init_wrapper.o(i.ClutchMotor_init_Outputs_wrapper) refers to clutchmotor_setuppwm_wrapper.o(i.ClutchMotor_setupPWM_Outputs_wrapper) for ClutchMotor_setupPWM_Outputs_wrapper
    clutchmotor_init_wrapper.o(i.ClutchMotor_init_Outputs_wrapper) refers to tim.o(.bss) for htim4
    clutchmotor_setposition_wrapper.o(i.ClutchMotor_setPosition_Outputs_wrapper) refers to stm32f7xx_hal_tim.o(i.HAL_TIM_PWM_ConfigChannel) for HAL_TIM_PWM_ConfigChannel
    clutchmotor_setposition_wrapper.o(i.ClutchMotor_setPosition_Outputs_wrapper) refers to stm32f7xx_hal_tim.o(i.HAL_TIM_PWM_Start) for HAL_TIM_PWM_Start
    clutchmotor_setposition_wrapper.o(i.ClutchMotor_setPosition_Outputs_wrapper) refers to tim.o(.bss) for htim4
    clutchmotor_setuppwm_wrapper.o(i.ClutchMotor_setupPWM_Outputs_wrapper) refers to clutchmotor_setposition_wrapper.o(i.ClutchMotor_setPosition_Outputs_wrapper) for ClutchMotor_setPosition_Outputs_wrapper
    efi_setcut_wrapper.o(i.Efi_setCut_Outputs_wrapper) refers to stm32f7xx_hal_gpio.o(i.HAL_GPIO_WritePin) for HAL_GPIO_WritePin
    efi_setrpmlimiter_wrapper.o(i.Efi_setRPMLimiter_Outputs_wrapper) refers to stm32f7xx_hal_gpio.o(i.HAL_GPIO_WritePin) for HAL_GPIO_WritePin
    efi_unsetcut_wrapper.o(i.Efi_unsetCut_Outputs_wrapper) refers to stm32f7xx_hal_gpio.o(i.HAL_GPIO_WritePin) for HAL_GPIO_WritePin
    efi_unsetrpmlimiter_wrapper.o(i.Efi_unsetRPMLimiter_Outputs_wrapper) refers to stm32f7xx_hal_gpio.o(i.HAL_GPIO_WritePin) for HAL_GPIO_WritePin
    gearmotor_brake_wrapper.o(i.GearMotor_brake_Outputs_wrapper) refers to stm32f7xx_hal_gpio.o(i.HAL_GPIO_WritePin) for HAL_GPIO_WritePin
    gearmotor_init_wrapper.o(i.GearMotor_init_Outputs_wrapper) refers to gearmotor_release_wrapper.o(i.GearMotor_release_Outputs_wrapper) for GearMotor_release_Outputs_wrapper
    gearmotor_release_wrapper.o(i.GearMotor_release_Outputs_wrapper) refers to stm32f7xx_hal_gpio.o(i.HAL_GPIO_WritePin) for HAL_GPIO_WritePin
    gearmotor_turnleft_wrapper.o(i.GearMotor_turnLeft_Outputs_wrapper) refers to stm32f7xx_hal_gpio.o(i.HAL_GPIO_WritePin) for HAL_GPIO_WritePin
    gearmotor_turnright_wrapper.o(i.GearMotor_turnRight_Outputs_wrapper) refers to stm32f7xx_hal_gpio.o(i.HAL_GPIO_WritePin) for HAL_GPIO_WritePin
    senduart_wrapper.o(i.sendUART_Outputs_wrapper) refers to stm32f7xx_hal_uart.o(i.HAL_UART_Transmit_DMA) for HAL_UART_Transmit_DMA
    senduart_wrapper.o(i.sendUART_Outputs_wrapper) refers to main.o(.bss) for tempMsg
    senduart_wrapper.o(i.sendUART_Outputs_wrapper) refers to usart.o(.bss) for huart3
    initadc_wrapper.o(i.InitADC_Outputs_wrapper) refers to stm32f7xx_hal_adc.o(i.HAL_ADC_Start_DMA) for HAL_ADC_Start_DMA
    initadc_wrapper.o(i.InitADC_Outputs_wrapper) refers to gcu_model_gencode.o(.bss) for rtU
    initadc_wrapper.o(i.InitADC_Outputs_wrapper) refers to adc.o(.bss) for hadc1
[...]
    i.AAC_COM                                0x08000338   Section        0  gcu_model_gencode.o(i.AAC_COM)
    AAC_COM                                  0x08000339   Thumb Code   280  gcu_model_gencode.o(i.AAC_COM)
    i.AAC_ExternalValues                     0x08000454   Section        0  gcu_model_gencode.o(i.AAC_ExternalValues)
    AAC_ExternalValues                       0x08000455   Thumb Code    32  gcu_model_gencode.o(i.AAC_ExternalValues)
    i.ACCELERATION                           0x08000474   Section        0  gcu_model_gencode.o(i.ACCELERATION)
    ACCELERATION                             0x08000475   Thumb Code   978  gcu_model_gencode.o(i.ACCELERATION)
    i.ADC_DMAConvCplt                        0x0800085c   Section        0  stm32f7xx_hal_adc.o(i.ADC_DMAConvCplt)
    ADC_DMAConvCplt                          0x0800085d   Thumb Code   110  stm32f7xx_hal_adc.o(i.ADC_DMAConvCplt)
    i.ADC_DMAError                           0x080008ca   Section        0  stm32f7xx_hal_adc.o(i.ADC_DMAError)
    ADC_DMAError                             0x080008cb   Thumb Code    22  stm32f7xx_hal_adc.o(i.ADC_DMAError)
    i.ADC_DMAHalfConvCplt                    0x080008e0   Section        0  stm32f7xx_hal_adc.o(i.ADC_DMAHalfConvCplt)
    ADC_DMAHalfConvCplt                      0x080008e1   Thumb Code    10  stm32f7xx_hal_adc.o(i.ADC_DMAHalfConvCplt)
    i.ADC_IRQHandler                         0x080008ec   Section        0  stm32f7xx_it.o(i.ADC_IRQHandler)
    i.ADC_Init                               0x080008f8   Section        0  stm32f7xx_hal_adc.o(i.ADC_Init)
    ADC_Init                                 0x080008f9   Thumb Code   298  stm32f7xx_hal_adc.o(i.ADC_Init)
    i.BusFault_Handler                       0x08000a30   Section        0  stm32f7xx_it.o(i.BusFault_Handler)
    i.ClutchMotor_init_Outputs_wrapper       0x08000a34   Section        0  clutchmotor_init_wrapper.o(i.ClutchMotor_init_Outputs_wrapper)
    i.ClutchMotor_setPosition_Outputs_wrapper 0x08000a4c   Section        0  clutchmotor_setposition_wrapper.o(i.ClutchMotor_setPosition_Outputs_wrapper)
    i.ClutchMotor_setupPWM_Outputs_wrapper   0x08000a8c   Section        0  clutchmotor_setuppwm_wrapper.o(i.ClutchMotor_setupPWM_Outputs_wrapper)
    i.Clutch_setValue                        0x08000a9c   Section        0  gcu_model_gencode.o(i.Clutch_setValue)
    Clutch_setValue                          0x08000a9d   Thumb Code    26  gcu_model_gencode.o(i.Clutch_setValue)
    i.DMA1_Stream3_IRQHandler                0x08000ac0   Section        0  stm32f7xx_it.o(i.DMA1_Stream3_IRQHandler)
    i.DMA2_Stream0_IRQHandler                0x08000acc   Section        0  stm32f7xx_it.o(i.DMA2_Stream0_IRQHandler)
    i.DMA_CalcBaseAndBitshift                0x08000ad8   Section        0  stm32f7xx_hal_dma.o(i.DMA_CalcBaseAndBitshift)
    DMA_CalcBaseAndBitshift                  0x08000ad9   Thumb Code    34  stm32f7xx_hal_dma.o(i.DMA_CalcBaseAndBitshift)
    i.DMA_CheckFifoParam                     0x08000b00   Section        0  stm32f7xx_hal_dma.o(i.DMA_CheckFifoParam)
    DMA_CheckFifoParam                       0x08000b01   Thumb Code    84  stm32f7xx_hal_dma.o(i.DMA_CheckFifoParam)
    i.DMA_SetConfig                          0x08000b54   Section        0  stm32f7xx_hal_dma.o(i.DMA_SetConfig)
    DMA_SetConfig                            0x08000b55   Thumb Code    40  stm32f7xx_hal_dma.o(i.DMA_SetConfig)
    i.DebugMon_Handler                       0x08000b7c   Section        0  stm32f7xx_it.o(i.DebugMon_Handler)
    i.Efi_init_Outputs_wrapper               0x08000b7e   Section        0  efi_init_wrapper.o(i.Efi_init_Outputs_wrapper)
    i.Efi_setCut_Outputs_wrapper             0x08000b80   Section        0  efi_setcut_wrapper.o(i.Efi_setCut_Outputs_wrapper)
    i.Efi_setRPMLimiter_Outputs_wrapper      0x08000b94   Section        0  efi_setrpmlimiter_wrapper.o(i.Efi_setRPMLimiter_Outputs_wrapper)
    i.Efi_unsetCut_Outputs_wrapper           0x08000ba8   Section        0  efi_unsetcut_wrapper.o(i.Efi_unsetCut_Outputs_wrapper)
    i.Efi_unsetRPMLimiter_Outputs_wrapper    0x08000bbc   Section        0  efi_unsetrpmlimiter_wrapper.o(i.Efi_unsetRPMLimiter_Outputs_wrapper)
    i.Efi_unsetRpmLimiter                    0x08000bd0   Section        0  gcu_model_gencode.o(i.Efi_unsetRpmLimiter)
    Efi_unsetRpmLimiter                      0x08000bd1   Thumb Code    18  gcu_model_gencode.o(i.Efi_unsetRpmLimiter)
    i.EngineControl_Start                    0x08000be2   Section        0  gcu_model_gencode.o(i.EngineControl_Start)
    EngineControl_Start                      0x08000be3   Thumb Code    18  gcu_model_gencode.o(i.EngineControl_Start)
    i.EngineControl_start_Outputs_wrapper    0x08000bf4   Section        0  enginecontrol_start_wrapper.o(i.EngineControl_start_Outputs_wrapper)
    i.EngineControl_stop_Outputs_wrapper     0x08000bfa   Section        0  enginecontrol_stop_wrapper.o(i.EngineControl_stop_Outputs_wrapper)
    i.Error_Handler                          0x08000c00   Section        0  main.o(i.Error_Handler)
    i.GCU_Model_genCode_initialize           0x08000c04   Section        0  gcu_model_gencode.o(i.GCU_Model_genCode_initialize)
    i.GCU_Model_genCode_step1                0x08000c48   Section        0  gcu_model_gencode.o(i.GCU_Model_genCode_step1)
    i.GCU_Model_genCode_step2                0x08000e30   Section        0  gcu_model_gencode.o(i.GCU_Model_genCode_step2)
    i.GCU_Model_genCode_step3                0x080013d0   Section        0  gcu_model_gencode.o(i.GCU_Model_genCode_step3)
    i.GCU_Model_genCode_step4                0x080014fc   Section        0  gcu_model_gencode.o(i.GCU_Model_genCode_step4)
    i.GEARSHIFT                              0x08001584   Section        0  gcu_model_gencode.o(i.GEARSHIFT)
    GEARSHIFT                                0x08001585   Thumb Code   630  gcu_model_gencode.o(i.GEARSHIFT)
    i.GEAR_RPM_UPDATE                        0x08001804   Section        0  gcu_model_gencode.o(i.GEAR_RPM_UPDATE)
    GEAR_RPM_UPDATE                          0x08001805   Thumb Code   302  gcu_model_gencode.o(i.GEAR_RPM_UPDATE)
    i.GearMotor_brake_Outputs_wrapper        0x08001938   Section        0  gearmotor_brake_wrapper.o(i.GearMotor_brake_Outputs_wrapper)
    i.GearMotor_init_Outputs_wrapper         0x08001970   Section        0  gearmotor_init_wrapper.o(i.GearMotor_init_Outputs_wrapper)
    i.GearMotor_release_Outputs_wrapper      0x0800197c   Section        0  gearmotor_release_wrapper.o(i.GearMotor_release_Outputs_wrapper)
    i.GearMotor_turnLeft_Outputs_wrapper     0x08001990   Section        0  gearmotor_turnleft_wrapper.o(i.GearMotor_turnLeft_Outputs_wrapper)
    i.GearMotor_turnRight_Outputs_wrapper    0x080019c8   Section        0  gearmotor_turnright_wrapper.o(i.GearMotor_turnRight_Outputs_wrapper)
    i.Gearmotor_brake                        0x08001a00   Section        0  gcu_model_gencode.o(i.Gearmotor_brake)
    Gearmotor_brake                          0x08001a01   Thumb Code    38  gcu_model_gencode.o(i.Gearmotor_brake)
    i.Gearmotor_release                      0x08001a28   Section        0  gcu_model_gencode.o(i.Gearmotor_release)
    Gearmotor_release                        0x08001a29   Thumb Code    20  gcu_model_gencode.o(i.Gearmotor_release)
    i.Gearmotor_turnRight                    0x08001a44   Section        0  gcu_model_gencode.o(i.Gearmotor_turnRight)
    Gearmotor_turnRight                      0x08001a45   Thumb Code    38  gcu_model_gencode.o(i.Gearmotor_turnRight)
    i.Gearshift_getTime                      0x08001a6c   Section        0  gcu_model_gencode.o(i.Gearshift_getTime)
    Gearshift_getTime                        0x08001a6d   Thumb Code    84  gcu_model_gencode.o(i.Gearshift_getTime)
    i.HAL_ADCEx_InjectedConvCpltCallback     0x08001ac4   Section        0  stm32f7xx_hal_adc_ex.o(i.HAL_ADCEx_InjectedConvCpltCallback)
    i.HAL_ADC_ConfigChannel                  0x08001ac8   Section        0  stm32f7xx_hal_adc.o(i.HAL_ADC_ConfigChannel)
    i.HAL_ADC_ConvCpltCallback               0x08001c2c   Section        0  adc.o(i.HAL_ADC_ConvCpltCallback)
    i.HAL_ADC_ConvHalfCpltCallback           0x08001c40   Section        0  stm32f7xx_hal_adc.o(i.HAL_ADC_ConvHalfCpltCallback)
    i.HAL_ADC_ErrorCallback                  0x08001c42   Section        0  stm32f7xx_hal_adc.o(i.HAL_ADC_ErrorCallback)
    i.HAL_ADC_IRQHandler                     0x08001c44   Section        0  stm32f7xx_hal_adc.o(i.HAL_ADC_IRQHandler)
    i.HAL_ADC_Init                           0x08001d80   Section        0  stm32f7xx_hal_adc.o(i.HAL_ADC_Init)
    i.HAL_ADC_LevelOutOfWindowCallback       0x08001dd4   Section        0  stm32f7xx_hal_adc.o(i.HAL_ADC_LevelOutOfWindowCallback)
    i.HAL_ADC_MspInit                        0x08001dd8   Section        0  adc.o(i.HAL_ADC_MspInit)
    i.HAL_ADC_Start_DMA                      0x08001ec4   Section        0  stm32f7xx_hal_adc.o(i.HAL_ADC_Start_DMA)
    i.HAL_DMA_Abort_IT                       0x08001fe4   Section        0  stm32f7xx_hal_dma.o(i.HAL_DMA_Abort_IT)
    i.HAL_DMA_IRQHandler                     0x08002008   Section        0  stm32f7xx_hal_dma.o(i.HAL_DMA_IRQHandler)
    i.HAL_DMA_Init                           0x080021a8   Section        0  stm32f7xx_hal_dma.o(i.HAL_DMA_Init)
    i.HAL_DMA_Start_IT                       0x0800228c   Section        0  stm32f7xx_hal_dma.o(i.HAL_DMA_Start_IT)
    i.HAL_Delay                              0x08002308   Section        0  stm32f7xx_hal.o(i.HAL_Delay)
    i.HAL_GPIO_Init                          0x0800232c   Section        0  stm32f7xx_hal_gpio.o(i.HAL_GPIO_Init)
    i.HAL_GPIO_TogglePin                     0x08002504   Section        0  stm32f7xx_hal_gpio.o(i.HAL_GPIO_TogglePin)
    i.HAL_GPIO_WritePin                      0x08002512   Section        0  stm32f7xx_hal_gpio.o(i.HAL_GPIO_WritePin)
    i.HAL_GetTick                            0x0800251c   Section        0  stm32f7xx_hal.o(i.HAL_GetTick)
    i.HAL_IncTick                            0x08002528   Section        0  stm32f7xx_hal.o(i.HAL_IncTick)
    i.HAL_Init                               0x08002538   Section        0  stm32f7xx_hal.o(i.HAL_Init)
    i.HAL_InitTick                           0x08002550   Section        0  stm32f7xx_hal.o(i.HAL_InitTick)
    i.HAL_MspInit                            0x08002590   Section        0  stm32f7xx_hal_msp.o(i.HAL_MspInit)
    i.HAL_NVIC_EnableIRQ                     0x080025c0   Section        0  stm32f7xx_hal_cortex.o(i.HAL_NVIC_EnableIRQ)
    i.HAL_NVIC_SetPriority                   0x080025dc   Section        0  stm32f7xx_hal_cortex.o(i.HAL_NVIC_SetPriority)
    i.HAL_NVIC_SetPriorityGrouping           0x0800261c   Section        0  stm32f7xx_hal_cortex.o(i.HAL_NVIC_SetPriorityGrouping)
    i.HAL_PWREx_EnableOverDrive              0x08002640   Section        0  stm32f7xx_hal_pwr_ex.o(i.HAL_PWREx_EnableOverDrive)
    i.HAL_RCCEx_PeriphCLKConfig              0x080026ac   Section        0  stm32f7xx_hal_rcc_ex.o(i.HAL_RCCEx_PeriphCLKConfig)
    i.HAL_RCC_ClockConfig                    0x08002be8   Section        0  stm32f7xx_hal_rcc.o(i.HAL_RCC_ClockConfig)
    i.HAL_RCC_GetPCLK1Freq                   0x08002d14   Section        0  stm32f7xx_hal_rcc.o(i.HAL_RCC_GetPCLK1Freq)
    i.HAL_RCC_GetPCLK2Freq                   0x08002d34   Section        0  stm32f7xx_hal_rcc.o(i.HAL_RCC_GetPCLK2Freq)
    i.HAL_RCC_GetSysClockFreq                0x08002d54   Section        0  stm32f7xx_hal_rcc.o(i.HAL_RCC_GetSysClockFreq)
    i.HAL_RCC_OscConfig                      0x08002db4   Section        0  stm32f7xx_hal_rcc.o(i.HAL_RCC_OscConfig)
    i.HAL_SYSTICK_Config                     0x080030f0   Section        0  stm32f7xx_hal_cortex.o(i.HAL_SYSTICK_Config)
    i.HAL_TIMEx_Break2Callback               0x08003116   Section        0  stm32f7xx_hal_tim_ex.o(i.HAL_TIMEx_Break2Callback)
    i.HAL_TIMEx_BreakCallback                0x08003118   Section        0  stm32f7xx_hal_tim_ex.o(i.HAL_TIMEx_BreakCallback)
    i.HAL_TIMEx_CommutCallback               0x0800311a   Section        0  stm32f7xx_hal_tim_ex.o(i.HAL_TIMEx_CommutCallback)
    i.HAL_TIMEx_MasterConfigSynchronization  0x0800311c   Section        0  stm32f7xx_hal_tim_ex.o(i.HAL_TIMEx_MasterConfigSynchronization)
    i.HAL_TIM_Base_Init                      0x0800317c   Section        0  stm32f7xx_hal_tim.o(i.HAL_TIM_Base_Init)
    i.HAL_TIM_Base_MspInit                   0x080031b4   Section        0  tim.o(i.HAL_TIM_Base_MspInit)
    i.HAL_TIM_Base_Start_IT                  0x08003204   Section        0  stm32f7xx_hal_tim.o(i.HAL_TIM_Base_Start_IT)
    i.HAL_TIM_ConfigClockSource              0x08003230   Section        0  stm32f7xx_hal_tim.o(i.HAL_TIM_ConfigClockSource)
    i.HAL_TIM_IC_CaptureCallback             0x0800330c   Section        0  stm32f7xx_hal_tim.o(i.HAL_TIM_IC_CaptureCallback)
    i.HAL_TIM_IRQHandler                     0x0800330e   Section        0  stm32f7xx_hal_tim.o(i.HAL_TIM_IRQHandler)
    i.HAL_TIM_MspPostInit                    0x08003490   Section        0  tim.o(i.HAL_TIM_MspPostInit)
    i.HAL_TIM_OC_DelayElapsedCallback        0x080034e0   Section        0  stm32f7xx_hal_tim.o(i.HAL_TIM_OC_DelayElapsedCallback)
    i.HAL_TIM_PWM_ConfigChannel              0x080034e2   Section        0  stm32f7xx_hal_tim.o(i.HAL_TIM_PWM_ConfigChannel)
    i.HAL_TIM_PWM_Init                       0x0800360a   Section        0  stm32f7xx_hal_tim.o(i.HAL_TIM_PWM_Init)
    i.HAL_TIM_PWM_MspInit                    0x08003640   Section        0  stm32f7xx_hal_tim.o(i.HAL_TIM_PWM_MspInit)
    i.HAL_TIM_PWM_PulseFinishedCallback      0x08003642   Section        0  stm32f7xx_hal_tim.o(i.HAL_TIM_PWM_PulseFinishedCallback)
    i.HAL_TIM_PWM_Start                      0x08003644   Section        0  stm32f7xx_hal_tim.o(i.HAL_TIM_PWM_Start)
    i.HAL_TIM_PeriodElapsedCallback          0x08003690   Section        0  tim.o(i.HAL_TIM_PeriodElapsedCallback)
    i.HAL_TIM_TriggerCallback                0x080036dc   Section        0  stm32f7xx_hal_tim.o(i.HAL_TIM_TriggerCallback)
    i.HAL_UART_ErrorCallback                 0x080036de   Section        0  stm32f7xx_hal_uart.o(i.HAL_UART_ErrorCallback)
    i.HAL_UART_IRQHandler                    0x080036e0   Section        0  stm32f7xx_hal_uart.o(i.HAL_UART_IRQHandler)
    i.HAL_UART_Init                          0x08003808   Section        0  stm32f7xx_hal_uart.o(i.HAL_UART_Init)
    i.HAL_UART_MspInit                       0x08003870   Section        0  usart.o(i.HAL_UART_MspInit)
    i.HAL_UART_Receive_IT                    0x0800391c   Section        0  stm32f7xx_hal_uart.o(i.HAL_UART_Receive_IT)
    i.HAL_UART_RxCpltCallback                0x080039c8   Section        0  usart.o(i.HAL_UART_RxCpltCallback)
    i.HAL_UART_Transmit_DMA                  0x08003a6c   Section        0  stm32f7xx_hal_uart.o(i.HAL_UART_Transmit_DMA)
    i.HAL_UART_TxCpltCallback                0x08003b00   Section        0  stm32f7xx_hal_uart.o(i.HAL_UART_TxCpltCallback)
    i.HAL_UART_TxHalfCpltCallback            0x08003b02   Section        0  stm32f7xx_hal_uart.o(i.HAL_UART_TxHalfCpltCallback)
    i.HardFault_Handler                      0x08003b04   Section        0  stm32f7xx_it.o(i.HardFault_Handler)
    i.IDLE                                   0x08003b08   Section        0  gcu_model_gencode.o(i.IDLE)
    IDLE                                     0x08003b09   Thumb Code   280  gcu_model_gencode.o(i.IDLE)
    i.InitADC_Outputs_wrapper                0x08003c24   Section        0  initadc_wrapper.o(i.InitADC_Outputs_wrapper)
    i.InitTimer_Outputs_wrapper              0x08003c38   Section        0  inittimer_wrapper.o(i.InitTimer_Outputs_wrapper)
    i.InitUART_Outputs_wrapper               0x08003c44   Section        0  inituart_wrapper.o(i.InitUART_Outputs_wrapper)
    i.MODES                                  0x08003c58   Section        0  gcu_model_gencode.o(i.MODES)
    MODES                                    0x08003c59   Thumb Code   148  gcu_model_gencode.o(i.MODES)
    i.MX_ADC1_Init                           0x08003cf0   Section        0  adc.o(i.MX_ADC1_Init)
    i.MX_DMA_Init                            0x08003e04   Section        0  dma.o(i.MX_DMA_Init)
    i.MX_GFXSIMULATOR_Init                   0x08003e50   Section        0  gfxsimulator.o(i.MX_GFXSIMULATOR_Init)
    i.MX_GPIO_Init                           0x08003e54   Section        0  gpio.o(i.MX_GPIO_Init)
    i.MX_TIM2_Init                           0x08003f70   Section        0  tim.o(i.MX_TIM2_Init)
    i.MX_TIM4_Init                           0x08003fd4   Section        0  tim.o(i.MX_TIM4_Init)
    i.MX_USART3_UART_Init                    0x08004070   Section        0  usart.o(i.MX_USART3_UART_Init)
    i.MemManage_Handler                      0x080040ac   Section        0  stm32f7xx_it.o(i.MemManage_Handler)
    i.NEUTRAL_STATE                          0x080040b0   Section        0  gcu_model_gencode.o(i.NEUTRAL_STATE)
    NEUTRAL_STATE                            0x080040b1   Thumb Code    80  gcu_model_gencode.o(i.NEUTRAL_STATE)
    i.NMI_Handler                            0x08004104   Section        0  stm32f7xx_it.o(i.NMI_Handler)
    i.PackCanUART_Outputs_wrapper            0x08004106   Section        0  packcanuart_wrapper.o(i.PackCanUART_Outputs_wrapper)
    i.PackUARTMsg_Outputs_wrapper            0x08004140   Section        0  packuartmsg_wrapper.o(i.PackUARTMsg_Outputs_wrapper)
    i.PendSV_Handler                         0x08004160   Section        0  stm32f7xx_it.o(i.PendSV_Handler)
    i.SET_CLUTCH                             0x08004164   Section        0  gcu_model_gencode.o(i.SET_CLUTCH)
    SET_CLUTCH                               0x08004165   Thumb Code   280  gcu_model_gencode.o(i.SET_CLUTCH)
    i.SVC_Handler                            0x08004280   Section        0  stm32f7xx_it.o(i.SVC_Handler)
    i.SysTick_Handler                        0x08004282   Section        0  stm32f7xx_it.o(i.SysTick_Handler)
    i.SystemClock_Config                     0x08004288   Section        0  main.o(i.SystemClock_Config)
    i.SystemInit                             0x08004324   Section        0  system_stm32f7xx.o(i.SystemInit)
    i.TIM2_IRQHandler                        0x08004378   Section        0  stm32f7xx_it.o(i.TIM2_IRQHandler)
    i.TIM_Base_SetConfig                     0x08004384   Section        0  stm32f7xx_hal_tim.o(i.TIM_Base_SetConfig)
    i.TIM_CCxChannelCmd                      0x08004450   Section        0  stm32f7xx_hal_tim.o(i.TIM_CCxChannelCmd)
    i.TIM_ETR_SetConfig                      0x0800446a   Section        0  stm32f7xx_hal_tim.o(i.TIM_ETR_SetConfig)
    i.TIM_ITRx_SetConfig                     0x0800447c   Section        0  stm32f7xx_hal_tim.o(i.TIM_ITRx_SetConfig)
    TIM_ITRx_SetConfig                       0x0800447d   Thumb Code    16  stm32f7xx_hal_tim.o(i.TIM_ITRx_SetConfig)
    i.TIM_OC1_SetConfig                      0x0800448c   Section        0  stm32f7xx_hal_tim.o(i.TIM_OC1_SetConfig)
    TIM_OC1_SetConfig                        0x0800448d   Thumb Code   102  stm32f7xx_hal_tim.o(i.TIM_OC1_SetConfig)
    i.TIM_OC2_SetConfig                      0x08004500   Section        0  stm32f7xx_hal_tim.o(i.TIM_OC2_SetConfig)
    i.TIM_OC3_SetConfig                      0x08004578   Section        0  stm32f7xx_hal_tim.o(i.TIM_OC3_SetConfig)
    TIM_OC3_SetConfig                        0x08004579   Thumb Code   108  stm32f7xx_hal_tim.o(i.TIM_OC3_SetConfig)
    i.TIM_OC4_SetConfig                      0x080045f0   Section        0  stm32f7xx_hal_tim.o(i.TIM_OC4_SetConfig)
    TIM_OC4_SetConfig                        0x080045f1   Thumb Code    76  stm32f7xx_hal_tim.o(i.TIM_OC4_SetConfig)
    i.TIM_OC5_SetConfig                      0x08004648   Section        0  stm32f7xx_hal_tim.o(i.TIM_OC5_SetConfig)
    TIM_OC5_SetConfig                        0x08004649   Thumb Code    74  stm32f7xx_hal_tim.o(i.TIM_OC5_SetConfig)
    i.TIM_OC6_SetConfig                      0x080046a0   Section        0  stm32f7xx_hal_tim.o(i.TIM_OC6_SetConfig)
    TIM_OC6_SetConfig                        0x080046a1   Thumb Code    74  stm32f7xx_hal_tim.o(i.TIM_OC6_SetConfig)
    i.TIM_TI1_ConfigInputStage               0x080046f8   Section        0  stm32f7xx_hal_tim.o(i.TIM_TI1_ConfigInputStage)
    TIM_TI1_ConfigInputStage                 0x080046f9   Thumb Code    34  stm32f7xx_hal_tim.o(i.TIM_TI1_ConfigInputStage)
    i.TIM_TI2_ConfigInputStage               0x0800471a   Section        0  stm32f7xx_hal_tim.o(i.TIM_TI2_ConfigInputStage)
    TIM_TI2_ConfigInputStage                 0x0800471b   Thumb Code    36  stm32f7xx_hal_tim.o(i.TIM_TI2_ConfigInputStage)
    i.TractionValue                          0x0800473e   Section        0  gcu_model_gencode.o(i.TractionValue)
    TractionValue                            0x0800473f   Thumb Code     6  gcu_model_gencode.o(i.TractionValue)
    i.UART_AdvFeatureConfig                  0x08004744   Section        0  stm32f7xx_hal_uart.o(i.UART_AdvFeatureConfig)
    i.UART_CheckIdleState                    0x0800480c   Section        0  stm32f7xx_hal_uart.o(i.UART_CheckIdleState)
    i.UART_DMAAbortOnError                   0x08004848   Section        0  stm32f7xx_hal_uart.o(i.UART_DMAAbortOnError)
    UART_DMAAbortOnError                     0x08004849   Thumb Code    20  stm32f7xx_hal_uart.o(i.UART_DMAAbortOnError)
    i.UART_DMAError                          0x0800485c   Section        0  stm32f7xx_hal_uart.o(i.UART_DMAError)
    UART_DMAError                            0x0800485d   Thumb Code    70  stm32f7xx_hal_uart.o(i.UART_DMAError)
    i.UART_DMATransmitCplt                   0x080048a2   Section        0  stm32f7xx_hal_uart.o(i.UART_DMATransmitCplt)
    UART_DMATransmitCplt                     0x080048a3   Thumb Code    46  stm32f7xx_hal_uart.o(i.UART_DMATransmitCplt)
    i.UART_DMATxHalfCplt                     0x080048d0   Section        0  stm32f7xx_hal_uart.o(i.UART_DMATxHalfCplt)
    UART_DMATxHalfCplt                       0x080048d1   Thumb Code    10  stm32f7xx_hal_uart.o(i.UART_DMATxHalfCplt)
    i.UART_EndRxTransfer                     0x080048da   Section        0  stm32f7xx_hal_uart.o(i.UART_EndRxTransfer)
    UART_EndRxTransfer                       0x080048db   Thumb Code    32  stm32f7xx_hal_uart.o(i.UART_EndRxTransfer)
    i.UART_EndTxTransfer                     0x080048fa   Section        0  stm32f7xx_hal_uart.o(i.UART_EndTxTransfer)
    UART_EndTxTransfer                       0x080048fb   Thumb Code    16  stm32f7xx_hal_uart.o(i.UART_EndTxTransfer)
    i.UART_RxISR_16BIT                       0x0800490a   Section        0  stm32f7xx_hal_uart.o(i.UART_RxISR_16BIT)
    UART_RxISR_16BIT                         0x0800490b   Thumb Code    90  stm32f7xx_hal_uart.o(i.UART_RxISR_16BIT)
    i.UART_RxISR_8BIT                        0x08004964   Section        0  stm32f7xx_hal_uart.o(i.UART_RxISR_8BIT)
    UART_RxISR_8BIT                          0x08004965   Thumb Code    90  stm32f7xx_hal_uart.o(i.UART_RxISR_8BIT)
    i.UART_SetConfig                         0x080049c0   Section        0  stm32f7xx_hal_uart.o(i.UART_SetConfig)
    i.UART_WaitOnFlagUntilTimeout            0x08004c14   Section        0  stm32f7xx_hal_uart.o(i.UART_WaitOnFlagUntilTimeout)
    i.USART3_IRQHandler                      0x08004c74   Section        0  stm32f7xx_it.o(i.USART3_IRQHandler)
    i.UnpackCanUART_Outputs_wrapper          0x08004c80   Section        0  unpackcanuart_wrapper.o(i.UnpackCanUART_Outputs_wrapper)
    i.UsageFault_Handler                     0x08004ca6   Section        0  stm32f7xx_it.o(i.UsageFault_Handler)
    i.WHEEL_SPEED_UPDATE                     0x08004ca8   Section        0  gcu_model_gencode.o(i.WHEEL_SPEED_UPDATE)
    WHEEL_SPEED_UPDATE                       0x08004ca9   Thumb Code   302  gcu_model_gencode.o(i.WHEEL_SPEED_UPDATE)
    i.__NVIC_SetPriority                     0x08004ddc   Section        0  stm32f7xx_hal_cortex.o(i.__NVIC_SetPriority)
    __NVIC_SetPriority                       0x08004ddd   Thumb Code    34  stm32f7xx_hal_cortex.o(i.__NVIC_SetPriority)
    i.__scatterload_copy                     0x08004dfe   Section       14  handlers.o(i.__scatterload_copy)
    i.__scatterload_null                     0x08004e0c   Section        2  handlers.o(i.__scatterload_null)
    i.__scatterload_zeroinit                 0x08004e0e   Section       14  handlers.o(i.__scatterload_zeroinit)
    i.aacCheckShift                          0x08004e1c   Section        0  gcu_model_gencode.o(i.aacCheckShift)
    aacCheckShift                            0x08004e1d   Thumb Code    76  gcu_model_gencode.o(i.aacCheckShift)
    i.checkClutch                            0x08004e6c   Section        0  gcu_model_gencode.o(i.checkClutch)
    checkClutch                              0x08004e6d   Thumb Code    50  gcu_model_gencode.o(i.checkClutch)
    i.checkShift                             0x08004ea4   Section        0  gcu_model_gencode.o(i.checkShift)
    checkShift                               0x08004ea5   Thumb Code   122  gcu_model_gencode.o(i.checkShift)
    i.getAacParam                            0x08004f24   Section        0  gcu_model_gencode.o(i.getAacParam)
    getAacParam                              0x08004f25   Thumb Code    10  gcu_model_gencode.o(i.getAacParam)
    i.load_accParameters_Outputs_wrapper     0x08004f34   Section        0  load_accparameters_wrapper.o(i.load_accParameters_Outputs_wrapper)
    i.main                                   0x08004f60   Section        0  main.o(i.main)
    i.sendAacCommand                         0x08004fc0   Section        0  gcu_model_gencode.o(i.sendAacCommand)
    sendAacCommand                           0x08004fc1   Thumb Code    36  gcu_model_gencode.o(i.sendAacCommand)
    i.sendClutchCommand                      0x08004fe8   Section        0  gcu_model_gencode.o(i.sendClutchCommand)
    sendClutchCommand                        0x08004fe9   Thumb Code    38  gcu_model_gencode.o(i.sendClutchCommand)
    i.sendModeCommand                        0x08005014   Section        0  gcu_model_gencode.o(i.sendModeCommand)
    sendModeCommand                          0x08005015   Thumb Code    36  gcu_model_gencode.o(i.sendModeCommand)
    i.sendShiftCommand                       0x0800503c   Section        0  gcu_model_gencode.o(i.sendShiftCommand)
    sendShiftCommand                         0x0800503d   Thumb Code    62  gcu_model_gencode.o(i.sendShiftCommand)
    i.sendStartEngCommand                    0x08005080   Section        0  gcu_model_gencode.o(i.sendStartEngCommand)
    sendStartEngCommand                      0x08005081   Thumb Code    28  gcu_model_gencode.o(i.sendStartEngCommand)
    i.sendUART_Outputs_wrapper               0x080050a0   Section        0  senduart_wrapper.o(i.sendUART_Outputs_wrapper)
    i.sendUpdatesSW                          0x080050dc   Section        0  gcu_model_gencode.o(i.sendUpdatesSW)
    sendUpdatesSW                            0x080050dd   Thumb Code    26  gcu_model_gencode.o(i.sendUpdatesSW)
    i.updateData                             0x08005100   Section        0  gcu_model_gencode.o(i.updateData)
    updateData                               0x08005101   Thumb Code   162  gcu_model_gencode.o(i.updateData)
    i.update_ADC_data_Outputs_wrapper        0x080051b0   Section        0  update_adc_data_wrapper.o(i.update_ADC_data_Outputs_wrapper)
    .constdata                               0x080051c4   Section        2  gcu_model_gencode.o(.constdata)
    .constdata                               0x080051c6   Section        6  gcu_model_gencode_data.o(.constdata)
    .constdata                               0x080051cc   Section        8  stm32f7xx_hal_dma.o(.constdata)
    flagBitshiftOffset                       0x080051cc   Data           8  stm32f7xx_hal_dma.o(.constdata)
    .constdata                               0x080051d4   Section       16  system_stm32f7xx.o(.constdata)
    .constdata                               0x080051e4   Section        8  system_stm32f7xx.o(.constdata)
    .data                                    0x20000000   Section        2  gcu_model_gencode.o(.data)
    .data                                    0x20000004   Section        8  tim.o(.data)
    .data                                    0x2000000c   Section       12  usart.o(.data)
    .data                                    0x20000018   Section       12  stm32f7xx_hal.o(.data)
    .data                                    0x20000024   Section        4  system_stm32f7xx.o(.data)
    .bss                                     0x20000028   Section      756  gcu_model_gencode.o(.bss)
    .bss                                     0x2000031c   Section       24  main.o(.bss)
    .bss                                     0x20000334   Section      168  adc.o(.bss)
    .bss                                     0x200003dc   Section      128  tim.o(.bss)
    .bss                                     0x2000045c   Section      236  usart.o(.bss)
    STACK                                    0x20000548   Section     1024  startup_stm32f767xx.o(STACK)

    Global Symbols

    Symbol Name                              Value     Ov Type        Size  Object(Section)

    BuildAttributes$$THM_ISAv4$E$P$D$K$B$S$7EM$VFPv5_D16$PE$PLD8$A:L22UL41UL21$X:L11$S22US41US21$IEEE1$IW$USESV6$~STKCKD$USESV7$~SHL$OSPACE$EBA8$MICROLIB$REQ8$PRES8$EABIv2 0x00000000   Number         0  anon$$obj.o ABSOLUTE
    __ARM_use_no_argv                        0x00000000   Number         0  main.o ABSOLUTE
    __cpp_initialize__aeabi_                  - Undefined Weak Reference
    __cxa_finalize                            - Undefined Weak Reference
    __decompress                              - Undefined Weak Reference
    _clock_init                               - Undefined Weak Reference
    _microlib_exit                            - Undefined Weak Reference
    __Vectors_Size                           0x000001f8   Number         0  startup_stm32f767xx.o ABSOLUTE
    __Vectors                                0x08000000   Data           4  startup_stm32f767xx.o(RESET)
    __Vectors_End                            0x080001f8   Data           0  startup_stm32f767xx.o(RESET)
    __main                                   0x080001f9   Thumb Code     0  entry.o(.ARM.Collect$$$$00000000)
    _main_stk                                0x080001f9   Thumb Code     0  entry2.o(.ARM.Collect$$$$00000001)
    _main_scatterload                        0x080001fd   Thumb Code     0  entry5.o(.ARM.Collect$$$$00000004)
    __main_after_scatterload                 0x08000201   Thumb Code     0  entry5.o(.ARM.Collect$$$$00000004)
    _main_clock                              0x08000201   Thumb Code     0  entry7b.o(.ARM.Collect$$$$00000008)
    _main_cpp_init                           0x08000201   Thumb Code     0  entry8b.o(.ARM.Collect$$$$0000000A)
    _main_init                               0x08000201   Thumb Code     0  entry9a.o(.ARM.Collect$$$$0000000B)
    __rt_final_cpp                           0x08000209   Thumb Code     0  entry10a.o(.ARM.Collect$$$$0000000D)
    __rt_final_exit                          0x08000209   Thumb Code     0  entry11a.o(.ARM.Collect$$$$0000000F)
    Reset_Handler                            0x0800020d   Thumb Code     8  startup_stm32f767xx.o(.text)
    CAN1_RX0_IRQHandler                      0x08000227   Thumb Code     0  startup_stm32f767xx.o(.text)
    CAN1_RX1_IRQHandler                      0x08000227   Thumb Code     0  startup_stm32f767xx.o(.text)
    CAN1_SCE_IRQHandler                      0x08000227   Thumb Code     0  startup_stm32f767xx.o(.text)
    CAN1_TX_IRQHandler                       0x08000227   Thumb Code     0  startup_stm32f767xx.o(.text)
    CAN2_RX0_IRQHandler                      0x08000227   Thumb Code     0  startup_stm32f767xx.o(.text)
    CAN2_RX1_IRQHandler                      0x08000227   Thumb Code     0  startup_stm32f767xx.o(.text)
    CAN2_SCE_IRQHandler                      0x08000227   Thumb Code     0  startup_stm32f767xx.o(.text)
    CAN2_TX_IRQHandler                       0x08000227   Thumb Code     0  startup_stm32f767xx.o(.text)
    CAN3_RX0_IRQHandler                      0x08000227   Thumb Code     0  startup_stm32f767xx.o(.text)
    CAN3_RX1_IRQHandler                      0x08000227   Thumb Code     0  startup_stm32f767xx.o(.text)
    CAN3_SCE_IRQHandler                      0x08000227   Thumb Code     0  startup_stm32f767xx.o(.text)
    CAN3_TX_IRQHandler                       0x08000227   Thumb Code     0  startup_stm32f767xx.o(.text)
    CEC_IRQHandler                           0x08000227   Thumb Code     0  startup_stm32f767xx.o(.text)
    DCMI_IRQHandler                          0x08000227   Thumb Code     0  startup_stm32f767xx.o(.text)
    DFSDM1_FLT0_IRQHandler                   0x08000227   Thumb Code     0  startup_stm32f767xx.o(.text)
    DFSDM1_FLT1_IRQHandler                   0x08000227   Thumb Code     0  startup_stm32f767xx.o(.text)
    DFSDM1_FLT2_IRQHandler                   0x08000227   Thumb Code     0  startup_stm32f767xx.o(.text)
    DFSDM1_FLT3_IRQHandler                   0x08000227   Thumb Code     0  startup_stm32f767xx.o(.text)
    DMA1_Stream0_IRQHandler                  0x08000227   Thumb Code     0  startup_stm32f767xx.o(.text)
    DMA1_Stream1_IRQHandler                  0x08000227   Thumb Code     0  startup_stm32f767xx.o(.text)
    DMA1_Stream2_IRQHandler                  0x08000227   Thumb Code     0  startup_stm32f767xx.o(.text)
    DMA1_Stream4_IRQHandler                  0x08000227   Thumb Code     0  startup_stm32f767xx.o(.text)
    DMA1_Stream5_IRQHandler                  0x08000227   Thumb Code     0  startup_stm32f767xx.o(.text)
    DMA1_Stream6_IRQHandler                  0x08000227   Thumb Code     0  startup_stm32f767xx.o(.text)
    DMA1_Stream7_IRQHandler                  0x08000227   Thumb Code     0  startup_stm32f767xx.o(.text)
    DMA2D_IRQHandler                         0x08000227   Thumb Code     0  startup_stm32f767xx.o(.text)
    DMA2_Stream1_IRQHandler                  0x08000227   Thumb Code     0  startup_stm32f767xx.o(.text)
    DMA2_Stream2_IRQHandler                  0x08000227   Thumb Code     0  startup_stm32f767xx.o(.text)
    DMA2_Stream3_IRQHandler                  0x08000227   Thumb Code     0  startup_stm32f767xx.o(.text)
    DMA2_Stream4_IRQHandler                  0x08000227   Thumb Code     0  startup_stm32f767xx.o(.text)
    DMA2_Stream5_IRQHandler                  0x08000227   Thumb Code     0  startup_stm32f767xx.o(.text)
    DMA2_Stream6_IRQHandler                  0x08000227   Thumb Code     0  startup_stm32f767xx.o(.text)
    DMA2_Stream7_IRQHandler                  0x08000227   Thumb Code     0  startup_stm32f767xx.o(.text)
    ETH_IRQHandler                           0x08000227   Thumb Code     0  startup_stm32f767xx.o(.text)
    ETH_WKUP_IRQHandler                      0x08000227   Thumb Code     0  startup_stm32f767xx.o(.text)
    EXTI0_IRQHandler                         0x08000227   Thumb Code     0  startup_stm32f767xx.o(.text)
    EXTI15_10_IRQHandler                     0x08000227   Thumb Code     0  startup_stm32f767xx.o(.text)
    EXTI1_IRQHandler                         0x08000227   Thumb Code     0  startup_stm32f767xx.o(.text)
    EXTI2_IRQHandler                         0x08000227   Thumb Code     0  startup_stm32f767xx.o(.text)
    EXTI3_IRQHandler                         0x08000227   Thumb Code     0  startup_stm32f767xx.o(.text)
    EXTI4_IRQHandler                         0x08000227   Thumb Code     0  startup_stm32f767xx.o(.text)
    EXTI9_5_IRQHandler                       0x08000227   Thumb Code     0  startup_stm32f767xx.o(.text)
    FLASH_IRQHandler                         0x08000227   Thumb Code     0  startup_stm32f767xx.o(.text)
    FMC_IRQHandler                           0x08000227   Thumb Code     0  startup_stm32f767xx.o(.text)
    FPU_IRQHandler                           0x08000227   Thumb Code     0  startup_stm32f767xx.o(.text)
    I2C1_ER_IRQHandler                       0x08000227   Thumb Code     0  startup_stm32f767xx.o(.text)
    I2C1_EV_IRQHandler                       0x08000227   Thumb Code     0  startup_stm32f767xx.o(.text)
    I2C2_ER_IRQHandler                       0x08000227   Thumb Code     0  startup_stm32f767xx.o(.text)
    I2C2_EV_IRQHandler                       0x08000227   Thumb Code     0  startup_stm32f767xx.o(.text)
    I2C3_ER_IRQHandler                       0x08000227   Thumb Code     0  startup_stm32f767xx.o(.text)
    I2C3_EV_IRQHandler                       0x08000227   Thumb Code     0  startup_stm32f767xx.o(.text)
    I2C4_ER_IRQHandler                       0x08000227   Thumb Code     0  startup_stm32f767xx.o(.text)
    I2C4_EV_IRQHandler                       0x08000227   Thumb Code     0  startup_stm32f767xx.o(.text)
    JPEG_IRQHandler                          0x08000227   Thumb Code     0  startup_stm32f767xx.o(.text)
    LPTIM1_IRQHandler                        0x08000227   Thumb Code     0  startup_stm32f767xx.o(.text)
    LTDC_ER_IRQHandler                       0x08000227   Thumb Code     0  startup_stm32f767xx.o(.text)
    LTDC_IRQHandler                          0x08000227   Thumb Code     0  startup_stm32f767xx.o(.text)
    MDIOS_IRQHandler                         0x08000227   Thumb Code     0  startup_stm32f767xx.o(.text)
    OTG_FS_IRQHandler                        0x08000227   Thumb Code     0  startup_stm32f767xx.o(.text)
    OTG_FS_WKUP_IRQHandler                   0x08000227   Thumb Code     0  startup_stm32f767xx.o(.text)
    OTG_HS_EP1_IN_IRQHandler                 0x08000227   Thumb Code     0  startup_stm32f767xx.o(.text)
    OTG_HS_EP1_OUT_IRQHandler                0x08000227   Thumb Code     0  startup_stm32f767xx.o(.text)
    OTG_HS_IRQHandler                        0x08000227   Thumb Code     0  startup_stm32f767xx.o(.text)
    OTG_HS_WKUP_IRQHandler                   0x08000227   Thumb Code     0  startup_stm32f767xx.o(.text)
    PVD_IRQHandler                           0x08000227   Thumb Code     0  startup_stm32f767xx.o(.text)
    QUADSPI_IRQHandler                       0x08000227   Thumb Code     0  startup_stm32f767xx.o(.text)
    RCC_IRQHandler                           0x08000227   Thumb Code     0  startup_stm32f767xx.o(.text)
    RNG_IRQHandler                           0x08000227   Thumb Code     0  startup_stm32f767xx.o(.text)
    RTC_Alarm_IRQHandler                     0x08000227   Thumb Code     0  startup_stm32f767xx.o(.text)
    RTC_WKUP_IRQHandler                      0x08000227   Thumb Code     0  startup_stm32f767xx.o(.text)
    SAI1_IRQHandler                          0x08000227   Thumb Code     0  startup_stm32f767xx.o(.text)
    SAI2_IRQHandler                          0x08000227   Thumb Code     0  startup_stm32f767xx.o(.text)
    SDMMC1_IRQHandler                        0x08000227   Thumb Code     0  startup_stm32f767xx.o(.text)
    SDMMC2_IRQHandler                        0x08000227   Thumb Code     0  startup_stm32f767xx.o(.text)
    SPDIF_RX_IRQHandler                      0x08000227   Thumb Code     0  startup_stm32f767xx.o(.text)
    SPI1_IRQHandler                          0x08000227   Thumb Code     0  startup_stm32f767xx.o(.text)
    SPI2_IRQHandler                          0x08000227   Thumb Code     0  startup_stm32f767xx.o(.text)
    SPI3_IRQHandler                          0x08000227   Thumb Code     0  startup_stm32f767xx.o(.text)
    SPI4_IRQHandler                          0x08000227   Thumb Code     0  startup_stm32f767xx.o(.text)
    SPI5_IRQHandler                          0x08000227   Thumb Code     0  startup_stm32f767xx.o(.text)
    SPI6_IRQHandler                          0x08000227   Thumb Code     0  startup_stm32f767xx.o(.text)
    TAMP_STAMP_IRQHandler                    0x08000227   Thumb Code     0  startup_stm32f767xx.o(.text)
    TIM1_BRK_TIM9_IRQHandler                 0x08000227   Thumb Code     0  startup_stm32f767xx.o(.text)
    TIM1_CC_IRQHandler                       0x08000227   Thumb Code     0  startup_stm32f767xx.o(.text)
    TIM1_TRG_COM_TIM11_IRQHandler            0x08000227   Thumb Code     0  startup_stm32f767xx.o(.text)
    TIM1_UP_TIM10_IRQHandler                 0x08000227   Thumb Code     0  startup_stm32f767xx.o(.text)
    TIM3_IRQHandler                          0x08000227   Thumb Code     0  startup_stm32f767xx.o(.text)
    TIM4_IRQHandler                          0x08000227   Thumb Code     0  startup_stm32f767xx.o(.text)
    TIM5_IRQHandler                          0x08000227   Thumb Code     0  startup_stm32f767xx.o(.text)
    TIM6_DAC_IRQHandler                      0x08000227   Thumb Code     0  startup_stm32f767xx.o(.text)
    TIM7_IRQHandler                          0x08000227   Thumb Code     0  startup_stm32f767xx.o(.text)
    TIM8_BRK_TIM12_IRQHandler                0x08000227   Thumb Code     0  startup_stm32f767xx.o(.text)
    TIM8_CC_IRQHandler                       0x08000227   Thumb Code     0  startup_stm32f767xx.o(.text)
    TIM8_TRG_COM_TIM14_IRQHandler            0x08000227   Thumb Code     0  startup_stm32f767xx.o(.text)
    TIM8_UP_TIM13_IRQHandler                 0x08000227   Thumb Code     0  startup_stm32f767xx.o(.text)
    UART4_IRQHandler                         0x08000227   Thumb Code     0  startup_stm32f767xx.o(.text)
    UART5_IRQHandler                         0x08000227   Thumb Code     0  startup_stm32f767xx.o(.text)
    UART7_IRQHandler                         0x08000227   Thumb Code     0  startup_stm32f767xx.o(.text)
    UART8_IRQHandler                         0x08000227   Thumb Code     0  startup_stm32f767xx.o(.text)
    USART1_IRQHandler                        0x08000227   Thumb Code     0  startup_stm32f767xx.o(.text)
    USART2_IRQHandler                        0x08000227   Thumb Code     0  startup_stm32f767xx.o(.text)
    USART6_IRQHandler                        0x08000227   Thumb Code     0  startup_stm32f767xx.o(.text)
    WWDG_IRQHandler                          0x08000227   Thumb Code     0  startup_stm32f767xx.o(.text)
    __aeabi_uldivmod                         0x08000231   Thumb Code    98  uldiv.o(.text)
    __aeabi_memset                           0x08000293   Thumb Code    14  memseta.o(.text)
    __aeabi_memset4                          0x08000293   Thumb Code     0  memseta.o(.text)
    __aeabi_memset8                          0x08000293   Thumb Code     0  memseta.o(.text)
    __aeabi_memclr                           0x080002a1   Thumb Code     4  memseta.o(.text)
    __aeabi_memclr4                          0x080002a1   Thumb Code     0  memseta.o(.text)
    __aeabi_memclr8                          0x080002a1   Thumb Code     0  memseta.o(.text)
    _memset$wrapper                          0x080002a5   Thumb Code    18  memseta.o(.text)
    strncmp                                  0x080002b7   Thumb Code    30  strncmp.o(.text)
    __aeabi_llsl                             0x080002d5   Thumb Code    30  llshl.o(.text)
    _ll_shift_l                              0x080002d5   Thumb Code     0  llshl.o(.text)
    __aeabi_llsr                             0x080002f3   Thumb Code    32  llushr.o(.text)
    _ll_ushift_r                             0x080002f3   Thumb Code     0  llushr.o(.text)
    __scatterload                            0x08000315   Thumb Code    28  init.o(.text)
    __scatterload_rt2                        0x08000315   Thumb Code     0  init.o(.text)
    ADC_IRQHandler                           0x080008ed   Thumb Code     6  stm32f7xx_it.o(i.ADC_IRQHandler)
    BusFault_Handler                         0x08000a31   Thumb Code     2  stm32f7xx_it.o(i.BusFault_Handler)
    ClutchMotor_init_Outputs_wrapper         0x08000a35   Thumb Code    18  clutchmotor_init_wrapper.o(i.ClutchMotor_init_Outputs_wrapper)
    ClutchMotor_setPosition_Outputs_wrapper  0x08000a4d   Thumb Code    58  clutchmotor_setposition_wrapper.o(i.ClutchMotor_setPosition_Outputs_wrapper)
    ClutchMotor_setupPWM_Outputs_wrapper     0x08000a8d   Thumb Code    16  clutchmotor_setuppwm_wrapper.o(i.ClutchMotor_setupPWM_Outputs_wrapper)
    DMA1_Stream3_IRQHandler                  0x08000ac1   Thumb Code     6  stm32f7xx_it.o(i.DMA1_Stream3_IRQHandler)
    DMA2_Stream0_IRQHandler                  0x08000acd   Thumb Code     6  stm32f7xx_it.o(i.DMA2_Stream0_IRQHandler)
    DebugMon_Handler                         0x08000b7d   Thumb Code     2  stm32f7xx_it.o(i.DebugMon_Handler)
    Efi_init_Outputs_wrapper                 0x08000b7f   Thumb Code     2  efi_init_wrapper.o(i.Efi_init_Outputs_wrapper)
    Efi_setCut_Outputs_wrapper               0x08000b81   Thumb Code    14  efi_setcut_wrapper.o(i.Efi_setCut_Outputs_wrapper)
    Efi_setRPMLimiter_Outputs_wrapper        0x08000b95   Thumb Code    14  efi_setrpmlimiter_wrapper.o(i.Efi_setRPMLimiter_Outputs_wrapper)
    Efi_unsetCut_Outputs_wrapper             0x08000ba9   Thumb Code    16  efi_unsetcut_wrapper.o(i.Efi_unsetCut_Outputs_wrapper)
    Efi_unsetRPMLimiter_Outputs_wrapper      0x08000bbd   Thumb Code    16  efi_unsetrpmlimiter_wrapper.o(i.Efi_unsetRPMLimiter_Outputs_wrapper)
    EngineControl_start_Outputs_wrapper      0x08000bf5   Thumb Code     6  enginecontrol_start_wrapper.o(i.EngineControl_start_Outputs_wrapper)
    EngineControl_stop_Outputs_wrapper       0x08000bfb   Thumb Code     6  enginecontrol_stop_wrapper.o(i.EngineControl_stop_Outputs_wrapper)
    Error_Handler                            0x08000c01   Thumb Code     2  main.o(i.Error_Handler)
    GCU_Model_genCode_initialize             0x08000c05   Thumb Code    58  gcu_model_gencode.o(i.GCU_Model_genCode_initialize)
    GCU_Model_genCode_step1                  0x08000c49   Thumb Code   474  gcu_model_gencode.o(i.GCU_Model_genCode_step1)
    GCU_Model_genCode_step2                  0x08000e31   Thumb Code  1438  gcu_model_gencode.o(i.GCU_Model_genCode_step2)
    GCU_Model_genCode_step3                  0x080013d1   Thumb Code   292  gcu_model_gencode.o(i.GCU_Model_genCode_step3)
    GCU_Model_genCode_step4                  0x080014fd   Thumb Code   126  gcu_model_gencode.o(i.GCU_Model_genCode_step4)
    GearMotor_brake_Outputs_wrapper          0x08001939   Thumb Code    48  gearmotor_brake_wrapper.o(i.GearMotor_brake_Outputs_wrapper)
    GearMotor_init_Outputs_wrapper           0x08001971   Thumb Code    10  gearmotor_init_wrapper.o(i.GearMotor_init_Outputs_wrapper)
    GearMotor_release_Outputs_wrapper        0x0800197d   Thumb Code    16  gearmotor_release_wrapper.o(i.GearMotor_release_Outputs_wrapper)
    GearMotor_turnLeft_Outputs_wrapper       0x08001991   Thumb Code    48  gearmotor_turnleft_wrapper.o(i.GearMotor_turnLeft_Outputs_wrapper)
    GearMotor_turnRight_Outputs_wrapper      0x080019c9   Thumb Code    48  gearmotor_turnright_wrapper.o(i.GearMotor_turnRight_Outputs_wrapper)
    HAL_ADCEx_InjectedConvCpltCallback       0x08001ac5   Thumb Code     2  stm32f7xx_hal_adc_ex.o(i.HAL_ADCEx_InjectedConvCpltCallback)
    HAL_ADC_ConfigChannel                    0x08001ac9   Thumb Code   338  stm32f7xx_hal_adc.o(i.HAL_ADC_ConfigChannel)
    HAL_ADC_ConvCpltCallback                 0x08001c2d   Thumb Code    14  adc.o(i.HAL_ADC_ConvCpltCallback)
    HAL_ADC_ConvHalfCpltCallback             0x08001c41   Thumb Code     2  stm32f7xx_hal_adc.o(i.HAL_ADC_ConvHalfCpltCallback)
    HAL_ADC_ErrorCallback                    0x08001c43   Thumb Code     2  stm32f7xx_hal_adc.o(i.HAL_ADC_ErrorCallback)
    HAL_ADC_IRQHandler                       0x08001c45   Thumb Code   316  stm32f7xx_hal_adc.o(i.HAL_ADC_IRQHandler)
    HAL_ADC_Init                             0x08001d81   Thumb Code    84  stm32f7xx_hal_adc.o(i.HAL_ADC_Init)
    HAL_ADC_LevelOutOfWindowCallback         0x08001dd5   Thumb Code     2  stm32f7xx_hal_adc.o(i.HAL_ADC_LevelOutOfWindowCallback)
    HAL_ADC_MspInit                          0x08001dd9   Thumb Code   206  adc.o(i.HAL_ADC_MspInit)
    HAL_ADC_Start_DMA                        0x08001ec5   Thumb Code   260  stm32f7xx_hal_adc.o(i.HAL_ADC_Start_DMA)
    HAL_DMA_Abort_IT                         0x08001fe5   Thumb Code    36  stm32f7xx_hal_dma.o(i.HAL_DMA_Abort_IT)
    HAL_DMA_IRQHandler                       0x08002009   Thumb Code   412  stm32f7xx_hal_dma.o(i.HAL_DMA_IRQHandler)
    HAL_DMA_Init                             0x080021a9   Thumb Code   222  stm32f7xx_hal_dma.o(i.HAL_DMA_Init)
    HAL_DMA_Start_IT                         0x0800228d   Thumb Code   122  stm32f7xx_hal_dma.o(i.HAL_DMA_Start_IT)
    HAL_Delay                                0x08002309   Thumb Code    32  stm32f7xx_hal.o(i.HAL_Delay)
    HAL_GPIO_Init                            0x0800232d   Thumb Code   418  stm32f7xx_hal_gpio.o(i.HAL_GPIO_Init)
    HAL_GPIO_TogglePin                       0x08002505   Thumb Code    14  stm32f7xx_hal_gpio.o(i.HAL_GPIO_TogglePin)
    HAL_GPIO_WritePin                        0x08002513   Thumb Code    10  stm32f7xx_hal_gpio.o(i.HAL_GPIO_WritePin)
    HAL_GetTick                              0x0800251d   Thumb Code     6  stm32f7xx_hal.o(i.HAL_GetTick)
    HAL_IncTick                              0x08002529   Thumb Code    12  stm32f7xx_hal.o(i.HAL_IncTick)
    HAL_Init                                 0x08002539   Thumb Code    22  stm32f7xx_hal.o(i.HAL_Init)
    HAL_InitTick                             0x08002551   Thumb Code    54  stm32f7xx_hal.o(i.HAL_InitTick)
    HAL_MspInit                              0x08002591   Thumb Code    42  stm32f7xx_hal_msp.o(i.HAL_MspInit)
    HAL_NVIC_EnableIRQ                       0x080025c1   Thumb Code    26  stm32f7xx_hal_cortex.o(i.HAL_NVIC_EnableIRQ)
    HAL_NVIC_SetPriority                     0x080025dd   Thumb Code    60  stm32f7xx_hal_cortex.o(i.HAL_NVIC_SetPriority)
    HAL_NVIC_SetPriorityGrouping             0x0800261d   Thumb Code    28  stm32f7xx_hal_cortex.o(i.HAL_NVIC_SetPriorityGrouping)
    HAL_PWREx_EnableOverDrive                0x08002641   Thumb Code   100  stm32f7xx_hal_pwr_ex.o(i.HAL_PWREx_EnableOverDrive)
    HAL_RCCEx_PeriphCLKConfig                0x080026ad   Thumb Code  1336  stm32f7xx_hal_rcc_ex.o(i.HAL_RCCEx_PeriphCLKConfig)
    HAL_RCC_ClockConfig                      0x08002be9   Thumb Code   282  stm32f7xx_hal_rcc.o(i.HAL_RCC_ClockConfig)
    HAL_RCC_GetPCLK1Freq                     0x08002d15   Thumb Code    20  stm32f7xx_hal_rcc.o(i.HAL_RCC_GetPCLK1Freq)
    HAL_RCC_GetPCLK2Freq                     0x08002d35   Thumb Code    20  stm32f7xx_hal_rcc.o(i.HAL_RCC_GetPCLK2Freq)
    HAL_RCC_GetSysClockFreq                  0x08002d55   Thumb Code    88  stm32f7xx_hal_rcc.o(i.HAL_RCC_GetSysClockFreq)
    HAL_RCC_OscConfig                        0x08002db5   Thumb Code   814  stm32f7xx_hal_rcc.o(i.HAL_RCC_OscConfig)
    HAL_SYSTICK_Config                       0x080030f1   Thumb Code    38  stm32f7xx_hal_cortex.o(i.HAL_SYSTICK_Config)
    HAL_TIMEx_Break2Callback                 0x08003117   Thumb Code     2  stm32f7xx_hal_tim_ex.o(i.HAL_TIMEx_Break2Callback)
    HAL_TIMEx_BreakCallback                  0x08003119   Thumb Code     2  stm32f7xx_hal_tim_ex.o(i.HAL_TIMEx_BreakCallback)
    HAL_TIMEx_CommutCallback                 0x0800311b   Thumb Code     2  stm32f7xx_hal_tim_ex.o(i.HAL_TIMEx_CommutCallback)
    HAL_TIMEx_MasterConfigSynchronization    0x0800311d   Thumb Code    88  stm32f7xx_hal_tim_ex.o(i.HAL_TIMEx_MasterConfigSynchronization)
    HAL_TIM_Base_Init                        0x0800317d   Thumb Code    54  stm32f7xx_hal_tim.o(i.HAL_TIM_Base_Init)
    HAL_TIM_Base_MspInit                     0x080031b5   Thumb Code    72  tim.o(i.HAL_TIM_Base_MspInit)
    HAL_TIM_Base_Start_IT                    0x08003205   Thumb Code    40  stm32f7xx_hal_tim.o(i.HAL_TIM_Base_Start_IT)
    HAL_TIM_ConfigClockSource                0x08003231   Thumb Code   214  stm32f7xx_hal_tim.o(i.HAL_TIM_ConfigClockSource)
    HAL_TIM_IC_CaptureCallback               0x0800330d   Thumb Code     2  stm32f7xx_hal_tim.o(i.HAL_TIM_IC_CaptureCallback)
    HAL_TIM_IRQHandler                       0x0800330f   Thumb Code   386  stm32f7xx_hal_tim.o(i.HAL_TIM_IRQHandler)
    HAL_TIM_MspPostInit                      0x08003491   Thumb Code    68  tim.o(i.HAL_TIM_MspPostInit)
    HAL_TIM_OC_DelayElapsedCallback          0x080034e1   Thumb Code     2  stm32f7xx_hal_tim.o(i.HAL_TIM_OC_DelayElapsedCallback)
    HAL_TIM_PWM_ConfigChannel                0x080034e3   Thumb Code   296  stm32f7xx_hal_tim.o(i.HAL_TIM_PWM_ConfigChannel)
    HAL_TIM_PWM_Init                         0x0800360b   Thumb Code    54  stm32f7xx_hal_tim.o(i.HAL_TIM_PWM_Init)
    HAL_TIM_PWM_MspInit                      0x08003641   Thumb Code     2  stm32f7xx_hal_tim.o(i.HAL_TIM_PWM_MspInit)
    HAL_TIM_PWM_PulseFinishedCallback        0x08003643   Thumb Code     2  stm32f7xx_hal_tim.o(i.HAL_TIM_PWM_PulseFinishedCallback)
    HAL_TIM_PWM_Start                        0x08003645   Thumb Code    64  stm32f7xx_hal_tim.o(i.HAL_TIM_PWM_Start)
    HAL_TIM_PeriodElapsedCallback            0x08003691   Thumb Code    66  tim.o(i.HAL_TIM_PeriodElapsedCallback)
    HAL_TIM_TriggerCallback                  0x080036dd   Thumb Code     2  stm32f7xx_hal_tim.o(i.HAL_TIM_TriggerCallback)
    HAL_UART_ErrorCallback                   0x080036df   Thumb Code     2  stm32f7xx_hal_uart.o(i.HAL_UART_ErrorCallback)
    HAL_UART_IRQHandler                      0x080036e1   Thumb Code   292  stm32f7xx_hal_uart.o(i.HAL_UART_IRQHandler)
    HAL_UART_Init                            0x08003809   Thumb Code   102  stm32f7xx_hal_uart.o(i.HAL_UART_Init)
    HAL_UART_MspInit                         0x08003871   Thumb Code   152  usart.o(i.HAL_UART_MspInit)
    HAL_UART_Receive_IT                      0x0800391d   Thumb Code   164  stm32f7xx_hal_uart.o(i.HAL_UART_Receive_IT)
    HAL_UART_RxCpltCallback                  0x080039c9   Thumb Code   148  usart.o(i.HAL_UART_RxCpltCallback)
    HAL_UART_Transmit_DMA                    0x08003a6d   Thumb Code   134  stm32f7xx_hal_uart.o(i.HAL_UART_Transmit_DMA)
    HAL_UART_TxCpltCallback                  0x08003b01   Thumb Code     2  stm32f7xx_hal_uart.o(i.HAL_UART_TxCpltCallback)
    HAL_UART_TxHalfCpltCallback              0x08003b03   Thumb Code     2  stm32f7xx_hal_uart.o(i.HAL_UART_TxHalfCpltCallback)
    HardFault_Handler                        0x08003b05   Thumb Code     2  stm32f7xx_it.o(i.HardFault_Handler)
    InitADC_Outputs_wrapper                  0x08003c25   Thumb Code    10  initadc_wrapper.o(i.InitADC_Outputs_wrapper)
    InitTimer_Outputs_wrapper                0x08003c39   Thumb Code     6  inittimer_wrapper.o(i.InitTimer_Outputs_wrapper)
    InitUART_Outputs_wrapper                 0x08003c45   Thumb Code    10  inituart_wrapper.o(i.InitUART_Outputs_wrapper)
    MX_ADC1_Init                             0x08003cf1   Thumb Code   264  adc.o(i.MX_ADC1_Init)
    MX_DMA_Init                              0x08003e05   Thumb Code    72  dma.o(i.MX_DMA_Init)
    MX_GFXSIMULATOR_Init                     0x08003e51   Thumb Code     2  gfxsimulator.o(i.MX_GFXSIMULATOR_Init)
    MX_GPIO_Init                             0x08003e55   Thumb Code   258  gpio.o(i.MX_GPIO_Init)
    MX_TIM2_Init                             0x08003f71   Thumb Code    96  tim.o(i.MX_TIM2_Init)
    MX_TIM4_Init                             0x08003fd5   Thumb Code   148  tim.o(i.MX_TIM4_Init)
    MX_USART3_UART_Init                      0x08004071   Thumb Code    52  usart.o(i.MX_USART3_UART_Init)
    MemManage_Handler                        0x080040ad   Thumb Code     2  stm32f7xx_it.o(i.MemManage_Handler)
    NMI_Handler                              0x08004105   Thumb Code     2  stm32f7xx_it.o(i.NMI_Handler)
    PackCanUART_Outputs_wrapper              0x08004107   Thumb Code    58  packcanuart_wrapper.o(i.PackCanUART_Outputs_wrapper)
    PackUARTMsg_Outputs_wrapper              0x08004141   Thumb Code    32  packuartmsg_wrapper.o(i.PackUARTMsg_Outputs_wrapper)
    PendSV_Handler                           0x08004161   Thumb Code     2  stm32f7xx_it.o(i.PendSV_Handler)
    SVC_Handler                              0x08004281   Thumb Code     2  stm32f7xx_it.o(i.SVC_Handler)
    SysTick_Handler                          0x08004283   Thumb Code     4  stm32f7xx_it.o(i.SysTick_Handler)
    SystemClock_Config                       0x08004289   Thumb Code   146  main.o(i.SystemClock_Config)
    SystemInit                               0x08004325   Thumb Code    68  system_stm32f7xx.o(i.SystemInit)
    TIM2_IRQHandler                          0x08004379   Thumb Code     6  stm32f7xx_it.o(i.TIM2_IRQHandler)
    TIM_Base_SetConfig                       0x08004385   Thumb Code   158  stm32f7xx_hal_tim.o(i.TIM_Base_SetConfig)
    TIM_CCxChannelCmd                        0x08004451   Thumb Code    26  stm32f7xx_hal_tim.o(i.TIM_CCxChannelCmd)
    TIM_ETR_SetConfig                        0x0800446b   Thumb Code    18  stm32f7xx_hal_tim.o(i.TIM_ETR_SetConfig)
    TIM_OC2_SetConfig                        0x08004501   Thumb Code   108  stm32f7xx_hal_tim.o(i.TIM_OC2_SetConfig)
    UART_AdvFeatureConfig                    0x08004745   Thumb Code   200  stm32f7xx_hal_uart.o(i.UART_AdvFeatureConfig)
    UART_CheckIdleState                      0x0800480d   Thumb Code    60  stm32f7xx_hal_uart.o(i.UART_CheckIdleState)
    UART_SetConfig                           0x080049c1   Thumb Code   546  stm32f7xx_hal_uart.o(i.UART_SetConfig)
    UART_WaitOnFlagUntilTimeout              0x08004c15   Thumb Code    96  stm32f7xx_hal_uart.o(i.UART_WaitOnFlagUntilTimeout)
    USART3_IRQHandler                        0x08004c75   Thumb Code     6  stm32f7xx_it.o(i.USART3_IRQHandler)
    UnpackCanUART_Outputs_wrapper            0x08004c81   Thumb Code    38  unpackcanuart_wrapper.o(i.UnpackCanUART_Outputs_wrapper)
    UsageFault_Handler                       0x08004ca7   Thumb Code     2  stm32f7xx_it.o(i.UsageFault_Handler)
    __scatterload_copy                       0x08004dff   Thumb Code    14  handlers.o(i.__scatterload_copy)
    __scatterload_null                       0x08004e0d   Thumb Code     2  handlers.o(i.__scatterload_null)
    __scatterload_zeroinit                   0x08004e0f   Thumb Code    14  handlers.o(i.__scatterload_zeroinit)
    load_accParameters_Outputs_wrapper       0x08004f35   Thumb Code    44  load_accparameters_wrapper.o(i.load_accParameters_Outputs_wrapper)
    main                                     0x08004f61   Thumb Code    90  main.o(i.main)
    sendUART_Outputs_wrapper                 0x080050a1   Thumb Code    48  senduart_wrapper.o(i.sendUART_Outputs_wrapper)
    update_ADC_data_Outputs_wrapper          0x080051b1   Thumb Code    20  update_adc_data_wrapper.o(i.update_ADC_data_Outputs_wrapper)
    GCU_Model_genCode_U16GND                 0x080051c4   Data           2  gcu_model_gencode.o(.constdata)
    rtConstP                                 0x080051c6   Data           6  gcu_model_gencode_data.o(.constdata)
    AHBPrescTable                            0x080051d4   Data          16  system_stm32f7xx.o(.constdata)
    APBPrescTable                            0x080051e4   Data           8  system_stm32f7xx.o(.constdata)
    Region$$Table$$Base                      0x080051ec   Number         0  anon$$obj.o(Region$$Table)
    Region$$Table$$Limit                     0x0800520c   Number         0  anon$$obj.o(Region$$Table)
    rtPrevZCX                                0x20000000   Data           2  gcu_model_gencode.o(.data)
    timer2_counter1                          0x20000004   Data           4  tim.o(.data)
    timer2_counter2                          0x20000008   Data           4  tim.o(.data)
    readData                                 0x2000000c   Data           1  usart.o(.data)
    temp                                     0x2000000d   Data           3  usart.o(.data)
    header                                   0x20000010   Data           4  usart.o(.data)
    flag                                     0x20000014   Data           4  usart.o(.data)
    uwTickFreq                               0x20000018   Data           1  stm32f7xx_hal.o(.data)
    uwTickPrio                               0x2000001c   Data           4  stm32f7xx_hal.o(.data)
    uwTick                                   0x20000020   Data           4  stm32f7xx_hal.o(.data)
    SystemCoreClock                          0x20000024   Data           4  system_stm32f7xx.o(.data)
    rtDW                                     0x20000028   Data         616  gcu_model_gencode.o(.bss)
    rtU                                      0x20000290   Data          80  gcu_model_gencode.o(.bss)
    rtY                                      0x200002e0   Data          60  gcu_model_gencode.o(.bss)
    tempMsg                                  0x2000031c   Data          24  main.o(.bss)
    hadc1                                    0x20000334   Data          72  adc.o(.bss)
    hdma_adc1                                0x2000037c   Data          96  adc.o(.bss)
    htim2                                    0x200003dc   Data          64  tim.o(.bss)
    htim4                                    0x2000041c   Data          64  tim.o(.bss)
    rxData                                   0x2000045c   Data          10  usart.o(.bss)
    huart3                                   0x20000468   Data         128  usart.o(.bss)
    hdma_usart3_tx                           0x200004e8   Data          96  usart.o(.bss)
    __initial_sp                             0x20000948   Data           0  startup_stm32f767xx.o(STACK)



==============================================================================

Memory Map of the image

  Image Entry point : 0x080001f9

  Load Region LR_IROM1 (Base: 0x08000000, Size: 0x00005234, Max: 0x00200000, ABSOLUTE)

    Execution Region ER_IROM1 (Exec base: 0x08000000, Load base: 0x08000000, Size: 0x0000520c, Max: 0x00200000, ABSOLUTE)

    Exec Addr    Load Addr    Size         Type   Attr      Idx    E Section Name        Object

    0x08000000   0x08000000   0x000001f8   Data   RO            3    RESET               startup_stm32f767xx.o
    0x080001f8   0x080001f8   0x00000000   Code   RO         4652  * .ARM.Collect$$$$00000000  mc_w.l(entry.o)
    0x080001f8   0x080001f8   0x00000004   Code   RO         4661    .ARM.Collect$$$$00000001  mc_w.l(entry2.o)
    0x080001fc   0x080001fc   0x00000004   Code   RO         4664    .ARM.Collect$$$$00000004  mc_w.l(entry5.o)
    0x08000200   0x08000200   0x00000000   Code   RO         4666    .ARM.Collect$$$$00000008  mc_w.l(entry7b.o)
    0x08000200   0x08000200   0x00000000   Code   RO         4668    .ARM.Collect$$$$0000000A  mc_w.l(entry8b.o)
    0x08000200   0x08000200   0x00000008   Code   RO         4669    .ARM.Collect$$$$0000000B  mc_w.l(entry9a.o)
    0x08000208   0x08000208   0x00000000   Code   RO         4671    .ARM.Collect$$$$0000000D  mc_w.l(entry10a.o)
    0x08000208   0x08000208   0x00000000   Code   RO         4673    .ARM.Collect$$$$0000000F  mc_w.l(entry11a.o)
    0x08000208   0x08000208   0x00000004   Code   RO         4662    .ARM.Collect$$$$00002712  mc_w.l(entry2.o)
    0x0800020c   0x0800020c   0x00000024   Code   RO            4    .text               startup_stm32f767xx.o
    0x08000230   0x08000230   0x00000062   Code   RO         4655    .text               mc_w.l(uldiv.o)
    0x08000292   0x08000292   0x00000024   Code   RO         4657    .text               mc_w.l(memseta.o)
    0x080002b6   0x080002b6   0x0000001e   Code   RO         4659    .text               mc_w.l(strncmp.o)
    0x080002d4   0x080002d4   0x0000001e   Code   RO         4675    .text               mc_w.l(llshl.o)
    0x080002f2   0x080002f2   0x00000020   Code   RO         4677    .text               mc_w.l(llushr.o)
    0x08000312   0x08000312   0x00000002   PAD
    0x08000314   0x08000314   0x00000024   Code   RO         4679    .text               mc_w.l(init.o)
    0x08000338   0x08000338   0x0000011c   Code   RO          700    i.AAC_COM           gcu_model_gencode.o
    0x08000454   0x08000454   0x00000020   Code   RO          701    i.AAC_ExternalValues  gcu_model_gencode.o
    0x08000474   0x08000474   0x000003e8   Code   RO          702    i.ACCELERATION      gcu_model_gencode.o
    0x0800085c   0x0800085c   0x0000006e   Code   RO         1341    i.ADC_DMAConvCplt   stm32f7xx_hal_adc.o
    0x080008ca   0x080008ca   0x00000016   Code   RO         1342    i.ADC_DMAError      stm32f7xx_hal_adc.o
    0x080008e0   0x080008e0   0x0000000a   Code   RO         1343    i.ADC_DMAHalfConvCplt  stm32f7xx_hal_adc.o
    0x080008ea   0x080008ea   0x00000002   PAD
    0x080008ec   0x080008ec   0x0000000c   Code   RO         1211    i.ADC_IRQHandler    stm32f7xx_it.o
    0x080008f8   0x080008f8   0x00000138   Code   RO         1344    i.ADC_Init          stm32f7xx_hal_adc.o
    0x08000a30   0x08000a30   0x00000002   Code   RO         1212    i.BusFault_Handler  stm32f7xx_it.o
    0x08000a32   0x08000a32   0x00000002   PAD
    0x08000a34   0x08000a34   0x00000018   Code   RO           13    i.ClutchMotor_init_Outputs_wrapper  clutchmotor_init_wrapper.o
    0x08000a4c   0x08000a4c   0x00000040   Code   RO          153    i.ClutchMotor_setPosition_Outputs_wrapper  clutchmotor_setposition_wrapper.o
    0x08000a8c   0x08000a8c   0x00000010   Code   RO          175    i.ClutchMotor_setupPWM_Outputs_wrapper  clutchmotor_setuppwm_wrapper.o
    0x08000a9c   0x08000a9c   0x00000024   Code   RO          703    i.Clutch_setValue   gcu_model_gencode.o
    0x08000ac0   0x08000ac0   0x0000000c   Code   RO         1213    i.DMA1_Stream3_IRQHandler  stm32f7xx_it.o
    0x08000acc   0x08000acc   0x0000000c   Code   RO         1214    i.DMA2_Stream0_IRQHandler  stm32f7xx_it.o
    0x08000ad8   0x08000ad8   0x00000028   Code   RO         3473    i.DMA_CalcBaseAndBitshift  stm32f7xx_hal_dma.o
    0x08000b00   0x08000b00   0x00000054   Code   RO         3474    i.DMA_CheckFifoParam  stm32f7xx_hal_dma.o
    0x08000b54   0x08000b54   0x00000028   Code   RO         3475    i.DMA_SetConfig     stm32f7xx_hal_dma.o
    0x08000b7c   0x08000b7c   0x00000002   Code   RO         1215    i.DebugMon_Handler  stm32f7xx_it.o
    0x08000b7e   0x08000b7e   0x00000002   Code   RO          187    i.Efi_init_Outputs_wrapper  efi_init_wrapper.o
    0x08000b80   0x08000b80   0x00000014   Code   RO          218    i.Efi_setCut_Outputs_wrapper  efi_setcut_wrapper.o
    0x08000b94   0x08000b94   0x00000014   Code   RO          242    i.Efi_setRPMLimiter_Outputs_wrapper  efi_setrpmlimiter_wrapper.o
    0x08000ba8   0x08000ba8   0x00000014   Code   RO          278    i.Efi_unsetCut_Outputs_wrapper  efi_unsetcut_wrapper.o
    0x08000bbc   0x08000bbc   0x00000014   Code   RO          302    i.Efi_unsetRPMLimiter_Outputs_wrapper  efi_unsetrpmlimiter_wrapper.o
    0x08000bd0   0x08000bd0   0x00000012   Code   RO          704    i.Efi_unsetRpmLimiter  gcu_model_gencode.o
    0x08000be2   0x08000be2   0x00000012   Code   RO          705    i.EngineControl_Start  gcu_model_gencode.o
    0x08000bf4   0x08000bf4   0x00000006   Code   RO          323    i.EngineControl_start_Outputs_wrapper  enginecontrol_start_wrapper.o
    0x08000bfa   0x08000bfa   0x00000006   Code   RO          335    i.EngineControl_stop_Outputs_wrapper  enginecontrol_stop_wrapper.o
    0x08000c00   0x08000c00   0x00000002   Code   RO          920    i.Error_Handler     main.o
    0x08000c02   0x08000c02   0x00000002   PAD
    0x08000c04   0x08000c04   0x00000044   Code   RO          706    i.GCU_Model_genCode_initialize  gcu_model_gencode.o
    0x08000c48   0x08000c48   0x000001e8   Code   RO          708    i.GCU_Model_genCode_step1  gcu_model_gencode.o
    0x08000e30   0x08000e30   0x0000059e   Code   RO          709    i.GCU_Model_genCode_step2  gcu_model_gencode.o
    0x080013ce   0x080013ce   0x00000002   PAD
    0x080013d0   0x080013d0   0x0000012c   Code   RO          710    i.GCU_Model_genCode_step3  gcu_model_gencode.o
    0x080014fc   0x080014fc   0x00000088   Code   RO          711    i.GCU_Model_genCode_step4  gcu_model_gencode.o
    0x08001584   0x08001584   0x00000280   Code   RO          713    i.GEARSHIFT         gcu_model_gencode.o
    0x08001804   0x08001804   0x00000134   Code   RO          714    i.GEAR_RPM_UPDATE   gcu_model_gencode.o
    0x08001938   0x08001938   0x00000038   Code   RO          350    i.GearMotor_brake_Outputs_wrapper  gearmotor_brake_wrapper.o
    0x08001970   0x08001970   0x0000000a   Code   RO          374    i.GearMotor_init_Outputs_wrapper  gearmotor_init_wrapper.o
    0x0800197a   0x0800197a   0x00000002   PAD
    0x0800197c   0x0800197c   0x00000014   Code   RO          398    i.GearMotor_release_Outputs_wrapper  gearmotor_release_wrapper.o
    0x08001990   0x08001990   0x00000038   Code   RO          422    i.GearMotor_turnLeft_Outputs_wrapper  gearmotor_turnleft_wrapper.o
    0x080019c8   0x080019c8   0x00000038   Code   RO          446    i.GearMotor_turnRight_Outputs_wrapper  gearmotor_turnright_wrapper.o
    0x08001a00   0x08001a00   0x00000026   Code   RO          715    i.Gearmotor_brake   gcu_model_gencode.o
    0x08001a26   0x08001a26   0x00000002   PAD
    0x08001a28   0x08001a28   0x0000001c   Code   RO          716    i.Gearmotor_release  gcu_model_gencode.o
    0x08001a44   0x08001a44   0x00000026   Code   RO          717    i.Gearmotor_turnRight  gcu_model_gencode.o
    0x08001a6a   0x08001a6a   0x00000002   PAD
    0x08001a6c   0x08001a6c   0x00000058   Code   RO          718    i.Gearshift_getTime  gcu_model_gencode.o
    0x08001ac4   0x08001ac4   0x00000002   Code   RO         1515    i.HAL_ADCEx_InjectedConvCpltCallback  stm32f7xx_hal_adc_ex.o
    0x08001ac6   0x08001ac6   0x00000002   PAD
    0x08001ac8   0x08001ac8   0x00000164   Code   RO         1346    i.HAL_ADC_ConfigChannel  stm32f7xx_hal_adc.o
    0x08001c2c   0x08001c2c   0x00000014   Code   RO         1003    i.HAL_ADC_ConvCpltCallback  adc.o
    0x08001c40   0x08001c40   0x00000002   Code   RO         1348    i.HAL_ADC_ConvHalfCpltCallback  stm32f7xx_hal_adc.o
    0x08001c42   0x08001c42   0x00000002   Code   RO         1350    i.HAL_ADC_ErrorCallback  stm32f7xx_hal_adc.o
    0x08001c44   0x08001c44   0x0000013c   Code   RO         1354    i.HAL_ADC_IRQHandler  stm32f7xx_hal_adc.o
    0x08001d80   0x08001d80   0x00000054   Code   RO         1355    i.HAL_ADC_Init      stm32f7xx_hal_adc.o
    0x08001dd4   0x08001dd4   0x00000002   Code   RO         1356    i.HAL_ADC_LevelOutOfWindowCallback  stm32f7xx_hal_adc.o
    0x08001dd6   0x08001dd6   0x00000002   PAD
    0x08001dd8   0x08001dd8   0x000000ec   Code   RO         1005    i.HAL_ADC_MspInit   adc.o
    0x08001ec4   0x08001ec4   0x00000120   Code   RO         1362    i.HAL_ADC_Start_DMA  stm32f7xx_hal_adc.o
    0x08001fe4   0x08001fe4   0x00000024   Code   RO         3477    i.HAL_DMA_Abort_IT  stm32f7xx_hal_dma.o
    0x08002008   0x08002008   0x000001a0   Code   RO         3481    i.HAL_DMA_IRQHandler  stm32f7xx_hal_dma.o
    0x080021a8   0x080021a8   0x000000e4   Code   RO         3482    i.HAL_DMA_Init      stm32f7xx_hal_dma.o
    0x0800228c   0x0800228c   0x0000007a   Code   RO         3486    i.HAL_DMA_Start_IT  stm32f7xx_hal_dma.o
    0x08002306   0x08002306   0x00000002   PAD
    0x08002308   0x08002308   0x00000024   Code   RO         3843    i.HAL_Delay         stm32f7xx_hal.o
    0x0800232c   0x0800232c   0x000001d8   Code   RO         3410    i.HAL_GPIO_Init     stm32f7xx_hal_gpio.o
    0x08002504   0x08002504   0x0000000e   Code   RO         3413    i.HAL_GPIO_TogglePin  stm32f7xx_hal_gpio.o
    0x08002512   0x08002512   0x0000000a   Code   RO         3414    i.HAL_GPIO_WritePin  stm32f7xx_hal_gpio.o
    0x0800251c   0x0800251c   0x0000000c   Code   RO         3853    i.HAL_GetTick       stm32f7xx_hal.o
    0x08002528   0x08002528   0x00000010   Code   RO         3859    i.HAL_IncTick       stm32f7xx_hal.o
    0x08002538   0x08002538   0x00000016   Code   RO         3860    i.HAL_Init          stm32f7xx_hal.o
    0x0800254e   0x0800254e   0x00000002   PAD
    0x08002550   0x08002550   0x00000040   Code   RO         3861    i.HAL_InitTick      stm32f7xx_hal.o
    0x08002590   0x08002590   0x00000030   Code   RO         1317    i.HAL_MspInit       stm32f7xx_hal_msp.o
    0x080025c0   0x080025c0   0x0000001a   Code   RO         1621    i.HAL_NVIC_EnableIRQ  stm32f7xx_hal_cortex.o
    0x080025da   0x080025da   0x00000002   PAD
    0x080025dc   0x080025dc   0x00000040   Code   RO         1627    i.HAL_NVIC_SetPriority  stm32f7xx_hal_cortex.o
    0x0800261c   0x0800261c   0x00000024   Code   RO         1628    i.HAL_NVIC_SetPriorityGrouping  stm32f7xx_hal_cortex.o
    0x08002640   0x08002640   0x0000006c   Code   RO         3750    i.HAL_PWREx_EnableOverDrive  stm32f7xx_hal_pwr_ex.o
    0x080026ac   0x080026ac   0x0000053c   Code   RO         3171    i.HAL_RCCEx_PeriphCLKConfig  stm32f7xx_hal_rcc_ex.o
    0x08002be8   0x08002be8   0x0000012c   Code   RO         3064    i.HAL_RCC_ClockConfig  stm32f7xx_hal_rcc.o
    0x08002d14   0x08002d14   0x00000020   Code   RO         3071    i.HAL_RCC_GetPCLK1Freq  stm32f7xx_hal_rcc.o
    0x08002d34   0x08002d34   0x00000020   Code   RO         3072    i.HAL_RCC_GetPCLK2Freq  stm32f7xx_hal_rcc.o
    0x08002d54   0x08002d54   0x00000060   Code   RO         3073    i.HAL_RCC_GetSysClockFreq  stm32f7xx_hal_rcc.o
    0x08002db4   0x08002db4   0x0000033c   Code   RO         3076    i.HAL_RCC_OscConfig  stm32f7xx_hal_rcc.o
    0x080030f0   0x080030f0   0x00000026   Code   RO         1632    i.HAL_SYSTICK_Config  stm32f7xx_hal_cortex.o
    0x08003116   0x08003116   0x00000002   Code   RO         2438    i.HAL_TIMEx_Break2Callback  stm32f7xx_hal_tim_ex.o
    0x08003118   0x08003118   0x00000002   Code   RO         2439    i.HAL_TIMEx_BreakCallback  stm32f7xx_hal_tim_ex.o
    0x0800311a   0x0800311a   0x00000002   Code   RO         2440    i.HAL_TIMEx_CommutCallback  stm32f7xx_hal_tim_ex.o
    0x0800311c   0x0800311c   0x00000060   Code   RO         2459    i.HAL_TIMEx_MasterConfigSynchronization  stm32f7xx_hal_tim_ex.o
    0x0800317c   0x0800317c   0x00000036   Code   RO         1753    i.HAL_TIM_Base_Init  stm32f7xx_hal_tim.o
    0x080031b2   0x080031b2   0x00000002   PAD
    0x080031b4   0x080031b4   0x00000050   Code   RO         1102    i.HAL_TIM_Base_MspInit  tim.o
    0x08003204   0x08003204   0x0000002c   Code   RO         1758    i.HAL_TIM_Base_Start_IT  stm32f7xx_hal_tim.o
    0x08003230   0x08003230   0x000000dc   Code   RO         1762    i.HAL_TIM_ConfigClockSource  stm32f7xx_hal_tim.o
    0x0800330c   0x0800330c   0x00000002   Code   RO         1782    i.HAL_TIM_IC_CaptureCallback  stm32f7xx_hal_tim.o
    0x0800330e   0x0800330e   0x00000182   Code   RO         1796    i.HAL_TIM_IRQHandler  stm32f7xx_hal_tim.o
    0x08003490   0x08003490   0x00000050   Code   RO         1103    i.HAL_TIM_MspPostInit  tim.o
    0x080034e0   0x080034e0   0x00000002   Code   RO         1799    i.HAL_TIM_OC_DelayElapsedCallback  stm32f7xx_hal_tim.o
    0x080034e2   0x080034e2   0x00000128   Code   RO         1820    i.HAL_TIM_PWM_ConfigChannel  stm32f7xx_hal_tim.o
    0x0800360a   0x0800360a   0x00000036   Code   RO         1823    i.HAL_TIM_PWM_Init  stm32f7xx_hal_tim.o
    0x08003640   0x08003640   0x00000002   Code   RO         1825    i.HAL_TIM_PWM_MspInit  stm32f7xx_hal_tim.o
    0x08003642   0x08003642   0x00000002   Code   RO         1826    i.HAL_TIM_PWM_PulseFinishedCallback  stm32f7xx_hal_tim.o
    0x08003644   0x08003644   0x0000004c   Code   RO         1828    i.HAL_TIM_PWM_Start  stm32f7xx_hal_tim.o
    0x08003690   0x08003690   0x0000004c   Code   RO         1104    i.HAL_TIM_PeriodElapsedCallback  tim.o
    0x080036dc   0x080036dc   0x00000002   Code   RO         1839    i.HAL_TIM_TriggerCallback  stm32f7xx_hal_tim.o
    0x080036de   0x080036de   0x00000002   Code   RO         2729    i.HAL_UART_ErrorCallback  stm32f7xx_hal_uart.o
    0x080036e0   0x080036e0   0x00000128   Code   RO         2732    i.HAL_UART_IRQHandler  stm32f7xx_hal_uart.o
    0x08003808   0x08003808   0x00000066   Code   RO         2733    i.HAL_UART_Init     stm32f7xx_hal_uart.o
    0x0800386e   0x0800386e   0x00000002   PAD
    0x08003870   0x08003870   0x000000ac   Code   RO         1163    i.HAL_UART_MspInit  usart.o
    0x0800391c   0x0800391c   0x000000ac   Code   RO         2738    i.HAL_UART_Receive_IT  stm32f7xx_hal_uart.o
    0x080039c8   0x080039c8   0x000000a4   Code   RO         1164    i.HAL_UART_RxCpltCallback  usart.o
    0x08003a6c   0x08003a6c   0x00000094   Code   RO         2742    i.HAL_UART_Transmit_DMA  stm32f7xx_hal_uart.o
    0x08003b00   0x08003b00   0x00000002   Code   RO         2744    i.HAL_UART_TxCpltCallback  stm32f7xx_hal_uart.o
    0x08003b02   0x08003b02   0x00000002   Code   RO         2745    i.HAL_UART_TxHalfCpltCallback  stm32f7xx_hal_uart.o
    0x08003b04   0x08003b04   0x00000002   Code   RO         1216    i.HardFault_Handler  stm32f7xx_it.o
    0x08003b06   0x08003b06   0x00000002   PAD
    0x08003b08   0x08003b08   0x0000011c   Code   RO          719    i.IDLE              gcu_model_gencode.o
    0x08003c24   0x08003c24   0x00000014   Code   RO          614    i.InitADC_Outputs_wrapper  initadc_wrapper.o
    0x08003c38   0x08003c38   0x0000000c   Code   RO          638    i.InitTimer_Outputs_wrapper  inittimer_wrapper.o
    0x08003c44   0x08003c44   0x00000014   Code   RO          663    i.InitUART_Outputs_wrapper  inituart_wrapper.o
    0x08003c58   0x08003c58   0x00000098   Code   RO          720    i.MODES             gcu_model_gencode.o
    0x08003cf0   0x08003cf0   0x00000114   Code   RO         1006    i.MX_ADC1_Init      adc.o
    0x08003e04   0x08003e04   0x0000004c   Code   RO         1053    i.MX_DMA_Init       dma.o
    0x08003e50   0x08003e50   0x00000002   Code   RO         1077    i.MX_GFXSIMULATOR_Init  gfxsimulator.o
    0x08003e52   0x08003e52   0x00000002   PAD
    0x08003e54   0x08003e54   0x0000011c   Code   RO          979    i.MX_GPIO_Init      gpio.o
    0x08003f70   0x08003f70   0x00000064   Code   RO         1105    i.MX_TIM2_Init      tim.o
    0x08003fd4   0x08003fd4   0x0000009c   Code   RO         1106    i.MX_TIM4_Init      tim.o
    0x08004070   0x08004070   0x0000003c   Code   RO         1165    i.MX_USART3_UART_Init  usart.o
    0x080040ac   0x080040ac   0x00000002   Code   RO         1217    i.MemManage_Handler  stm32f7xx_it.o
    0x080040ae   0x080040ae   0x00000002   PAD
    0x080040b0   0x080040b0   0x00000054   Code   RO          721    i.NEUTRAL_STATE     gcu_model_gencode.o
    0x08004104   0x08004104   0x00000002   Code   RO         1218    i.NMI_Handler       stm32f7xx_it.o
    0x08004106   0x08004106   0x0000003a   Code   RO          467    i.PackCanUART_Outputs_wrapper  packcanuart_wrapper.o
    0x08004140   0x08004140   0x00000020   Code   RO          479    i.PackUARTMsg_Outputs_wrapper  packuartmsg_wrapper.o
    0x08004160   0x08004160   0x00000002   Code   RO         1219    i.PendSV_Handler    stm32f7xx_it.o
    0x08004162   0x08004162   0x00000002   PAD
    0x08004164   0x08004164   0x0000011c   Code   RO          722    i.SET_CLUTCH        gcu_model_gencode.o
    0x08004280   0x08004280   0x00000002   Code   RO         1220    i.SVC_Handler       stm32f7xx_it.o
    0x08004282   0x08004282   0x00000004   Code   RO         1221    i.SysTick_Handler   stm32f7xx_it.o
    0x08004286   0x08004286   0x00000002   PAD
    0x08004288   0x08004288   0x0000009c   Code   RO          921    i.SystemClock_Config  main.o
    0x08004324   0x08004324   0x00000054   Code   RO         4618    i.SystemInit        system_stm32f7xx.o
    0x08004378   0x08004378   0x0000000c   Code   RO         1222    i.TIM2_IRQHandler   stm32f7xx_it.o
    0x08004384   0x08004384   0x000000cc   Code   RO         1841    i.TIM_Base_SetConfig  stm32f7xx_hal_tim.o
    0x08004450   0x08004450   0x0000001a   Code   RO         1842    i.TIM_CCxChannelCmd  stm32f7xx_hal_tim.o
    0x0800446a   0x0800446a   0x00000012   Code   RO         1852    i.TIM_ETR_SetConfig  stm32f7xx_hal_tim.o
    0x0800447c   0x0800447c   0x00000010   Code   RO         1853    i.TIM_ITRx_SetConfig  stm32f7xx_hal_tim.o
    0x0800448c   0x0800448c   0x00000074   Code   RO         1854    i.TIM_OC1_SetConfig  stm32f7xx_hal_tim.o
    0x08004500   0x08004500   0x00000078   Code   RO         1855    i.TIM_OC2_SetConfig  stm32f7xx_hal_tim.o
    0x08004578   0x08004578   0x00000078   Code   RO         1856    i.TIM_OC3_SetConfig  stm32f7xx_hal_tim.o
    0x080045f0   0x080045f0   0x00000058   Code   RO         1857    i.TIM_OC4_SetConfig  stm32f7xx_hal_tim.o
    0x08004648   0x08004648   0x00000058   Code   RO         1858    i.TIM_OC5_SetConfig  stm32f7xx_hal_tim.o
    0x080046a0   0x080046a0   0x00000058   Code   RO         1859    i.TIM_OC6_SetConfig  stm32f7xx_hal_tim.o
    0x080046f8   0x080046f8   0x00000022   Code   RO         1861    i.TIM_TI1_ConfigInputStage  stm32f7xx_hal_tim.o
    0x0800471a   0x0800471a   0x00000024   Code   RO         1863    i.TIM_TI2_ConfigInputStage  stm32f7xx_hal_tim.o
    0x0800473e   0x0800473e   0x00000006   Code   RO          723    i.TractionValue     gcu_model_gencode.o
    0x08004744   0x08004744   0x000000c8   Code   RO         2746    i.UART_AdvFeatureConfig  stm32f7xx_hal_uart.o
    0x0800480c   0x0800480c   0x0000003c   Code   RO         2747    i.UART_CheckIdleState  stm32f7xx_hal_uart.o
    0x08004848   0x08004848   0x00000014   Code   RO         2748    i.UART_DMAAbortOnError  stm32f7xx_hal_uart.o
    0x0800485c   0x0800485c   0x00000046   Code   RO         2749    i.UART_DMAError     stm32f7xx_hal_uart.o
    0x080048a2   0x080048a2   0x0000002e   Code   RO         2754    i.UART_DMATransmitCplt  stm32f7xx_hal_uart.o
    0x080048d0   0x080048d0   0x0000000a   Code   RO         2756    i.UART_DMATxHalfCplt  stm32f7xx_hal_uart.o
    0x080048da   0x080048da   0x00000020   Code   RO         2758    i.UART_EndRxTransfer  stm32f7xx_hal_uart.o
    0x080048fa   0x080048fa   0x00000010   Code   RO         2759    i.UART_EndTxTransfer  stm32f7xx_hal_uart.o
    0x0800490a   0x0800490a   0x0000005a   Code   RO         2760    i.UART_RxISR_16BIT  stm32f7xx_hal_uart.o
    0x08004964   0x08004964   0x0000005a   Code   RO         2761    i.UART_RxISR_8BIT   stm32f7xx_hal_uart.o
    0x080049be   0x080049be   0x00000002   PAD
    0x080049c0   0x080049c0   0x00000254   Code   RO         2762    i.UART_SetConfig    stm32f7xx_hal_uart.o
    0x08004c14   0x08004c14   0x00000060   Code   RO         2765    i.UART_WaitOnFlagUntilTimeout  stm32f7xx_hal_uart.o
    0x08004c74   0x08004c74   0x0000000c   Code   RO         1223    i.USART3_IRQHandler  stm32f7xx_it.o
    0x08004c80   0x08004c80   0x00000026   Code   RO          519    i.UnpackCanUART_Outputs_wrapper  unpackcanuart_wrapper.o
    0x08004ca6   0x08004ca6   0x00000002   Code   RO         1224    i.UsageFault_Handler  stm32f7xx_it.o
    0x08004ca8   0x08004ca8   0x00000134   Code   RO          724    i.WHEEL_SPEED_UPDATE  gcu_model_gencode.o
    0x08004ddc   0x08004ddc   0x00000022   Code   RO         1634    i.__NVIC_SetPriority  stm32f7xx_hal_cortex.o
    0x08004dfe   0x08004dfe   0x0000000e   Code   RO         4683    i.__scatterload_copy  mc_w.l(handlers.o)
    0x08004e0c   0x08004e0c   0x00000002   Code   RO         4684    i.__scatterload_null  mc_w.l(handlers.o)
    0x08004e0e   0x08004e0e   0x0000000e   Code   RO         4685    i.__scatterload_zeroinit  mc_w.l(handlers.o)
    0x08004e1c   0x08004e1c   0x00000050   Code   RO          725    i.aacCheckShift     gcu_model_gencode.o
    0x08004e6c   0x08004e6c   0x00000038   Code   RO          726    i.checkClutch       gcu_model_gencode.o
    0x08004ea4   0x08004ea4   0x00000080   Code   RO          727    i.checkShift        gcu_model_gencode.o
    0x08004f24   0x08004f24   0x00000010   Code   RO          728    i.getAacParam       gcu_model_gencode.o
    0x08004f34   0x08004f34   0x0000002c   Code   RO          685    i.load_accParameters_Outputs_wrapper  load_accparameters_wrapper.o
    0x08004f60   0x08004f60   0x00000060   Code   RO          922    i.main              main.o
    0x08004fc0   0x08004fc0   0x00000028   Code   RO          729    i.sendAacCommand    gcu_model_gencode.o
    0x08004fe8   0x08004fe8   0x0000002c   Code   RO          730    i.sendClutchCommand  gcu_model_gencode.o
    0x08005014   0x08005014   0x00000028   Code   RO          731    i.sendModeCommand   gcu_model_gencode.o
    0x0800503c   0x0800503c   0x00000044   Code   RO          732    i.sendShiftCommand  gcu_model_gencode.o
    0x08005080   0x08005080   0x00000020   Code   RO          733    i.sendStartEngCommand  gcu_model_gencode.o
    0x080050a0   0x080050a0   0x0000003c   Code   RO          494    i.sendUART_Outputs_wrapper  senduart_wrapper.o
    0x080050dc   0x080050dc   0x00000024   Code   RO          734    i.sendUpdatesSW     gcu_model_gencode.o
    0x08005100   0x08005100   0x000000b0   Code   RO          735    i.updateData        gcu_model_gencode.o
    0x080051b0   0x080051b0   0x00000014   Code   RO          555    i.update_ADC_data_Outputs_wrapper  update_adc_data_wrapper.o
    0x080051c4   0x080051c4   0x00000002   Data   RO          737    .constdata          gcu_model_gencode.o
    0x080051c6   0x080051c6   0x00000006   Data   RO          904    .constdata          gcu_model_gencode_data.o
    0x080051cc   0x080051cc   0x00000008   Data   RO         3488    .constdata          stm32f7xx_hal_dma.o
    0x080051d4   0x080051d4   0x00000010   Data   RO         4619    .constdata          system_stm32f7xx.o
    0x080051e4   0x080051e4   0x00000008   Data   RO         4620    .constdata          system_stm32f7xx.o
    0x080051ec   0x080051ec   0x00000020   Data   RO         4681    Region$$Table       anon$$obj.o


    Execution Region RW_IRAM1 (Exec base: 0x20000000, Load base: 0x0800520c, Size: 0x00000948, Max: 0x00080000, ABSOLUTE)

    Exec Addr    Load Addr    Size         Type   Attr      Idx    E Section Name        Object

    0x20000000   0x0800520c   0x00000002   Data   RW          739    .data               gcu_model_gencode.o
    0x20000002   0x0800520e   0x00000002   PAD
    0x20000004   0x08005210   0x00000008   Data   RW         1108    .data               tim.o
    0x2000000c   0x08005218   0x0000000c   Data   RW         1167    .data               usart.o
    0x20000018   0x08005224   0x0000000c   Data   RW         3867    .data               stm32f7xx_hal.o
    0x20000024   0x08005230   0x00000004   Data   RW         4621    .data               system_stm32f7xx.o
    0x20000028        -       0x000002f4   Zero   RW          736    .bss                gcu_model_gencode.o
    0x2000031c        -       0x00000018   Zero   RW          923    .bss                main.o
    0x20000334        -       0x000000a8   Zero   RW         1009    .bss                adc.o
    0x200003dc        -       0x00000080   Zero   RW         1107    .bss                tim.o
    0x2000045c        -       0x000000ec   Zero   RW         1166    .bss                usart.o
    0x20000548        -       0x00000400   Zero   RW            1    STACK               startup_stm32f767xx.o


==============================================================================

Image component sizes


      Code (inc. data)   RO Data    RW Data    ZI Data      Debug   Object Name

       532         48          0          0        168       2803   adc.o
        24          6          0          0          0     879347   clutchmotor_init_wrapper.o
        64          6          0          0          0       1306   clutchmotor_setposition_wrapper.o
        16          0          0          0          0        663   clutchmotor_setuppwm_wrapper.o
        76          4          0          0          0        882   dma.o
         2          0          0          0          0        559   efi_init_wrapper.o
        20          6          0          0          0       1009   efi_setcut_wrapper.o
        20          6          0          0          0       1056   efi_setrpmlimiter_wrapper.o
        20          4          0          0          0       1019   efi_unsetcut_wrapper.o
        20          4          0          0          0       1066   efi_unsetrpmlimiter_wrapper.o
         6          0          0          0          0       1094   enginecontrol_start_wrapper.o
         6          0          0          0          0       1089   enginecontrol_stop_wrapper.o
      6792        254          2          2        756      38609   gcu_model_gencode.o
         0          0          6          0          0       7255   gcu_model_gencode_data.o
        56          8          0          0          0       1182   gearmotor_brake_wrapper.o
        10          0          0          0          0        633   gearmotor_init_wrapper.o
        20          4          0          0          0       1056   gearmotor_release_wrapper.o
        56          8          0          0          0       1197   gearmotor_turnleft_wrapper.o
        56          8          0          0          0       1206   gearmotor_turnright_wrapper.o
         2          0          0          0          0        503   gfxsimulator.o
       284         26          0          0          0       1159   gpio.o
        20         10          0          0          0        562   initadc_wrapper.o
        12          6          0          0          0        568   inittimer_wrapper.o
        20         10          0          0          0        563   inituart_wrapper.o
        44          0          0          0          0       1129   load_accparameters_wrapper.o
       254         16          0          0         24       2716   main.o
        58          0          0          0          0       1314   packcanuart_wrapper.o
        32          0          0          0          0       1154   packuartmsg_wrapper.o
        60         12          0          0          0       1316   senduart_wrapper.o
        36          8        504          0       1024        880   startup_stm32f767xx.o
       150         24          0         12          0       9541   stm32f7xx_hal.o
      1504         60          0          0          0       8806   stm32f7xx_hal_adc.o
         2          0          0          0          0       1065   stm32f7xx_hal_adc_ex.o
       198         12          0          0          0      39251   stm32f7xx_hal_cortex.o
       966         16          8          0          0       6854   stm32f7xx_hal_dma.o
       496         54          0          0          0       3369   stm32f7xx_hal_gpio.o
        48          6          0          0          0        910   stm32f7xx_hal_msp.o
       108          8          0          0          0       1356   stm32f7xx_hal_pwr_ex.o
      1288         64          0          0          0       5372   stm32f7xx_hal_rcc.o
      1340         22          0          0          0       2412   stm32f7xx_hal_rcc_ex.o
      2094        146          0          0          0      19238   stm32f7xx_hal_tim.o
       102          8          0          0          0       3276   stm32f7xx_hal_tim_ex.o
      2050         96          0          0          0      15614   stm32f7xx_hal_uart.o
        80         30          0          0          0       7017   stm32f7xx_it.o
        84         16         24          4          0       1359   system_stm32f7xx.o
       492         42          0          8        128       4097   tim.o
        38          0          0          0          0       1376   unpackcanuart_wrapper.o
        20          0          0          0          0       1766   update_adc_data_wrapper.o
       396         44          0         12        236       2940   usart.o

    ----------------------------------------------------------------------
     20114       1102        576         40       2336    1090514   Object Totals
         0          0         32          0          0          0   (incl. Generated)
        40          0          0          2          0          0   (incl. Padding)

    ----------------------------------------------------------------------

      Code (inc. data)   RO Data    RW Data    ZI Data      Debug   Library Member Name

         0          0          0          0          0          0   entry.o
         0          0          0          0          0          0   entry10a.o
         0          0          0          0          0          0   entry11a.o
         8          4          0          0          0          0   entry2.o
         4          0          0          0          0          0   entry5.o
         0          0          0          0          0          0   entry7b.o
         0          0          0          0          0          0   entry8b.o
         8          4          0          0          0          0   entry9a.o
        30          0          0          0          0          0   handlers.o
        36          8          0          0          0         68   init.o
        30          0          0          0          0         68   llshl.o
        32          0          0          0          0         68   llushr.o
        36          0          0          0          0        108   memseta.o
        30          0          0          0          0         80   strncmp.o
        98          0          0          0          0         92   uldiv.o

    ----------------------------------------------------------------------
       314         16          0          0          0        484   Library Totals
         2          0          0          0          0          0   (incl. Padding)

    ----------------------------------------------------------------------

      Code (inc. data)   RO Data    RW Data    ZI Data      Debug   Library Name

       312         16          0          0          0        484   mc_w.l

    ----------------------------------------------------------------------
       314         16          0          0          0        484   Library Totals

    ----------------------------------------------------------------------

==============================================================================


      Code (inc. data)   RO Data    RW Data    ZI Data      Debug   

     20428       1118        576         40       2336    1074046   Grand Totals
     20428       1118        576         40       2336    1074046   ELF Image Totals
     20428       1118        576         40          0          0   ROM Totals

==============================================================================

    Total RO  Size (Code + RO Data)                21004 (  20.51kB)
    Total RW  Size (RW Data + ZI Data)              2376 (   2.32kB)
    Total ROM Size (Code + RO Data + RW Data)      21044 (  20.55kB)

==============================================================================

