<html>
<body>
<pre>
<h1>µVision Build Log</h1>
<h2>Tool Versions:</h2>
IDE-Version: µVision V5.24.2.0
Copyright (C) 2017 ARM Ltd and ARM Germany GmbH. All rights reserved.
License Information: a a, a, LIC=Z3CQD-80GBY-CZWWV-PJYUK-ZDPAE-4LKH8
 
Tool Versions:
Toolchain:       MDK-ARM Professional  Version: 5.24.1
Toolchain Path:  C:\Keil_v5\ARM\ARMCC\Bin
C Compiler:      Armcc.exe V5.06 update 5 (build 528)
Assembler:       Armasm.exe V5.06 update 5 (build 528)
Linker/Locator:  ArmLink.exe V5.06 update 5 (build 528)
Library Manager: ArmAr.exe V5.06 update 5 (build 528)
Hex Converter:   FromElf.exe V5.06 update 5 (build 528)
CPU DLL:         SARMCM3.DLL V5.24.1
Dialog DLL:      DCM.DLL V1.16.0.0
Target DLL:      STLink\ST-LINKIII-KEIL_SWO.dll V3.0.1.0
Dialog DLL:      TCM.DLL V1.32.0.0
 
<h2>Project:</h2>
C:\Users\SIMONE\Documents\Programmi per GCU\git\Nucleo-Debug-Keil\GCU_Model_debug\MDK-ARM\GCU_Model_debug.uvprojx
Project File Date:  05/28/2019

<h2>Output:</h2>
*** Using Compiler 'V5.06 update 5 (build 528)', folder: 'C:\Keil_v5\ARM\ARMCC\Bin'
Build target 'GCU_Model_debug'
compiling GCU_Model_genCode.c...
../Inc/timings.h(76): warning:  #1-D: last line of file ends without a newline
     
..\Src\GCU_Model_genCode.c: 1 warning, 0 errors
compiling GCU_Model_genCode_data.c...
../Inc/timings.h(76): warning:  #1-D: last line of file ends without a newline
     
..\Src\GCU_Model_genCode_data.c: 1 warning, 0 errors
compiling InitADC_wrapper.c...
../Inc/timings.h(76): warning:  #1-D: last line of file ends without a newline
     
..\Src\S-Function_Wrappers\InitADC_wrapper.c: 1 warning, 0 errors
compiling ScanADC_wrapper.c...
../Inc/timings.h(76): warning:  #1-D: last line of file ends without a newline
     
..\Src\S-Function_Wrappers\ScanADC_wrapper.c: 1 warning, 0 errors
compiling main.c...
../Inc/timings.h(76): warning:  #1-D: last line of file ends without a newline
     
../Src/main.c: 1 warning, 0 errors
compiling adc.c...
../Inc/timings.h(76): warning:  #1-D: last line of file ends without a newline
     
../Src/adc.c: 1 warning, 0 errors
compiling can.c...
../Inc/timings.h(76): warning:  #1-D: last line of file ends without a newline
     
../Src/can.c(34): warning:  #177-D: variable "CAN_Received_1_Message_Header"  was declared but never referenced
  static CAN_RxHeaderTypeDef CAN_Received_1_Message_Header;
../Src/can.c(36): warning:  #177-D: variable "CAN_Received_1_Message_Data"  was declared but never referenced
  static uint8_t CAN_Received_1_Message_Data[8];
../Src/can.c: 3 warnings, 0 errors
compiling tim.c...
../Inc/timings.h(76): warning:  #1-D: last line of file ends without a newline
     
../Src/tim.c: 1 warning, 0 errors
compiling usart.c...
../Inc/timings.h(76): warning:  #1-D: last line of file ends without a newline
     
../Src/usart.c: 1 warning, 0 errors
linking...
Program Size: Code=31136 RO-data=604 RW-data=76 ZI-data=5316  
FromELF: creating hex file...
"GCU_Model_debug\GCU_Model_debug.axf" - 0 Error(s), 11 Warning(s).

<h2>Software Packages used:</h2>

Package Vendor: ARM
                http://www.keil.com/pack/ARM.CMSIS.5.2.0.pack
                ARM.CMSIS.5.2.0
                CMSIS (Cortex Microcontroller Software Interface Standard)
   * Component: CORE Version: 5.0.2

Package Vendor: Keil
                http://www.keil.com/pack/Keil.STM32F7xx_DFP.2.11.0.pack
                Keil.STM32F7xx_DFP.2.11.0
                STMicroelectronics STM32F7 Series Device Support, Drivers and Examples

<h2>Collection of Component include folders:</h2>
  .\RTE\_GCU_Model_debug
  C:\Keil_v5\ARM\PACK\ARM\CMSIS\5.2.0\CMSIS\Include
  C:\Keil_v5\ARM\PACK\Keil\STM32F7xx_DFP\2.11.0\Drivers\CMSIS\Device\ST\STM32F7xx\Include

<h2>Collection of Component Files used:</h2>

   * Component: ARM::CMSIS:CORE:5.0.2
Build Time Elapsed:  00:00:40
</pre>
</body>
</html>
