<html>
<body>
<pre>
<h1>µVision Build Log</h1>
<h2>Tool Versions:</h2>
IDE-Version: µVision V5.24.2.0
Copyright (C) 2017 ARM Ltd and ARM Germany GmbH. All rights reserved.
License Information: a a, a, LIC=Z3CQD-80GBY-CZWWV-PJYUK-ZDPAE-4LKH8
 
Tool Versions:
Toolchain:       MDK-ARM Professional  Version: 5.24.1
Toolchain Path:  C:\Keil_v5\ARM\ARMCC\Bin
C Compiler:      Armcc.exe V5.06 update 5 (build 528)
Assembler:       Armasm.exe V5.06 update 5 (build 528)
Linker/Locator:  ArmLink.exe V5.06 update 5 (build 528)
Library Manager: ArmAr.exe V5.06 update 5 (build 528)
Hex Converter:   FromElf.exe V5.06 update 5 (build 528)
CPU DLL:         SARMCM3.DLL V5.24.1
Dialog DLL:      DCM.DLL V1.16.0.0
Target DLL:      STLink\ST-LINKIII-KEIL_SWO.dll V3.0.1.0
Dialog DLL:      TCM.DLL V1.32.0.0
 
<h2>Project:</h2>
C:\Users\SIMONE\Documents\Programmi per GCU\git\Nucleo-Debug-Keil\GCU_Model_debug\MDK-ARM\GCU_Model_debug.uvprojx
Project File Date:  04/19/2019

<h2>Output:</h2>
*** Using Compiler 'V5.06 update 5 (build 528)', folder: 'C:\Keil_v5\ARM\ARMCC\Bin'
Build target 'GCU_Model_debug'
compiling ClutchMotor_setupPWM_wrapper.c...
..\Src\S-Function_Wrappers\ClutchMotor_setupPWM_wrapper.c(36): warning:  #223-D: function "ClutchMotor_setPosition_Outputs_wrapper" declared implicitly
  ClutchMotor_setPosition_Outputs_wrapper(&percentage);
..\Src\S-Function_Wrappers\ClutchMotor_setupPWM_wrapper.c: 1 warning, 0 errors
compiling Efi_init_wrapper.c...
compiling Efi_setBlip_wrapper.c...
compiling Efi_setCut_wrapper.c...
compiling Efi_setRPMLimiter_wrapper.c...
compiling Efi_unsetBlip_wrapper.c...
compiling Efi_unsetCut_wrapper.c...
compiling Efi_unsetRPMLimiter_wrapper.c...
compiling EngineControl_start_wrapper.c...
compiling EngineControl_stop_wrapper.c...
compiling ClutchMotor_setPosition_wrapper.c...
compiling ClutchMotor_init_wrapper.c...
..\Src\S-Function_Wrappers\ClutchMotor_init_wrapper.c(39): warning:  #223-D: function "ClutchMotor_setupPWM_Outputs_wrapper" declared implicitly
  ClutchMotor_setupPWM_Outputs_wrapper();
..\Src\S-Function_Wrappers\ClutchMotor_init_wrapper.c: 1 warning, 0 errors
compiling GearMotor_brake_wrapper.c...
compiling GearMotor_init_wrapper.c...
compiling GearMotor_release_wrapper.c...
compiling PackCanUART_wrapper.c...
compiling PackUARTMsg_wrapper.c...
compiling GearMotor_turnLeft_wrapper.c...
compiling GearMotor_turnRight_wrapper.c...
compiling UnpackUARTMsg_wrapper.c...
compiling sendUART_wrapper.c...
..\Src\S-Function_Wrappers\sendUART_wrapper.c(46): warning:  #177-D: variable "terminator"  was declared but never referenced
  	uint8_t header[3] = "hdr", terminator[2] = "\r";
..\Src\S-Function_Wrappers\sendUART_wrapper.c: 1 warning, 0 errors
compiling UnpackCanUART_wrapper.c...
compiling GCU_Model_genCode_data.c...
compiling GCU_Model_genCode.c...
compiling update_ADC_data_wrapper.c...
compiling main.c...
compiling adc.c...
compiling tim.c...
compiling usart.c...
linking...
Program Size: Code=20804 RO-data=576 RW-data=40 ZI-data=2240  
FromELF: creating hex file...
"GCU_Model_debug\GCU_Model_debug.axf" - 0 Error(s), 3 Warning(s).

<h2>Software Packages used:</h2>

Package Vendor: ARM
                http://www.keil.com/pack/ARM.CMSIS.5.2.0.pack
                ARM.CMSIS.5.2.0
                CMSIS (Cortex Microcontroller Software Interface Standard)
   * Component: CORE Version: 5.0.2

Package Vendor: Keil
                http://www.keil.com/pack/Keil.STM32F7xx_DFP.2.11.0.pack
                Keil.STM32F7xx_DFP.2.11.0
                STMicroelectronics STM32F7 Series Device Support, Drivers and Examples

<h2>Collection of Component include folders:</h2>
  .\RTE\_GCU_Model_debug
  C:\Keil_v5\ARM\PACK\ARM\CMSIS\5.2.0\CMSIS\Include
  C:\Keil_v5\ARM\PACK\Keil\STM32F7xx_DFP\2.11.0\Drivers\CMSIS\Device\ST\STM32F7xx\Include

<h2>Collection of Component Files used:</h2>

   * Component: ARM::CMSIS:CORE:5.0.2
Build Time Elapsed:  00:01:07
</pre>
</body>
</html>
